###############################################################################
#
# IAR ELF Linker V7.70.1.11437/W32 for ARM                21/Feb/2018  12:27:13
# Copyright 2007-2016 IAR Systems AB.
#
#    Output file  =  
#        C:\Users\Gianluca\mbedCLIdev\gian-beacon\BUILD\Exe\name.out
#    Map file     =  
#        C:\Users\Gianluca\mbedCLIdev\gian-beacon\BUILD\List\name.map
#    Command line =  
#        C:\Users\Gianluca\mbedCLIdev\gian-beacon\BUILD\Obj\aes.o
#        C:\Users\Gianluca\mbedCLIdev\gian-beacon\BUILD\Obj\aesni.o
#        C:\Users\Gianluca\mbedCLIdev\gian-beacon\BUILD\Obj\AnalogIn.o
#        C:\Users\Gianluca\mbedCLIdev\gian-beacon\BUILD\Obj\arc4.o
#        C:\Users\Gianluca\mbedCLIdev\gian-beacon\BUILD\Obj\asn1parse.o
#        C:\Users\Gianluca\mbedCLIdev\gian-beacon\BUILD\Obj\asn1write.o
#        C:\Users\Gianluca\mbedCLIdev\gian-beacon\BUILD\Obj\ATCmdParser.o
#        C:\Users\Gianluca\mbedCLIdev\gian-beacon\BUILD\Obj\base64.o
#        C:\Users\Gianluca\mbedCLIdev\gian-beacon\BUILD\Obj\Beacon.o
#        C:\Users\Gianluca\mbedCLIdev\gian-beacon\BUILD\Obj\bignum.o
#        C:\Users\Gianluca\mbedCLIdev\gian-beacon\BUILD\Obj\blowfish.o
#        C:\Users\Gianluca\mbedCLIdev\gian-beacon\BUILD\Obj\BlueNRG1_adc.o
#        C:\Users\Gianluca\mbedCLIdev\gian-beacon\BUILD\Obj\BlueNRG1_dma.o
#        C:\Users\Gianluca\mbedCLIdev\gian-beacon\BUILD\Obj\BlueNRG1_flash.o
#        C:\Users\Gianluca\mbedCLIdev\gian-beacon\BUILD\Obj\BlueNRG1_gpio.o
#        C:\Users\Gianluca\mbedCLIdev\gian-beacon\BUILD\Obj\BlueNRG1_i2c.o
#        C:\Users\Gianluca\mbedCLIdev\gian-beacon\BUILD\Obj\BlueNRG1_it.o
#        C:\Users\Gianluca\mbedCLIdev\gian-beacon\BUILD\Obj\BlueNRG1_mft.o
#        C:\Users\Gianluca\mbedCLIdev\gian-beacon\BUILD\Obj\BlueNRG1_pka.o
#        C:\Users\Gianluca\mbedCLIdev\gian-beacon\BUILD\Obj\BlueNRG1_rng.o
#        C:\Users\Gianluca\mbedCLIdev\gian-beacon\BUILD\Obj\BlueNRG1_rtc.o
#        C:\Users\Gianluca\mbedCLIdev\gian-beacon\BUILD\Obj\BlueNRG1_sleep.o
#        C:\Users\Gianluca\mbedCLIdev\gian-beacon\BUILD\Obj\BlueNRG1_spi.o
#        C:\Users\Gianluca\mbedCLIdev\gian-beacon\BUILD\Obj\BlueNRG1_sysCtrl.o
#        C:\Users\Gianluca\mbedCLIdev\gian-beacon\BUILD\Obj\BlueNRG1_uart.o
#        C:\Users\Gianluca\mbedCLIdev\gian-beacon\BUILD\Obj\BlueNRG1_wdg.o
#        C:\Users\Gianluca\mbedCLIdev\gian-beacon\BUILD\Obj\BusIn.o
#        C:\Users\Gianluca\mbedCLIdev\gian-beacon\BUILD\Obj\BusInOut.o
#        C:\Users\Gianluca\mbedCLIdev\gian-beacon\BUILD\Obj\BusOut.o
#        C:\Users\Gianluca\mbedCLIdev\gian-beacon\BUILD\Obj\CallChain.o
#        C:\Users\Gianluca\mbedCLIdev\gian-beacon\BUILD\Obj\camellia.o
#        C:\Users\Gianluca\mbedCLIdev\gian-beacon\BUILD\Obj\CAN.o
#        C:\Users\Gianluca\mbedCLIdev\gian-beacon\BUILD\Obj\ccm.o
#        C:\Users\Gianluca\mbedCLIdev\gian-beacon\BUILD\Obj\ccsbcs.o
#        C:\Users\Gianluca\mbedCLIdev\gian-beacon\BUILD\Obj\certs.o
#        C:\Users\Gianluca\mbedCLIdev\gian-beacon\BUILD\Obj\ChainingBlockDevice.o
#        C:\Users\Gianluca\mbedCLIdev\gian-beacon\BUILD\Obj\cipher.o
#        C:\Users\Gianluca\mbedCLIdev\gian-beacon\BUILD\Obj\cipher_wrap.o
#        C:\Users\Gianluca\mbedCLIdev\gian-beacon\BUILD\Obj\clock.o
#        C:\Users\Gianluca\mbedCLIdev\gian-beacon\BUILD\Obj\cmac.o
#        C:\Users\Gianluca\mbedCLIdev\gian-beacon\BUILD\Obj\cmain.o
#        C:\Users\Gianluca\mbedCLIdev\gian-beacon\BUILD\Obj\cmsis_nvic.o
#        C:\Users\Gianluca\mbedCLIdev\gian-beacon\BUILD\Obj\context_switch.o
#        C:\Users\Gianluca\mbedCLIdev\gian-beacon\BUILD\Obj\ctr_drbg.o
#        C:\Users\Gianluca\mbedCLIdev\gian-beacon\BUILD\Obj\debug.o
#        C:\Users\Gianluca\mbedCLIdev\gian-beacon\BUILD\Obj\des.o
#        C:\Users\Gianluca\mbedCLIdev\gian-beacon\BUILD\Obj\dhm.o
#        C:\Users\Gianluca\mbedCLIdev\gian-beacon\BUILD\Obj\Dir.o
#        C:\Users\Gianluca\mbedCLIdev\gian-beacon\BUILD\Obj\ecdh.o
#        C:\Users\Gianluca\mbedCLIdev\gian-beacon\BUILD\Obj\ecdsa.o
#        C:\Users\Gianluca\mbedCLIdev\gian-beacon\BUILD\Obj\ecjpake.o
#        C:\Users\Gianluca\mbedCLIdev\gian-beacon\BUILD\Obj\ecp.o
#        C:\Users\Gianluca\mbedCLIdev\gian-beacon\BUILD\Obj\ecp_curves.o
#        C:\Users\Gianluca\mbedCLIdev\gian-beacon\BUILD\Obj\entropy.o
#        C:\Users\Gianluca\mbedCLIdev\gian-beacon\BUILD\Obj\entropy_poll.o
#        C:\Users\Gianluca\mbedCLIdev\gian-beacon\BUILD\Obj\error.o
#        C:\Users\Gianluca\mbedCLIdev\gian-beacon\BUILD\Obj\Ethernet.o
#        C:\Users\Gianluca\mbedCLIdev\gian-beacon\BUILD\Obj\FATFileSystem.o
#        C:\Users\Gianluca\mbedCLIdev\gian-beacon\BUILD\Obj\ff.o
#        C:\Users\Gianluca\mbedCLIdev\gian-beacon\BUILD\Obj\File.o
#        C:\Users\Gianluca\mbedCLIdev\gian-beacon\BUILD\Obj\FileBase.o
#        C:\Users\Gianluca\mbedCLIdev\gian-beacon\BUILD\Obj\FileHandle.o
#        C:\Users\Gianluca\mbedCLIdev\gian-beacon\BUILD\Obj\FilePath.o
#        C:\Users\Gianluca\mbedCLIdev\gian-beacon\BUILD\Obj\FileSystem.o
#        C:\Users\Gianluca\mbedCLIdev\gian-beacon\BUILD\Obj\FileSystemHandle.o
#        C:\Users\Gianluca\mbedCLIdev\gian-beacon\BUILD\Obj\FlashIAP.o
#        C:\Users\Gianluca\mbedCLIdev\gian-beacon\BUILD\Obj\gcm.o
#        C:\Users\Gianluca\mbedCLIdev\gian-beacon\BUILD\Obj\gp_timer.o
#        C:\Users\Gianluca\mbedCLIdev\gian-beacon\BUILD\Obj\gpio_api.o
#        C:\Users\Gianluca\mbedCLIdev\gian-beacon\BUILD\Obj\havege.o
#        C:\Users\Gianluca\mbedCLIdev\gian-beacon\BUILD\Obj\HeapBlockDevice.o
#        C:\Users\Gianluca\mbedCLIdev\gian-beacon\BUILD\Obj\hmac_drbg.o
#        C:\Users\Gianluca\mbedCLIdev\gian-beacon\BUILD\Obj\I2C.o
#        C:\Users\Gianluca\mbedCLIdev\gian-beacon\BUILD\Obj\I2CSlave.o
#        C:\Users\Gianluca\mbedCLIdev\gian-beacon\BUILD\Obj\InterruptIn.o
#        C:\Users\Gianluca\mbedCLIdev\gian-beacon\BUILD\Obj\InterruptManager.o
#        C:\Users\Gianluca\mbedCLIdev\gian-beacon\Bluetooth_LE\library\libbluenrg1_stack.a
#        C:\Users\Gianluca\mbedCLIdev\gian-beacon\Bluetooth_LE\Profile_Framework_Central\library\libmaster_library_bluenrg1.a
#        C:\Users\Gianluca\mbedCLIdev\gian-beacon\BUILD\Obj\LocalFileSystem.o
#        C:\Users\Gianluca\mbedCLIdev\gian-beacon\BUILD\Obj\main.o
#        C:\Users\Gianluca\mbedCLIdev\gian-beacon\BUILD\Obj\master_events_CB.o
#        C:\Users\Gianluca\mbedCLIdev\gian-beacon\BUILD\Obj\mbed_alloc_wrappers.o
#        C:\Users\Gianluca\mbedCLIdev\gian-beacon\BUILD\Obj\mbed_application.o
#        C:\Users\Gianluca\mbedCLIdev\gian-beacon\BUILD\Obj\mbed_assert.o
#        C:\Users\Gianluca\mbedCLIdev\gian-beacon\BUILD\Obj\mbed_board.o
#        C:\Users\Gianluca\mbedCLIdev\gian-beacon\BUILD\Obj\mbed_critical.o
#        C:\Users\Gianluca\mbedCLIdev\gian-beacon\BUILD\Obj\mbed_error.o
#        C:\Users\Gianluca\mbedCLIdev\gian-beacon\BUILD\Obj\mbed_flash_api.o
#        C:\Users\Gianluca\mbedCLIdev\gian-beacon\BUILD\Obj\mbed_gpio.o
#        C:\Users\Gianluca\mbedCLIdev\gian-beacon\BUILD\Obj\mbed_interface.o
#        C:\Users\Gianluca\mbedCLIdev\gian-beacon\BUILD\Obj\mbed_lp_ticker_api.o
#        C:\Users\Gianluca\mbedCLIdev\gian-beacon\BUILD\Obj\mbed_mem_trace.o
#        C:\Users\Gianluca\mbedCLIdev\gian-beacon\BUILD\Obj\mbed_mktime.o
#        C:\Users\Gianluca\mbedCLIdev\gian-beacon\BUILD\Obj\mbed_overrides.o
#        C:\Users\Gianluca\mbedCLIdev\gian-beacon\BUILD\Obj\mbed_pinmap_common.o
#        C:\Users\Gianluca\mbedCLIdev\gian-beacon\BUILD\Obj\mbed_poll.o
#        C:\Users\Gianluca\mbedCLIdev\gian-beacon\BUILD\Obj\mbed_retarget.o
#        C:\Users\Gianluca\mbedCLIdev\gian-beacon\BUILD\Obj\mbed_rtc_time.o
#        C:\Users\Gianluca\mbedCLIdev\gian-beacon\BUILD\Obj\mbed_sdk_boot.o
#        C:\Users\Gianluca\mbedCLIdev\gian-beacon\BUILD\Obj\mbed_semihost_api.o
#        C:\Users\Gianluca\mbedCLIdev\gian-beacon\BUILD\Obj\mbed_sleep_manager.o
#        C:\Users\Gianluca\mbedCLIdev\gian-beacon\BUILD\Obj\mbed_stats.o
#        C:\Users\Gianluca\mbedCLIdev\gian-beacon\BUILD\Obj\mbed_ticker_api.o
#        C:\Users\Gianluca\mbedCLIdev\gian-beacon\BUILD\Obj\mbed_trng.o
#        C:\Users\Gianluca\mbedCLIdev\gian-beacon\BUILD\Obj\mbed_us_ticker_api.o
#        C:\Users\Gianluca\mbedCLIdev\gian-beacon\BUILD\Obj\mbed_wait_api_no_rtos.o
#        C:\Users\Gianluca\mbedCLIdev\gian-beacon\BUILD\Obj\mbed_wait_api_rtos.o
#        C:\Users\Gianluca\mbedCLIdev\gian-beacon\BUILD\Obj\MBRBlockDevice.o
#        C:\Users\Gianluca\mbedCLIdev\gian-beacon\BUILD\Obj\md.o
#        C:\Users\Gianluca\mbedCLIdev\gian-beacon\BUILD\Obj\md2.o
#        C:\Users\Gianluca\mbedCLIdev\gian-beacon\BUILD\Obj\md4.o
#        C:\Users\Gianluca\mbedCLIdev\gian-beacon\BUILD\Obj\md5.o
#        C:\Users\Gianluca\mbedCLIdev\gian-beacon\BUILD\Obj\md_wrap.o
#        C:\Users\Gianluca\mbedCLIdev\gian-beacon\BUILD\Obj\memory_buffer_alloc.o
#        C:\Users\Gianluca\mbedCLIdev\gian-beacon\BUILD\Obj\misc.o
#        C:\Users\Gianluca\mbedCLIdev\gian-beacon\BUILD\Obj\net_sockets.o
#        C:\Users\Gianluca\mbedCLIdev\gian-beacon\BUILD\Obj\oid.o
#        C:\Users\Gianluca\mbedCLIdev\gian-beacon\BUILD\Obj\osal.o
#        C:\Users\Gianluca\mbedCLIdev\gian-beacon\BUILD\Obj\padlock.o
#        C:\Users\Gianluca\mbedCLIdev\gian-beacon\BUILD\Obj\pem.o
#        C:\Users\Gianluca\mbedCLIdev\gian-beacon\BUILD\Obj\pin_device.o
#        C:\Users\Gianluca\mbedCLIdev\gian-beacon\BUILD\Obj\pinmap.o
#        C:\Users\Gianluca\mbedCLIdev\gian-beacon\BUILD\Obj\pk.o
#        C:\Users\Gianluca\mbedCLIdev\gian-beacon\BUILD\Obj\pk_wrap.o
#        C:\Users\Gianluca\mbedCLIdev\gian-beacon\BUILD\Obj\pkcs11.o
#        C:\Users\Gianluca\mbedCLIdev\gian-beacon\BUILD\Obj\pkcs12.o
#        C:\Users\Gianluca\mbedCLIdev\gian-beacon\BUILD\Obj\pkcs5.o
#        C:\Users\Gianluca\mbedCLIdev\gian-beacon\BUILD\Obj\pkparse.o
#        C:\Users\Gianluca\mbedCLIdev\gian-beacon\BUILD\Obj\pkwrite.o
#        C:\Users\Gianluca\mbedCLIdev\gian-beacon\BUILD\Obj\platform.o
#        C:\Users\Gianluca\mbedCLIdev\gian-beacon\BUILD\Obj\ProfilingBlockDevice.o
#        C:\Users\Gianluca\mbedCLIdev\gian-beacon\BUILD\Obj\RawSerial.o
#        C:\Users\Gianluca\mbedCLIdev\gian-beacon\BUILD\Obj\ripemd160.o
#        C:\Users\Gianluca\mbedCLIdev\gian-beacon\BUILD\Obj\rsa.o
#        C:\Users\Gianluca\mbedCLIdev\gian-beacon\BUILD\Obj\Serial.o
#        C:\Users\Gianluca\mbedCLIdev\gian-beacon\BUILD\Obj\serial_api.o
#        C:\Users\Gianluca\mbedCLIdev\gian-beacon\BUILD\Obj\SerialBase.o
#        C:\Users\Gianluca\mbedCLIdev\gian-beacon\BUILD\Obj\sha1.o
#        C:\Users\Gianluca\mbedCLIdev\gian-beacon\BUILD\Obj\sha256.o
#        C:\Users\Gianluca\mbedCLIdev\gian-beacon\BUILD\Obj\sha512.o
#        C:\Users\Gianluca\mbedCLIdev\gian-beacon\BUILD\Obj\SlicingBlockDevice.o
#        C:\Users\Gianluca\mbedCLIdev\gian-beacon\BUILD\Obj\SPI.o
#        C:\Users\Gianluca\mbedCLIdev\gian-beacon\BUILD\Obj\spi_api.o
#        C:\Users\Gianluca\mbedCLIdev\gian-beacon\BUILD\Obj\SPISlave.o
#        C:\Users\Gianluca\mbedCLIdev\gian-beacon\BUILD\Obj\ssl_cache.o
#        C:\Users\Gianluca\mbedCLIdev\gian-beacon\BUILD\Obj\ssl_ciphersuites.o
#        C:\Users\Gianluca\mbedCLIdev\gian-beacon\BUILD\Obj\ssl_cli.o
#        C:\Users\Gianluca\mbedCLIdev\gian-beacon\BUILD\Obj\ssl_cookie.o
#        C:\Users\Gianluca\mbedCLIdev\gian-beacon\BUILD\Obj\ssl_srv.o
#        C:\Users\Gianluca\mbedCLIdev\gian-beacon\BUILD\Obj\ssl_ticket.o
#        C:\Users\Gianluca\mbedCLIdev\gian-beacon\BUILD\Obj\ssl_tls.o
#        C:\Users\Gianluca\mbedCLIdev\gian-beacon\BUILD\Obj\startup_bluenrg1.o
#        C:\Users\Gianluca\mbedCLIdev\gian-beacon\BUILD\Obj\Stream.o
#        C:\Users\Gianluca\mbedCLIdev\gian-beacon\BUILD\Obj\system_bluenrg1.o
#        C:\Users\Gianluca\mbedCLIdev\gian-beacon\BUILD\Obj\threading.o
#        C:\Users\Gianluca\mbedCLIdev\gian-beacon\BUILD\Obj\Ticker.o
#        C:\Users\Gianluca\mbedCLIdev\gian-beacon\BUILD\Obj\Timeout.o
#        C:\Users\Gianluca\mbedCLIdev\gian-beacon\BUILD\Obj\Timer.o
#        C:\Users\Gianluca\mbedCLIdev\gian-beacon\BUILD\Obj\TimerEvent.o
#        C:\Users\Gianluca\mbedCLIdev\gian-beacon\BUILD\Obj\timing.o
#        C:\Users\Gianluca\mbedCLIdev\gian-beacon\BUILD\Obj\UARTSerial.o
#        C:\Users\Gianluca\mbedCLIdev\gian-beacon\BUILD\Obj\us_ticker_api.o
#        C:\Users\Gianluca\mbedCLIdev\gian-beacon\BUILD\Obj\version.o
#        C:\Users\Gianluca\mbedCLIdev\gian-beacon\BUILD\Obj\version_features.o
#        C:\Users\Gianluca\mbedCLIdev\gian-beacon\BUILD\Obj\x509.o
#        C:\Users\Gianluca\mbedCLIdev\gian-beacon\BUILD\Obj\x509_create.o
#        C:\Users\Gianluca\mbedCLIdev\gian-beacon\BUILD\Obj\x509_crl.o
#        C:\Users\Gianluca\mbedCLIdev\gian-beacon\BUILD\Obj\x509_crt.o
#        C:\Users\Gianluca\mbedCLIdev\gian-beacon\BUILD\Obj\x509_csr.o
#        C:\Users\Gianluca\mbedCLIdev\gian-beacon\BUILD\Obj\x509write_crt.o
#        C:\Users\Gianluca\mbedCLIdev\gian-beacon\BUILD\Obj\x509write_csr.o
#        C:\Users\Gianluca\mbedCLIdev\gian-beacon\BUILD\Obj\xtea.o -o
#        C:\Users\Gianluca\mbedCLIdev\gian-beacon\BUILD\Exe\name.out --redirect
#        _Printf=_PrintfLarge --redirect _Scanf=_ScanfFull --map
#        C:\Users\Gianluca\mbedCLIdev\gian-beacon\BUILD\List\name.map --config
#        C:\Users\Gianluca\mbedCLIdev\gian-beacon\.\mbed-os\targets\TARGET_STMBLUE\TARGET_BLUENRG1\TARGET_STEVAL_IDB007V1\device\TOOLCHAIN_IAR\BLUENRG1.icf
#        --skip_dynamic_initialization --threaded_lib --entry
#        __iar_program_start --no_exceptions --vfe
#
###############################################################################

*******************************************************************************
*** RUNTIME MODEL ATTRIBUTES
***

CppFlavor                     = *
__CPP_Exceptions              = Disabled
__CPP_Language                = C++
__Heap_Handler                = DLMalloc
__SystemLibrary               = DLib
__dlib_dynamic_initialization = postponed
__dlib_has_iterator_debugging = 0


*******************************************************************************
*** PLACEMENT SUMMARY
***

"A0":  place at start of [0x10067000-0x10067fff] {
          block BLOCK_STACKLIB_FLASH_DATA };
"A1":  place at 0x200000c0 { block BLUE };
"A3":  place at 0x10040000 { ro section .intvec };
"A4":  place at 0x20000004 { block ota_sw_activation_block };
"A5":  place at 0x20000008 { block savedMSP_block };
"A6":  place at 0x2000000c { block wakeupFromSleepFlag_block };
"A7":  place at 0x20000030 { block Blue_Flag_Ram_block };
"P2":  place in [from 0x10040000 to 0x10067fff] { ro };
"P3":  place in [from 0x200000c0 to 0x20005fff] { rw, block CSTACK, block HEAP };
initialize by copy { rw };
 { section .bss.__blue_RAM };
 { section .ota_sw_activation };
 { section .savedMSP };
 { section .wakeupFromSleepFlag };
 { section .__blueflag_RAM };

  Section                 Kind        Address     Size  Object
  -------                 ----        -------     ----  ------
"A3":                                             0xc0
  .intvec                 ro code  0x10040000     0xc0  startup_bluenrg1.o [1]
                                 - 0x100400c0     0xc0

"P2", part 1 of 2:                             0x17072
  .text                   ro code  0x100400c0   0x16b8  dlmalloc.o [3]
  .text                   ro code  0x10041778      0xa  abort.o [3]
  .text                   ro code  0x10041782      0xa  Ticker.o [1]
  .text                   ro code  0x1004178c     0x2c  xgetmemchunk.o [3]
  .text                   ro code  0x100417b8     0x5c  ABImemcpy.o [8]
  .text                   ro code  0x10041814     0x3c  xsyslock.o [3]
  .text                   ro code  0x10041850      0xc  XXexit.o [8]
  .text                   ro code  0x1004185c    0x164  xsyslock_mtx.o [3]
  .text                   ro code  0x100419c0      0x2  mbed_retarget.o [1]
  .text                   ro code  0x100419c2      0x2  mbed_retarget.o [1]
  .text                   ro code  0x100419c4      0x2  mbed_retarget.o [1]
  .text                   ro code  0x100419c6      0x2  SPI.o [1]
  .text                   ro code  0x100419c8    0x432  mbed_retarget.o [1]
  .text                   ro code  0x10041dfa      0x2  mbed_retarget.o [1]
  .text                   ro code  0x10041dfc      0x2  mbed_retarget.o [1]
  .text                   ro code  0x10041dfe      0x2  mbed_retarget.o [1]
  .text                   ro code  0x10041e00      0x2  mbed_retarget.o [1]
  .text                   ro code  0x10041e02      0x2  startup_bluenrg1.o [1]
  .text                   ro code  0x10041e04     0x54  mbed_assert.o [1]
  .text                   ro code  0x10041e58     0x22  strcmp.o [8]
  .text                   ro code  0x10041e7a      0x2  startup_bluenrg1.o [1]
  .text                   ro code  0x10041e7c     0xd4  serial_api.o [1]
  .text                   ro code  0x10041f50     0x10  errno.o [3]
  .text                   ro code  0x10041f60     0xa4  FilePath.o [1]
  .text                   ro code  0x10042004     0xf4  mbed_board.o [1]
  .text                   ro code  0x100420f8     0xb0  setvbuf.o [3]
  .text                   ro code  0x100421a8     0x2a  fopen.o [3]
  .text                   ro code  0x100421d2      0x2  startup_bluenrg1.o [1]
  .text                   ro code  0x100421d4     0x58  mbed_critical.o [1]
  .text                   ro code  0x1004222c     0x64  mbed_board.o [1]
  .text                   ro code  0x10042290     0x18  BlueNRG1_sysCtrl.o [1]
  .text                   ro code  0x100422a8      0xc  pin_device.o [1]
  .text                   ro code  0x100422b4     0xd0  BlueNRG1_gpio.o [1]
  .text                   ro code  0x10042384    0x1c0  BlueNRG1_uart.o [1]
  .text                   ro code  0x10042544     0x94  misc.o [1]
  .text                   ro code  0x100425d8      0x2  xtls.o [3]
  .text                   ro code  0x100425da      0x2  startup_bluenrg1.o [1]
  .text                   ro code  0x100425dc    0x118  FileBase.o [1]
  .text                   ro code  0x100426f4     0x6e  mbed_gpio.o [1]
  .text                   ro code  0x10042762      0x2  startup_bluenrg1.o [1]
  .text                   ro code  0x10042764     0x78  gpio_api.o [1]
  .text                   ro code  0x100427dc     0x28  mbed_wait_api_no_rtos.o [1]
  .text                   ro code  0x10042804     0xe8  xfofind.o [3]
  .text                   ro code  0x100428ec    0x12c  xfoprep.o [3]
  .text                   ro code  0x10042a18     0x3c  vsnprint.o [3]
  .text                   ro code  0x10042a54     0x40  mbed_critical.o [1]
  .text                   ro code  0x10042a94     0xe0  I32DivModFast.o [8]
  .text                   ro code  0x10042b74     0x2c  mbed_rtc_time.o [1]
  .text                   ro code  0x10042ba0     0x2c  strncmp.o [3]
  .text                   ro code  0x10042bcc     0x10  strlen.o [8]
  .text                   ro code  0x10042bdc      0xc  mbed_us_ticker_api.o [1]
  .text                   ro code  0x10042be8    0x310  mbed_ticker_api.o [1]
  .text                   ro code  0x10042ef8     0x60  xfopen.o [3]
  .text                   ro code  0x10042f58     0x7e  fclose.o [3]
  .text                   ro code  0x10042fd6      0x2  startup_bluenrg1.o [1]
  .text                   ro code  0x10042fd8   0x10de  xprintflarge.o [3]
  .text                   ro code  0x100440b6      0x2  startup_bluenrg1.o [1]
  .text                   ro code  0x100440b8      0x2  IntDivZer.o [8]
  .text                   ro code  0x100440ba      0x2  startup_bluenrg1.o [1]
  .text                   ro code  0x100440bc     0x22  I64Shl.o [8]
  .text                   ro code  0x100440de      0x2  startup_bluenrg1.o [1]
  .text                   ro code  0x100440e0     0x32  I64Mul.o [8]
  .text                   ro code  0x10044112     0x6a  I64DivMod.o [8]
  .text                   ro code  0x1004417c     0xb4  fflush.o [3]
  .text                   ro code  0x10044230     0x1c  xmbtowc.o [3]
  .text                   ro code  0x1004424c     0x14  strchr.o [8]
  .text                   ro code  0x10044260     0x18  memchr.o [8]
  .text                   ro code  0x10044278      0xa  xmbcurmax.o [3]
  .text                   ro code  0x10044282     0x18  xwctomb.o [3]
  .text                   ro code  0x1004429a    0x184  DblMul.o [7]
  .text                   ro code  0x1004441e     0x32  DblCmpLe.o [7]
  .text                   ro code  0x10044450     0xc2  DblDiv.o [7]
  .text                   ro code  0x10044512      0x2  startup_bluenrg1.o [1]
  .text                   ro code  0x10044514     0x2e  DblToI32.o [7]
  .text                   ro code  0x10044542      0x2  startup_bluenrg1.o [1]
  .text                   ro code  0x10044544     0x20  I32ToDbl.o [7]
  .text                   ro code  0x10044564    0x1a8  DblAddSub.o [7]
  .text                   ro code  0x1004470c     0x68  localeconv.o [3]
  .text                   ro code  0x10044774     0x20  div.o [3]
  .text                   ro code  0x10044794      0x2  I64DivZer.o [8]
  .text                   ro code  0x10044796      0x2  startup_bluenrg1.o [1]
  .text                   ro code  0x10044798     0x14  setlocale.o [3]
  .text                   ro code  0x100447ac     0x50  xencoding_sb.o [3]
  i.isr_event_handler_patched
                          ro code  0x100447fc    0x8bc  ll_routines_master.o [5]
  .text                   ro code  0x100450b8     0x28  osal.o [1]
  i.hci_le_enhanced_connection_complete_event_push
                          ro code  0x100450e0     0x90  ll_routines_master.o [5]
  i.hci_le_connection_complete_event_push
                          ro code  0x10045170     0x78  ll_routines_master.o [5]
  i.hci_encryption_key_refresh_complete_event_push
                          ro code  0x100451e8     0x48  ll_routines_master.o [5]
  i.hci_encryption_change_event_push
                          ro code  0x10045230     0x4c  ll_routines_master.o [5]
  i.Acl_Tx_Cmpl_Pkt_Handler
                          ro code  0x1004527c     0x1e  acl.o [5]
  .text                   ro code  0x1004529a      0x2  startup_bluenrg1.o [1]
  i.aci_event_fifo_push_header
                          ro code  0x1004529c     0xc8  aci_events.o [5]
  i.aci_event_fifo_push   ro code  0x10045364     0x28  aci_events.o [5]
  i.hci_le_connection_update_complete_event_push
                          ro code  0x1004538c     0x58  ll_routines_master.o [5]
  i.char_copy             ro code  0x100453e4     0x12  hal.o [5]
  i.get_adv_addr          ro code  0x100453f6     0x2c  rom_ll_isr_routines.o [5]
  .text                   ro code  0x10045422      0x2  startup_bluenrg1.o [1]
  i.hci_le_direct_advertising_report_event_push
                          ro code  0x10045424     0x74  ll_routines_master.o [5]
  i.hci_le_advertising_report_event_push
                          ro code  0x10045498     0x80  ll_routines_master.o [5]
  i.Reclassify_All_Channels
                          ro code  0x10045518     0xc0  ll_routines_master.o [5]
  i.Acl_Rcv_Pkt_Handler   ro code  0x100455d8     0x1e  acl.o [5]
  i.get_scan_addr         ro code  0x100455f6     0x2e  rom_ll_isr_routines.o [5]
  .text                   ro code  0x10045624     0x54  ABImemset.o [8]
  .text                   ro code  0x10045678     0x28  memcmp.o [8]
  i.fifoBuf_getFreeHeader
                          ro code  0x100456a0     0x6a  aci_events.o [5]
  .text                   ro code  0x1004570a      0x2  startup_bluenrg1.o [1]
  .text                   ro code  0x1004570c     0x16  uread4.o [8]
  .text                   ro code  0x10045722      0x2  startup_bluenrg1.o [1]
  .text                   ro code  0x10045724    0x83c  BlueNRG1_sleep.o [1]
  .text                   ro code  0x10045f60     0x6c  context_switch.o [1]
  .text                   ro code  0x10045fcc    0x1d8  system_bluenrg1.o [1]
  i.BlueNRG_Stack_Perform_Deep_Sleep_Check
                          ro code  0x100461a4     0x44  bluenrg_main_func.o [5]
  .text                   ro code  0x100461e8      0x4  BlueNRG1_sleep.o [1]
  i.deepSleepTimers_check
                          ro code  0x100461ec     0xbc  bluenrg_main_func.o [5]
  i.machine_time_trans    ro code  0x100462a8     0x20  rom_ll_timehandling.o [5]
  .text                   ro code  0x100462c8    0x6b8  master_basic_profile_events.o [6]
  .text                   ro code  0x10046980     0x8a  master_basic_profile.o [6]
  .text                   ro code  0x10046a0a      0x2  master_basic_profile.o [6]
  .text                   ro code  0x10046a0c      0x2  master_basic_profile.o [6]
  .text                   ro code  0x10046a0e      0x2  master_basic_profile.o [6]
  .text                   ro code  0x10046a10      0x2  master_basic_profile.o [6]
  .text                   ro code  0x10046a12      0x2  master_basic_profile.o [6]
  .text                   ro code  0x10046a14      0x2  master_basic_profile.o [6]
  .text                   ro code  0x10046a16      0x2  master_basic_profile.o [6]
  i.aci_l2cap_connection_parameter_update_resp
                          ro code  0x10046a18     0x2a  bluenrg_l2cap_aci.o [5]
  i.aci_gap_send_pairing_req
                          ro code  0x10046a42      0xa  bluenrg_gap_aci.o [5]
  .text                   ro code  0x10046a4c      0x2  master_basic_profile_sm.o [6]
  i.L2C_Build_Connect_Update_Resp
                          ro code  0x10046a4e     0xae  l2cap.o [5]
  i.SMP_MI_PairingRequest_Send
                          ro code  0x10046afc    0x130  securitymgr.o [5]
  i.PM_Get_Pckt           ro code  0x10046c2c     0x80  pm.o [5]
  i.PM_Set_ConnHandle     ro code  0x10046cac      0xc  pm.o [5]
  i.Find_L2cap_signalling_connection
                          ro code  0x10046cb8     0x38  l2cap.o [5]
  i.LL_Start_Connection_Update
                          ro code  0x10046cf0    0x140  ll_routines_master.o [5]
  i.PM_Set_Att_Pdu_Length
                          ro code  0x10046e30     0x50  pm.o [5]
  i.L2C_Send_Data         ro code  0x10046e80     0x2c  l2cap.o [5]
  i.PM_Release_Pckt       ro code  0x10046eac     0x5c  pm.o [5]
  i.SM_Get_Remote_Device_Info
                          ro code  0x10046f08     0x48  sm_common.o [5]
  i.sm_Search_BlackList   ro code  0x10046f50     0x4c  securitymgr.o [5]
  i.smp_Build_AuthReq_Field
                          ro code  0x10046f9c     0x1a  securitymgr.o [5]
  .text                   ro code  0x10046fb6      0x2  startup_bluenrg1.o [1]
  i.LL_Start_Encryption   ro code  0x10046fb8     0xec  rom_ll_ll_routines_master.o [5]
  i.smp_OOB_Check_Is_Remote_Data_Present
                          ro code  0x100470a4     0x3c  sm_common.o [5]
  i.smp_Build_Pairing_ReqResp_Packet
                          ro code  0x100470e0     0x54  securitymgr.o [5]
  i.smp_Send_Data         ro code  0x10047134     0x2c  securitymgr.o [5]
  i.acl_list_is_empty     ro code  0x10047160     0x10  acl_list.o [5]
  i.acl_list_get_pckt_count
                          ro code  0x10047170      0x4  acl_list.o [5]
  i.acl_list_remove_head  ro code  0x10047174     0x20  acl_list.o [5]
  i.get_connection_no     ro code  0x10047194     0x84  multi_master_time.o [5]
  i.reschedule_wakeup_slot
                          ro code  0x10047218     0xa0  multi_master_time.o [5]
  i.Acl_Transmit_Data     ro code  0x100472b8     0x48  acl.o [5]
  i.acl_list_insert_tail  ro code  0x10047300     0x20  acl_list.o [5]
  i.smp_Find_Remote_Device_Index
                          ro code  0x10047320     0x40  sm_common.o [5]
  i.smp_Reset_Timer       ro code  0x10047360     0x20  securitymgr.o [5]
  i.List_Circular_Remove_Head
                          ro code  0x10047380     0x1a  rom_list.o [5]
  i.PM_Get_Fragments_Count
                          ro code  0x1004739a     0x12  pm.o [5]
  i.adapt_slot            ro code  0x100473ac    0x258  multi_master_time.o [5]
  i.Acl_Transmit_Packet   ro code  0x10047604     0x16  acl.o [5]
  i.List_Circular_Insert_Tail
                          ro code  0x1004761a      0xe  rom_list.o [5]
  i.Timer_StopOneShot     ro code  0x10047628     0x54  host_timer.o [5]
  i.Timer_StartOneShot    ro code  0x1004767c     0x22  host_timer.o [5]
  .text                   ro code  0x1004769e      0x2  startup_bluenrg1.o [1]
  i.nsar_updateSlotListEntry
                          ro code  0x100476a0     0x6c  multi_master_time.o [5]
  i.nsar_insertSlotListEntry
                          ro code  0x1004770c     0x1c  multi_master_time.o [5]
  i.nsar_searchBestFreeSlot
                          ro code  0x10047728     0xac  multi_master_time.o [5]
  i.LL_Send_ACL_Data      ro code  0x100477d4     0x54  rom_ll_ll_routines.o [5]
  i.slave_advance         ro code  0x10047828     0xfc  routines_support.o [5]
  i.List_Circular_Remove_Node
                          ro code  0x10047924     0x20  rom_list.o [5]
  i.Timer_sysTime32_convMachineTime
                          ro code  0x10047944     0x20  host_timer.o [5]
  i.HAL_VTimerAcc_sysT32_ms
                          ro code  0x10047964     0x24  host_timer.o [5]
  i.Timer_StartOneShot_sysTime32
                          ro code  0x10047988     0x70  host_timer.o [5]
  i.nsar_updateBestFreeSlot
                          ro code  0x100479f8     0x22  multi_master_time.o [5]
  .text                   ro code  0x10047a1a      0x2  Stream.o [1]
  i.LL_Sleep_Req          ro code  0x10047a1c     0x54  rom_ll_routines_support.o [5]
  i.List_Circular_Node_Present
                          ro code  0x10047a70     0x16  rom_list.o [5]
  i.system_time_trans     ro code  0x10047a86      0xa  rom_ll_timehandling.o [5]
  i.system_time_trans_ext
                          ro code  0x10047a90     0x2c  rom_ll_timehandling.o [5]
  i.advance_wakeup_timer  ro code  0x10047abc    0x4d4  advance_wakeup_time.o [5]
  i.cancel_master         ro code  0x10047f90    0x100  rom_ll_isr_routines.o [5]
  i.advance_slave_timing_MultiSlave
                          ro code  0x10048090    0x438  multi_master_time.o [5]
  i.cancel_slave          ro code  0x100484c8     0x98  isr_routines.o [5]
  i.Hal_Get_Random_Number
                          ro code  0x10048560     0x28  hal.o [5]
  i.LL_Update_Advertising_Buffers
                          ro code  0x10048588     0x44  rom_ll_ll_routines.o [5]
  i.LL_Update_Scanning_Initiating_Buffers
                          ro code  0x100485cc     0x40  rom_ll_ll_routines.o [5]
  i.anchor_replace        ro code  0x1004860c     0x50  multi_master_time.o [5]
  i.set_sca               ro code  0x1004865c     0x20  rom_ll_timehandling.o [5]
  i.WindowWiden1          ro code  0x1004867c      0xa  rom_ll_timehandling.o [5]
  i.time_offset1          ro code  0x10048686      0xe  rom_ll_timehandling.o [5]
  i.WindowWiden2          ro code  0x10048694     0x10  rom_ll_timehandling.o [5]
  i.time_offset2          ro code  0x100486a4     0x10  rom_ll_timehandling.o [5]
  i.modulo_37             ro code  0x100486b4     0x18  rom_ll_routines_support.o [5]
  i.microseconds_to_machine_time
                          ro code  0x100486cc      0x8  routines_support.o [5]
  i.swap_char             ro code  0x100486d4      0xa  multi_master_time.o [5]
  i.swap_short_int        ro code  0x100486de      0xa  multi_master_time.o [5]
  i.LL_update_proc        ro code  0x100486e8     0x58  rom_ll_isr_routines.o [5]
  .text                   ro code  0x10048740    0x4c8  main.o [1]
  .text                   ro code  0x10048c08     0x42  Serial.o [1]
  .text                   ro code  0x10048c4a     0x4e  cxxabi.o [4]
  .text                   ro code  0x10048c98    0x114  SPI.o [1]
  .text                   ro code  0x10048dac     0x24  printf.o [3]
  i.BlueNRG_Stack_Initialization
                          ro code  0x10048dd0     0x30  bluenrg_main_func.o [5]
  i.hci_le_set_scan_response_data
                          ro code  0x10048e00     0x16  hci.o [5]
  i.aci_gap_set_discoverable
                          ro code  0x10048e16     0x42  bluenrg_gap_aci.o [5]
  i.hci_le_set_advertising_data
                          ro code  0x10048e58     0x16  hci.o [5]
  .text                   ro code  0x10048e6e      0x2  Stream.o [1]
  i.BTLE_StackTick        ro code  0x10048e70     0x8c  bluenrg_main_func.o [5]
  i.aci_hal_set_tx_power_level
                          ro code  0x10048efc      0x8  bluenrg_hal_aci.o [5]
  i.aci_gatt_init         ro code  0x10048f04      0x8  bluenrg_gatt_aci.o [5]
  i.aci_gap_init          ro code  0x10048f0c     0x30  bluenrg_gap_aci.o [5]
  .text                   ro code  0x10048f3c    0x1d4  SerialBase.o [1]
  .text                   ro code  0x10049110     0xec  Stream.o [1]
  .text                   ro code  0x100491fc     0xa4  cppinit.o [3]
  .text                   ro code  0x100492a0     0x14  memset.o [3]
  .text                   ro code  0x100492b4    0x13a  spi_api.o [1]
  .text                   ro code  0x100493ee      0x2  Ticker.o [1]
  i.BlueNRG_Stack_Initialize_RAM_check
                          ro code  0x100493f0     0x64  bluenrg_main_func.o [5]
  i._BlueNRG_Stack_Initialization
                          ro code  0x10049454     0x94  bluenrg_main_func.o [5]
  i.LL_Set_Scan_Resp_Data
                          ro code  0x100494e8     0x60  rom_ll_ll_routines.o [5]
  i._aci_gap_set_discoverable_param_check
                          ro code  0x10049548     0x6c  bluenrg_gap_aci.o [5]
  i.GAP_Set_Discoverable_Mode
                          ro code  0x100495b4     0x38  gap.o [5]
  i.LL_Set_Adv_Data       ro code  0x100495ec     0x74  rom_ll_ll_routines.o [5]
  i.Timer_ProcessQ        ro code  0x10049660    0x144  host_timer.o [5]
  i.hci_acl_Process_Q     ro code  0x100497a4     0x64  hci.o [5]
  i.Controller_Process_Q  ro code  0x10049808      0xc  hci.o [5]
  i.Events_Process_Q      ro code  0x10049814    0x120  aci_events.o [5]
  i.BlueNRG_Stack_Perform_Crystal_Check
                          ro code  0x10049934     0xb8  bluenrg_main_func.o [5]
  i.patch_advance_transmit
                          ro code  0x100499ec     0x44  routines_support.o [5]
  i.GAP_Process_Q         ro code  0x10049a30     0x70  gap.o [5]
  i.Gatt_Process_Q        ro code  0x10049aa0    0x160  gatt_server.o [5]
  i.SMP_Process_Q         ro code  0x10049c00    0x114  securitymgr.o [5]
  i.HAL_Set_TX_Power_Level
                          ro code  0x10049d14     0x44  hal.o [5]
  i.Gatt_Server_Init      ro code  0x10049d58    0x190  gatt_server.o [5]
  i.GAP_Init              ro code  0x10049ee8    0x1f8  gap.o [5]
  .text                   ro code  0x1004a0e0     0x30  Ticker.o [1]
  .text                   ro code  0x1004a110     0x12  SerialBase.o [1]
  .text                   ro code  0x1004a122     0x18  Ticker.o [1]
  .text                   ro code  0x1004a13a      0x4  mbed_sleep_manager.o [1]
  .text                   ro code  0x1004a13e     0x1e  SerialBase.o [1]
  .text                   ro code  0x1004a15c      0x8  FileHandle.o [1]
  .text                   ro code  0x1004a164     0x28  mbed_error.o [1]
  .text                   ro code  0x1004a18c    0x108  BlueNRG1_spi.o [1]
  i.Dynamic_allocator     ro code  0x1004a294    0x270  mem_alloc.o [5]
  i.Dynamic_allocator_noRet
                          ro code  0x1004a504      0x2  mem_alloc.o [5]
  i.hci_data_buffer_overflow_event_cb
                          ro code  0x1004a506      0x2  aci_events.o [5]
  i.BlueNRG_Stack_Initialize_RAM
                          ro code  0x1004a508     0x2c  bluenrg_main_func.o [5]
  .text                   ro code  0x1004a534     0xf4  BlueNRG1_pka.o [1]
  i.BlueNRG_Stack_Initialize_ConfigData
                          ro code  0x1004a628     0x48  bluenrg_main_func.o [5]
  i.BlueNRG_Stack_Initialize_Layers
                          ro code  0x1004a670     0x8c  bluenrg_main_func.o [5]
  i.PRIVWHIT_vInit_Struct
                          ro code  0x1004a6fc     0x78  ll_privacy.o [5]
  i._gap_set_discoverable_connectable
                          ro code  0x1004a774    0x16c  gap.o [5]
  i.TimerCallback         ro code  0x1004a8e0     0x7c  host_timer.o [5]
  i.acl_list_remove       ro code  0x1004a95c     0x20  acl_list.o [5]
  i.PRIV_u8OfflineProcessing
                          ro code  0x1004a97c    0x1f8  ll_privacy.o [5]
  i.PKA_Offline_Processing
                          ro code  0x1004ab74     0xbc  hci.o [5]
  i.hci_hardware_error_event
                          ro code  0x1004ac30      0x2  aci_events.o [5]
  i.hal_radio_activity_state_callback_check
                          ro code  0x1004ac34     0x34  hal.o [5]
  i.BlueNRG_Start_Crystal_Measurement
                          ro code  0x1004ac68     0x1c  bluenrg_main_func.o [5]
  i.set_freq              ro code  0x1004ac84     0x7c  rom_ll_timehandling.o [5]
  i.advance_transmit      ro code  0x1004ad00     0xb8  rom_ll_routines_support.o [5]
  i.aci_gap_limited_discoverable_event_push
                          ro code  0x1004adb8     0x40  gap.o [5]
  i.Gatt_Read_Charac_By_Uuid
                          ro code  0x1004adf8     0x88  gatt_client.o [5]
  i.Gatt_Reset_To_Closed_State
                          ro code  0x1004ae80     0xc0  gatt_server.o [5]
  i.SMP_Forget_Device_by_ConnHandle
                          ro code  0x1004af40     0x1c  sm_common.o [5]
  i.SMP_Check_Is_Device_Bonded
                          ro code  0x1004af5c     0x48  sm_common.o [5]
  i.Check_For_Service_Change
                          ro code  0x1004afa4    0x30c  gatt_server.o [5]
  i.GATT_Clear_Flag       ro code  0x1004b2b0      0x8  rom_att.o [5]
  i.Process_Peer_Server_Data
                          ro code  0x1004b2b8    0x210  gatt_server.o [5]
  i.Process_Peer_Client_Data
                          ro code  0x1004b4c8    0x228  gatt_server.o [5]
  i.hci_le_read_local_p256_public_key
                          ro code  0x1004b6f0     0x5c  hci.o [5]
  i.sm_Get_Long_Term_Key  ro code  0x1004b74c     0x90  securitymgr.o [5]
  i.LL_Get_LTK            ro code  0x1004b7dc     0xd4  ll_routines_support.o [5]
  i.smp_Execute_Actions_wrt_Current_State
                          ro code  0x1004b8b0    0x26c  securitymgr.o [5]
  i.smp_Process_Rx_Packet_wrt_Current_State
                          ro code  0x1004bb1c    0x178  securitymgr.o [5]
  i.smp____Pairing_Process_Abort
                          ro code  0x1004bc94     0xbc  securitymgr.o [5]
  i.smp_Process_Rx_Packet_Exception_Cases
                          ro code  0x1004bd50     0xb4  securitymgr.o [5]
  i.acl_list_insert_head  ro code  0x1004be04     0x20  acl_list.o [5]
  i.acl_list_init         ro code  0x1004be24     0x12  acl_list.o [5]
  i.GATT_Server_Set_Flag  ro code  0x1004be38     0x14  gatt_server.o [5]
  i.Gatt_Add_Service      ro code  0x1004be4c    0x150  gatt_server.o [5]
  i.Gatt_Add_Characteristic
                          ro code  0x1004bf9c    0x330  gatt_server.o [5]
  i.Gatt_Update_Charac_Value
                          ro code  0x1004c2cc     0x64  gatt_server.o [5]
  i.IDD_Initialize_Device_IDs
                          ro code  0x1004c330    0x12c  device_id_data.o [5]
  i.Get_StaticRandAddr    ro code  0x1004c45c     0x14  rom_gap_rom.o [5]
  i.LL_LE_Set_Resolvable_Private_Address_Timeout
                          ro code  0x1004c470     0x1c  ll_privacy.o [5]
  i.hci_le_set_event_mask
                          ro code  0x1004c48c     0x24  hci.o [5]
  i.LL_SetAddressResolutionEnable
                          ro code  0x1004c4b0      0x8  routines_support.o [5]
  i.Mem_assign            ro code  0x1004c4b8     0x16  mem_alloc.o [5]
  i.mem_alloc_ctx_init    ro code  0x1004c4d0     0xa8  mem_alloc.o [5]
  i.hal_get_hw_version    ro code  0x1004c578     0x20  hal.o [5]
  i.Timer_Init            ro code  0x1004c598     0x34  host_timer.o [5]
  i.LL_Init               ro code  0x1004c5cc    0x180  rom_ll_ll_routines.o [5]
  i.PM_Init               ro code  0x1004c74c     0x70  pm.o [5]
  i.Acl_Init              ro code  0x1004c7bc     0x34  acl.o [5]
  i.L2C_Init              ro code  0x1004c7f0     0x44  l2cap.o [5]
  i.SMP_Init              ro code  0x1004c834     0x70  sm_common.o [5]
  i.GAP_Init_Context      ro code  0x1004c8a4     0x14  gap.o [5]
  i.HCI_Init              ro code  0x1004c8b8     0x54  hci.o [5]
  i.HAL_Init              ro code  0x1004c90c     0x18  hal.o [5]
  i.Events_Process_init   ro code  0x1004c924     0x50  aci_events.o [5]
  i.HAL_VTimerGetCurrentTime_sysT32
                          ro code  0x1004c974     0x12  host_timer.o [5]
  i.__ARM_common_switch8  ro code  0x1004c986     0x1a  rom_ll_routines_support.o [5]
  i.LL_Enable_Disable_Adv
                          ro code  0x1004c9a0    0x1cc  rom_ll_ll_routines.o [5]
  i.GAP_Privacy1v2        ro code  0x1004cb6c    0x1c8  rom_gap.o [5]
  i.gapClearAllModeFlags  ro code  0x1004cd34     0x14  gap.o [5]
  i.advParamsCheckAndSet  ro code  0x1004cd48     0x78  gap.o [5]
  i.setGapAdvData         ro code  0x1004cdc0    0x100  gap.o [5]
  i.LL_Set_Adv_Params     ro code  0x1004cec0    0x2ec  rom_ll_ll_routines.o [5]
  i.GAP_LimDiscTimeoutcb  ro code  0x1004d1ac     0x2c  gap.o [5]
  i.GAP_PrivateAddrTimercb
                          ro code  0x1004d1d8     0x44  rom_gap.o [5]
  i.GATT_TimeOut_Handler  ro code  0x1004d21c     0x1a  gatt_server.o [5]
  i.L2C_SigChan_Req_TimeOut_Handler
                          ro code  0x1004d238     0x4c  l2cap.o [5]
  i.SMP_Timer_cb          ro code  0x1004d284     0x50  sm_common.o [5]
  i.SMP_Repeated_Attacks_Timer_cb
                          ro code  0x1004d2d4     0x78  sm_common.o [5]
  i.GAP_DiscProcTimeoutcb
                          ro code  0x1004d34c     0x48  gap.o [5]
  i.HAL_VTimerTimeoutCallback
                          ro code  0x1004d394      0x2  host_timer.o [5]
  i.Hal_Get_Random_Number32
                          ro code  0x1004d396     0x12  hal.o [5]
  i.LL_Encrypt_Plain_Data
                          ro code  0x1004d3a8     0x54  ll_routines_support.o [5]
  i.PRIV_u8ResolvePrivateAddress
                          ro code  0x1004d3fc     0xf0  ll_privacy.o [5]
  i.PKA_Get_Current_Operation
                          ro code  0x1004d4ec     0x14  pka.o [5]
  i.hci_le_read_local_p256_public_key_complete_event_push
                          ro code  0x1004d500     0x58  hci.o [5]
  i.hci_le_generate_dhkey_complete_event_push
                          ro code  0x1004d558     0x54  hci.o [5]
  i.hal_read_radio_activity_state
                          ro code  0x1004d5ac     0x40  hal.o [5]
  i.aci_hal_end_of_radio_activity_event
                          ro code  0x1004d5ec      0x2  hal.o [5]
  i.Check_Flags           ro code  0x1004d5ee     0x38  gatt_client.o [5]
  i.Att_Send_Read_By_Typ_Req_Pdu
                          ro code  0x1004d626     0x7c  rom_att.o [5]
  i.GATT_Set_Flag         ro code  0x1004d6a2      0x8  rom_att.o [5]
  i.Gatt_Flush_Pending_AclPacket_Lists
                          ro code  0x1004d6ac     0x74  gatt_server.o [5]
  i.Gatt_Find_Timed_Out_Connection_Index
                          ro code  0x1004d720     0x38  gatt_server.o [5]
  i.Gatt_Store_Server_Database_And_Reset_CCCD
                          ro code  0x1004d758    0x150  gatt_server.o [5]
  i.SDB_Find_Record       ro code  0x1004d8a8     0xcc  sdb.o [5]
  i.SDB_Read_Peer_Bonded_Data
                          ro code  0x1004d974     0x22  sdb.o [5]
  i.Fetch_Handle          ro code  0x1004d996     0x3c  rom_gatt_server.o [5]
  i.Find_Gatt_Client      ro code  0x1004d9d4     0x40  gatt_client.o [5]
  i.Find_Attr_Index       ro code  0x1004da14     0x50  gatt_server.o [5]
  i.Ind_Service_Change_Charac
                          ro code  0x1004da64     0x44  gatt_server.o [5]
  i.Stop_Gatt_Timer       ro code  0x1004daa8     0x1c  rom_gatt_server.o [5]
  i.Start_Gatt_Timer      ro code  0x1004dac4     0x24  rom_gatt_server.o [5]
  i.L2CAP_Get_PDU_Len     ro code  0x1004dae8      0xe  l2cap.o [5]
  i.PM_Copy_Pckt_Data     ro code  0x1004daf6     0x14  pm.o [5]
  i.Send_Error_Resp       ro code  0x1004db0a     0x30  rom_att.o [5]
  i.Exchg_Mtu_Resp        ro code  0x1004db3c     0xb4  rom_att.o [5]
  i.Find_Info_Resp        ro code  0x1004dbf0    0x206  rom_att.o [5]
  i.Find_By_Type_Val_Resp
                          ro code  0x1004ddf8    0x2a0  att.o [5]
  i.Read_By_Type_Resp     ro code  0x1004e098    0x344  att.o [5]
  i.Read_Resp             ro code  0x1004e3dc    0x146  att.o [5]
  i.Read_Blob_Resp        ro code  0x1004e522    0x160  att.o [5]
  i.Read_Multi_Resp       ro code  0x1004e684    0x1a4  att.o [5]
  i.Read_By_Grp_Type_Resp
                          ro code  0x1004e828    0x360  att.o [5]
  i.Write_Resp            ro code  0x1004eb88    0x14a  att.o [5]
  i.Prepare_Write_Resp    ro code  0x1004ecd4    0x194  att.o [5]
  i.Exec_Write_Resp       ro code  0x1004ee68    0x258  att.o [5]
  i.Write_Cmd             ro code  0x1004f0c0    0x132  att.o [5]
  i.PKA_Generate_ECDH_Public_Key
                          ro code  0x1004f1f4     0xc4  pka.o [5]
  i.SMA_GenEDIV_RecovDIV  ro code  0x1004f2b8     0x7c  ssm_algo.o [5]
  i.SDB_Find_Matching_LTK
                          ro code  0x1004f334     0xa8  rom_sdb.o [5]
  i.SMA_Diversify         ro code  0x1004f3dc     0x2e  ssm_algo.o [5]
  i.smp____MI_PairingConfirm_Receive
                          ro code  0x1004f40a     0x56  securitymgr.o [5]
  i.GapIsPrivacySupported
                          ro code  0x1004f460     0x14  rom_gap.o [5]
  i.SDB_Get_Number_Of_Records
                          ro code  0x1004f474     0x44  rom_sdb.o [5]
  i.SDB_Get_Data_From_Record
                          ro code  0x1004f4b8     0xde  sdb.o [5]
  i.is_Buffer_All_Set_To  ro code  0x1004f596     0x1e  utils.o [5]
  i.smp____SC_submit_ECC_PK_generation_request
                          ro code  0x1004f5b4     0x1c  smp_scv42_isap.o [5]
  i.smp____SC_PairingPublicKey_Send
                          ro code  0x1004f5d0     0x68  smp_scv42_isap.o [5]
  i.HAL_Generate_Random_Bytes_To
                          ro code  0x1004f638     0x20  hal.o [5]
  i.smp____MI_PairingConfirm_Send
                          ro code  0x1004f658     0x98  securitymgr.o [5]
  i.smp____SC_Pairing_OOB_Confirm_Receive_and_Verify
                          ro code  0x1004f6f0     0x90  smp_scv42_isap.o [5]
  i.smp____SR_PairingConfirm_Receive
                          ro code  0x1004f780     0xb0  securitymgr.o [5]
  i.smp____SC_Phase_2AS2_Start
                          ro code  0x1004f830     0xb4  smp_scv42_isap.o [5]
  i.smp____PairingFailed_Send
                          ro code  0x1004f8e4     0x30  securitymgr.o [5]
  i.smp_Keys_Distribution_Start
                          ro code  0x1004f914     0x36  sm_common.o [5]
  i.smp_Keys_Distribution_Send
                          ro code  0x1004f94c    0x12c  securitymgr.o [5]
  i.smp_Pairing_Completed
                          ro code  0x1004fa78     0xa8  sm_common.o [5]
  i.smp____SR_PairingRequest_Receive
                          ro code  0x1004fb20    0x194  securitymgr.o [5]
  i.smp____MI_SecurityRequest_Receive
                          ro code  0x1004fcb4     0x64  securitymgr.o [5]
  i.smp____SC_PairingPublicKey_Receive
                          ro code  0x1004fd18     0x70  smp_scv42_isap.o [5]
  i.smp____SR_PairingRandom_Receive
                          ro code  0x1004fd88    0x1a4  securitymgr.o [5]
  i.smp_Receive_Keys      ro code  0x1004ff2c     0xd2  sm_common.o [5]
  i.smp____MI_PairingResponse_Receive
                          ro code  0x10050000     0x84  securitymgr.o [5]
  i.smp____MI_PairingRandom_Receive
                          ro code  0x10050084    0x1ac  securitymgr.o [5]
  i.smp____SC_Phase_2AS2_DHKeyCheck_Receive
                          ro code  0x10050230     0x80  smp_scv42_isap.o [5]
  i.sm_RepeatedAttacks_Protection
                          ro code  0x100502b0    0x118  securitymgr.o [5]
  i.List_Circular_Insert_Head
                          ro code  0x100503c8      0xe  rom_list.o [5]
  i.Gatt_Server_Db_Check  ro code  0x100503d8     0x4c  gatt_server.o [5]
  i.List_Circular_Get_Size
                          ro code  0x10050424     0x12  rom_list.o [5]
  i.Search_Service_Handle
                          ro code  0x10050438     0x28  gatt_server.o [5]
  i.Get_GAP_Handle        ro code  0x10050460     0x10  rom_gap_rom.o [5]
  i.GAP_Notify_Add_Charac
                          ro code  0x10050470     0x98  rom_gap_rom.o [5]
  i.Check_Encry_Key_Size  ro code  0x10050508     0x18  rom_gatt_server.o [5]
  i.Gatt_Add_Charac_Desc  ro code  0x10050520    0x15c  gatt_server.o [5]
  i.Search_Handle         ro code  0x1005067c     0x1e  rom_gatt_server.o [5]
  i.Gatt_Update_Charac_Value_Ext
                          ro code  0x1005069c    0x308  gatt_server.o [5]
  i.HAL_Flash_Store_Data  ro code  0x100509a4     0x50  hal.o [5]
  .text                   ro code  0x100509f4     0x3c  BlueNRG1_flash.o [1]
  i.LL_LE_Set_Address_Resolution_Enable
                          ro code  0x10050a30     0x24  ll_privacy.o [5]
  i.LL_Rcv_ACL_Data       ro code  0x10050a54     0x30  rom_ll_ll_routines.o [5]
  i.Blue_Init_Global      ro code  0x10050a84     0x8c  routines_support.o [5]
  i.LL_LE_Clear_White_List
                          ro code  0x10050b10     0x20  ll_privacy.o [5]
  i.nsar_init             ro code  0x10050b30     0x18  multi_master_time.o [5]
  i.PM_Eng_Config         ro code  0x10050b48     0x18  pm.o [5]
  i.smp____SC_initialize  ro code  0x10050b60     0x58  smp_scv42_isap.o [5]
  i.hal_radio_activity_state_init
                          ro code  0x10050bb8     0x1c  hal.o [5]
  i.fifoCtrl_init         ro code  0x10050bd4      0xa  aci_events.o [5]
  i.get_advertiser        ro code  0x10050be0     0x48  multi_master_time.o [5]
  i.get_next_free_slot    ro code  0x10050c28     0x34  multi_master_time.o [5]
  i.LL_Set_Advertising_Buffers
                          ro code  0x10050c5c     0x88  rom_ll_ll_routines.o [5]
  i.schedule_advertise_slot
                          ro code  0x10050ce4     0x94  multi_master_time.o [5]
  i.cancel_current_master
                          ro code  0x10050d78    0x19c  multi_master_time.o [5]
  i.LL_Allow_Address_Setting
                          ro code  0x10050f14     0x42  rom_ll_ll_routines.o [5]
  i.LL_Get_AdvAddress     ro code  0x10050f58     0x40  rom_ll_ll_routines.o [5]
  i.LL_Get_ScanAddress    ro code  0x10050f98     0x40  rom_ll_ll_routines.o [5]
  i.Generate_Non_Resolvable_Private_Address
                          ro code  0x10050fd8     0x88  rom_gap.o [5]
  i.SM_Generate_Resolvable_Private_Address
                          ro code  0x10051060     0x4e  ssm_algo.o [5]
  i.LL_Get_Adv_Tx_Power_Level
                          ro code  0x100510b0     0x18  rom_ll_routines_support.o [5]
  i.get_scan_connection   ro code  0x100510c8     0x48  multi_master_time.o [5]
  i.Is_Address_Initialized
                          ro code  0x10051110     0x16  rom_ll_ll_routines.o [5]
  i.LL_Check_And_Set_Addresses
                          ro code  0x10051128    0x1c4  rom_ll_ll_routines.o [5]
  i.Find_Timed_Out_Connection
                          ro code  0x100512ec     0x38  gatt_server.o [5]
  i.aci_gap_pairing_complete_event_push
                          ro code  0x10051324     0x4c  sm_common.o [5]
  i.LL_Enable_Disable_Scan
                          ro code  0x10051370    0x260  ll_routines_master.o [5]
  i.aci_gap_proc_complete_event_push
                          ro code  0x100515d0     0x64  gap.o [5]
  i.AES128ECB_Wrapper     ro code  0x10051634     0x7e  aes128cmac.o [5]
  i.encrypt               ro code  0x100516b2     0x88  rom_ll_routines_support.o [5]
  i.PRIVWHIT_u8SearchAddrInList
                          ro code  0x1005173c     0xa0  ll_privacy.o [5]
  i.PRIVWHIT_u8AddAddrInList
                          ro code  0x100517dc    0x1d8  ll_privacy.o [5]
  i.PRIVWHIT_u8RemoveAddrInList
                          ro code  0x100519b4     0xc8  ll_privacy.o [5]
  i.PM_Write_Pckt_Data    ro code  0x10051a7c     0x14  pm.o [5]
  i.store_data            ro code  0x10051a90     0x1c  gatt_server.o [5]
  i.Flash_Write_Client_Data
                          ro code  0x10051aac     0xc8  sdb.o [5]
  i.Read_RecordValidity   ro code  0x10051b74     0x10  rom_sdb.o [5]
  i.Get_SecRec_Len_In_Words
                          ro code  0x10051b84      0xc  rom_sdb.o [5]
  i.Read_SDBRecord        ro code  0x10051b90     0x2c  rom_sdb.o [5]
  i.SM_Resolve_Private_Address
                          ro code  0x10051bbc     0x22  ssm_algo.o [5]
  i.SDB_Find_Record_By_ConnHandle
                          ro code  0x10051bde     0x26  sdb.o [5]
  i.Find_Client_Data      ro code  0x10051c04     0xcc  rom_sdb.o [5]
  i.Acl_Copy_Data         ro code  0x10051cd0     0x82  pm.o [5]
  i.PM_Extend_Pckt_Pdu_Size
                          ro code  0x10051d52     0x36  pm.o [5]
  i.Gatt_Find_Srv_Owner_Of_Handle
                          ro code  0x10051d88     0x44  gatt_server.o [5]
  i.PM_Pckt_Cmp           ro code  0x10051dcc     0x6a  pm.o [5]
  i.ValidLinkPermRequest  ro code  0x10051e36     0x50  att.o [5]
  i.STORE_LE_16           ro code  0x10051e86      0x8  utils.o [5]
  i.Accu_UuidTypes_Requiring_Auth
                          ro code  0x10051e8e     0xe8  rom_att.o [5]
  i.aci_gatt_read_multi_permit_req_event_push
                          ro code  0x10051f76     0x50  att.o [5]
  i.aci_gatt_read_permit_req_event_push
                          ro code  0x10051fc6     0x38  att.o [5]
  i.Accu_Handles_Requiring_Auth
                          ro code  0x10051ffe     0x6e  rom_att.o [5]
  i.Gatt_Find_Srv_From_Handle
                          ro code  0x1005206c     0x28  gatt_server.o [5]
  i.aci_gatt_write_permit_req_event_push
                          ro code  0x10052094     0x56  att.o [5]
  i.aci_gatt_attribute_modified_event_push
                          ro code  0x100520ec     0x68  att.o [5]
  i.acl_list_full_on_packt
                          ro code  0x10052154     0x26  acl_list.o [5]
  i.PM_Clone_Pckt         ro code  0x1005217a     0x2a  pm.o [5]
  i.SM_Validate_Signed_Packet
                          ro code  0x100521a4     0x7c  ssm_algo.o [5]
  i.CheckSecForSignedWrite
                          ro code  0x10052220     0x2c  att.o [5]
  i.SDB_Get_SecurityDb_Start_Addr
                          ro code  0x1005224c     0x14  sdb.o [5]
  i.Get_Max_SecDb_Size    ro code  0x10052260      0x4  sdb.o [5]
  i.smp____SC_is_Debug_Key_Usage_Forced
                          ro code  0x10052264     0x14  smp_scv42_isap.o [5]
  i.SMA_SC_Gen_f4_Confirm
                          ro code  0x10052278     0x50  ssm_algo.o [5]
  i.smp_LP_MI_Compute_c1_Confirm_Value
                          ro code  0x100522c8    0x15c  securitymgr.o [5]
  i.smp_OOB_Get_Remote_Data_Reference
                          ro code  0x10052424     0x4c  sm_common.o [5]
  i.smp_SR_Compute_c1_Confirm_Value
                          ro code  0x10052470    0x170  securitymgr.o [5]
  i.smp____SC_Phase_2AS2__Set_Addresses
                          ro code  0x100525e0     0x32  smp_scv42_isap.o [5]
  i.SMA_SC_Gen_f5_Keys    ro code  0x10052614     0xe0  ssm_algo.o [5]
  i.smp____SC_Phase_2AS2_Generate_DHKeyCheck
                          ro code  0x100526f4    0x130  smp_scv42_isap.o [5]
  i.smp____SC_Phase_2AS2_DHKeyCheck_Send
                          ro code  0x10052824     0x5c  smp_scv42_isap.o [5]
  i.smp____Pairing_2Octets_Packet_Send
                          ro code  0x10052880     0x48  sm_common.o [5]
  i.SMA_Generate_IRK      ro code  0x100528c8     0x28  ssm_algo.o [5]
  i.smp_Get_Local_Identity_Address
                          ro code  0x100528f0     0x40  sm_common.o [5]
  i.SMA_Generate_CSRK     ro code  0x10052930     0x28  ssm_algo.o [5]
  i.smp_Add_To_Database   ro code  0x10052958    0x14c  sm_common.o [5]
  i.smp_OOB_Clear_Remote_Data_Entry_by_Index
                          ro code  0x10052aa4     0x20  sm_common.o [5]
  i.aci_gap_authorization_req_event_push
                          ro code  0x10052ac4     0x44  sm_common.o [5]
  i.smp_Check_Incoming_Pairing_Parameters
                          ro code  0x10052b08     0x38  securitymgr.o [5]
  i.smp____SC_Continue_If_Exclusive_SC_Pairing
                          ro code  0x10052b40     0x3c  smp_scv42_isap.o [5]
  i.smp_Get_Pairing_Parameters_From_Peer_Packet
                          ro code  0x10052b7c     0x88  securitymgr.o [5]
  i.smp_Set_Key_Association_Method
                          ro code  0x10052c04     0x68  securitymgr.o [5]
  i.smp____SC_Verify_Peer_PK_and_Generate_DHKey
                          ro code  0x10052c6c     0x44  smp_scv42_isap.o [5]
  i.SMA_SC_Gen_g2_NumComp_Val
                          ro code  0x10052cb0     0x58  ssm_algo.o [5]
  i.aci_gap_numeric_comparison_value_event_push
                          ro code  0x10052d08     0x48  securitymgr.o [5]
  i.STORE_LE_32           ro code  0x10052d50     0x10  utils.o [5]
  i.SMA_LP_s1_Generate_STK
                          ro code  0x10052d60     0x28  ssm_algo.o [5]
  i.PM_Get_Available_Fragments
                          ro code  0x10052d88     0x38  pm.o [5]
  i.Check_Serv_Chng_Charac_Ind_Not
                          ro code  0x10052dc0     0x80  rom_gatt_server.o [5]
  i.GATT_Num_Charac_Present
                          ro code  0x10052e40     0x3a  rom_gatt_server.o [5]
  i.Gatt_Add_Descriptor   ro code  0x10052e7c    0x150  gatt_server.o [5]
  i.Build_Notif_Or_Ind    ro code  0x10052fcc     0x46  gatt_server.o [5]
  i.Send_Notif_Or_Ind     ro code  0x10053014     0x7c  gatt_server.o [5]
  i.Blue_Set_Radio_Config_Data
                          ro code  0x10053090     0x24  rom_ll_routines_support.o [5]
  i.LL_Get_Address        ro code  0x100530b4     0x30  rom_ll_ll_routines.o [5]
  i.start_timebase        ro code  0x100530e4     0xa0  multi_master_time.o [5]
  i.is_slave              ro code  0x10053184     0x34  multi_master_time.o [5]
  i.set_string            ro code  0x100531b8     0x10  hal.o [5]
  i.sm_Calculate_Hash     ro code  0x100531c8     0x38  ssm_algo.o [5]
  i.convert_power         ro code  0x10053200     0x24  rom_ll_routines_support.o [5]
  i.PRIV_vGeneratePrivateAddress
                          ro code  0x10053224     0x62  ll_privacy.o [5]
  i.LL_Set_DirectAddress  ro code  0x10053288     0x64  rom_ll_ll_routines.o [5]
  i.LL_Set_OwnAddress     ro code  0x100532ec     0x3c  rom_ll_ll_routines.o [5]
  i.request_scan_slot     ro code  0x10053328     0x88  multi_master_time.o [5]
  i.AES_keyschedule_enc   ro code  0x100533b0     0x36  crypto.o [5]
  i.AES_general_SW_enc    ro code  0x100533e8    0x268  crypto.o [5]
  i.Write_Client_Data     ro code  0x10053650    0x1b8  sdb.o [5]
  i.SDB_Delete            ro code  0x10053808    0x170  sdb.o [5]
  i.Get_SecRecord_Size    ro code  0x10053978      0x4  sdb.o [5]
  i.SDB_Get_GattDb_Start_Addr
                          ro code  0x1005397c     0x18  sdb.o [5]
  i.Acl_Get_Pack_Off      ro code  0x10053994     0x18  pm.o [5]
  i.Check_Permission      ro code  0x100539ac     0x9c  rom_att.o [5]
  i.Acl_Clone_Fragment    ro code  0x10053a48     0x20  pm.o [5]
  i.LE_TO_NRG_32          ro code  0x10053a68     0x14  utils.o [5]
  i.SM_CMAC_Generate_Tag  ro code  0x10053a7c     0xc4  ssm_algo.o [5]
  i.copy_swap_buffer      ro code  0x10053b40     0x22  utils.o [5]
  i.AES_CMAC_Encrypt      ro code  0x10053b62     0x3a  aes128cmac.o [5]
  i.SMA_SC_Gen_f6_Check_Val
                          ro code  0x10053b9c     0x84  ssm_algo.o [5]
  i.SDB_Add_Record        ro code  0x10053c20    0x1ac  sdb.o [5]
  i.smp____SC_is_any_other_SC_Pairing_Ongoing
                          ro code  0x10053dcc     0x38  smp_scv42_isap.o [5]
  i.smp_Determine_Key_Association_Method
                          ro code  0x10053e04     0xb4  securitymgr.o [5]
  i.hci_le_generate_dhkey
                          ro code  0x10053eb8     0x94  hci.o [5]
  i.Select_Next_Notification_Client
                          ro code  0x10053f4c     0x54  gatt_server.o [5]
  i.AES_keyschedule_enc_LL
                          ro code  0x10053fa0    0x15c  crypto.o [5]
  i.InvaliDate_Record     ro code  0x100540fc     0x20  rom_sdb.o [5]
  i.SDB_Get_GattDb_End_Addr
                          ro code  0x1005411c     0x1c  sdb.o [5]
  i.Flash_Write_Flagged   ro code  0x10054138     0x3c  nvm.o [5]
  i.Erase_Sector          ro code  0x10054174      0xe  sdb.o [5]
  i.Write_SDBRecord       ro code  0x10054184     0x6c  sdb.o [5]
  i.SM_Get_Link_Status    ro code  0x100541f0     0x2e  sm_common.o [5]
  i.SM_Check_Encryption_KeySize
                          ro code  0x1005421e     0x20  sm_common.o [5]
  i.sm_Generate_SubKeys   ro code  0x1005423e     0x80  ssm_algo.o [5]
  i.AES_CMAC_Encrypt_Init
                          ro code  0x100542be     0x34  crypto.o [5]
  i.AES_CMAC_Encrypt_Append
                          ro code  0x100542f4    0x288  crypto.o [5]
  i.AES_CMAC_Encrypt_Finish
                          ro code  0x1005457c     0x6c  crypto.o [5]
  i.PKA_Start_Generate_DHKey
                          ro code  0x100545e8     0x30  pka.o [5]
  i.Delay_With_NOP_Cycles
                          ro code  0x10054618      0xe  utils.o [5]
  i.LeftShift             ro code  0x10054626     0x2c  ssm_algo.o [5]
  i.AESstdInit            ro code  0x10054654     0xb8  crypto.o [5]
  i.AES_general_enc       ro code  0x1005470c      0x8  crypto.o [5]
  i.Gatt_Server_L2C_Handler
                          ro code  0x10054714    0x228  gatt_server.o [5]
  i.Gatt_Super_Handler_Task7
                          ro code  0x1005493c    0x1a8  gatt_client.o [5]
  i.GAP_Started_Gatt_Proc
                          ro code  0x10054ae4     0x2c  gap.o [5]
  i.Gatt_Check_Not_Error_Resp
                          ro code  0x10054b10     0x6c  gatt_client.o [5]
  i.aci_att_read_resp_event_push
                          ro code  0x10054b7c     0x68  gatt_client.o [5]
  i.aci_att_read_multiple_resp_event_push
                          ro code  0x10054be4     0x64  gatt_client.o [5]
  i.aci_att_read_blob_resp_event_push
                          ro code  0x10054c48     0x68  gatt_client.o [5]
  i.Att_Send_Read_Blob_Req_Pdu
                          ro code  0x10054cb0     0x4e  rom_att.o [5]
  i.GAP_Internal_Evt_Handler
                          ro code  0x10054d00     0x38  gap.o [5]
  i.aci_gatt_disc_read_char_by_uuid_resp_event_push
                          ro code  0x10054d38     0x74  gatt_client.o [5]
  i.aci_gatt_proc_complete_event_push
                          ro code  0x10054dac     0x48  gatt_client.o [5]
  i.aci_gatt_error_resp_event_push
                          ro code  0x10054df4     0x64  gatt_client.o [5]
  i.L2C_Signal_Channel_Handler
                          ro code  0x10054e58    0x19c  l2cap.o [5]
  i.Find_L2cap_conn_index
                          ro code  0x10054ff4     0x38  l2cap.o [5]
  i.aci_l2cap_connection_update_req_event_push
                          ro code  0x1005502c     0x88  l2cap.o [5]
  i.L2C_Build_Command_Reject_Pdu
                          ro code  0x100550b4     0x7a  l2cap.o [5]
  i.SM_L2CAP_Handler_ISR  ro code  0x10055130    0x12c  sm_common.o [5]
  i.SM_Connection_Complete_Handler
                          ro code  0x1005525c     0x7c  sm_common.o [5]
  .constdata              const    0x100552d8    0x128  crypto.o [5]
  .constdata              const    0x10055400    0x110  aci_events.o [5]
  .text                   ro code  0x10055510     0xfa  BlueNRG1_mft.o [1]
  i.hci_acl_data_ind_event_int_cb
                          ro code  0x1005560c     0xe4  acl.o [5]
  i.hci_rx_acl_data       ro code  0x100556f0     0x5a  hci.o [5]
  i.Search_In_Stat        ro code  0x1005574a     0x20  acl.o [5]
  i.Check_Stat            ro code  0x1005576a     0x24  acl.o [5]
  i.PM_Append_Fragment    ro code  0x1005578e     0x10  pm.o [5]
  i.L2C_Rcv_Event_Handler
                          ro code  0x1005579e     0x3e  l2cap.o [5]
  i.Acl_Get_Last          ro code  0x100557dc      0xc  pm.o [5]
  i.SM_L2CAP_Handler      ro code  0x100557e8     0xe0  sm_common.o [5]
  i.smp_Keys_Distribution_Complete
                          ro code  0x100558c8     0x46  sm_common.o [5]
  .text                   ro code  0x10055910     0xe0  xfspos.o [3]
  .text                   ro code  0x100559f0      0xc  xfgpos.o [3]
  .text                   ro code  0x100559fc     0xc8  master_events_CB.o [1]
  .text                   ro code  0x10055ac4     0xc4  us_ticker_api.o [1]
  i.SM_L2CAP_Encryption_changed_Handler_ISR
                          ro code  0x10055b88     0xc4  sm_common.o [5]
  .text                   ro code  0x10055c4c     0xc0  xfwprep.o [3]
  .text                   ro code  0x10055d0c     0x22  fseek.o [3]
  i.hci_acl_data_tx_cmpl_event_int_cb
                          ro code  0x10055d30     0x98  acl.o [5]
  i.hci_tx_acl_data_done  ro code  0x10055dc8     0x34  hci.o [5]
  .rodata                 const    0x10055dfc     0x8c  Serial.o [1]
  .rodata                 const    0x10055e88     0x88  mbed_critical.o [1]
  .rodata                 const    0x10055f10     0x6c  Stream.o [1]
  .text                   ro code  0x10055f7c     0x68  xcloseall.o [3]
  i._GAP_Parse_Advertising_Report
                          ro code  0x10055fe4     0x64  gap.o [5]
  .constdata              const    0x10056048     0x60  smp_scv42_isap.o [5]
  i.GAP_Connection_Complete_Handler
                          ro code  0x100560a8     0x60  gap.o [5]
  .rodata                 const    0x10056108     0x5c  Stream.o [1]
  i.GAP_LL_Event_Handler_ISR
                          ro code  0x10056164     0x5c  gap.o [5]
  i.GAP_Parse_Advertising_Report
                          ro code  0x100561c0     0x10  gap.o [5]
  i.L2C_Rcv_Event_Handler_ISR
                          ro code  0x100561d0     0x5a  l2cap.o [5]
  i.L2C_Connection_Complete_Handler
                          ro code  0x1005622a     0x24  l2cap.o [5]
  i.Gatt_Server_L2C_Handler_ISR
                          ro code  0x10056250     0x48  gatt_server.o [5]
  i.L2C_Signal_Channel_Handler_ISR
                          ro code  0x10056298     0x24  l2cap.o [5]
  i.Acl_Disconnected_Peer
                          ro code  0x100562bc     0x54  acl.o [5]
  i.GATT_Connection_Complete_Handler
                          ro code  0x10056310     0x48  gatt_server.o [5]
  i.L2C_Connection_Complete_Signal_Handler
                          ro code  0x10056358     0x24  l2cap.o [5]
  i.L2CAP_Reset_To_Closed_State
                          ro code  0x1005637c     0x38  l2cap.o [5]
  .text                   ro code  0x100563b4     0x56  fputc.o [3]
  .rodata                 const    0x1005640c     0x4c  SPI.o [1]
  .rodata                 const    0x10056458     0x48  Timeout.o [1]
  i.hci_le_enhanced_connection_complete_event_cb
                          ro code  0x100564a0     0x48  aci_events.o [5]
  i.hci_le_enhanced_connection_complete_event
                          ro code  0x100564e8      0x2  aci_events.o [5]
  i.smp____SC_hci_le_read_local_p256_public_key_complete_evt_hndl
                          ro code  0x100564ec     0x44  smp_scv42_isap.o [5]
  i.hci_le_connection_complete_event_cb
                          ro code  0x10056530     0x40  aci_events.o [5]
  .text                   ro code  0x10056570     0x3c  zero_init3.o [8]
  .text                   ro code  0x100565ac     0x3c  packbits_init_single.o [8]
  i.aci_l2cap_connection_update_req_event_cb
                          ro code  0x100565e8     0x30  aci_events.o [5]
  .text                   ro code  0x10056618     0x2c  cmain.o [1]
  .text                   ro code  0x10056644      0x4  mbed_sdk_boot.o [1]
  .text                   ro code  0x10056648     0x28  data_init.o [8]
  .text                   ro code  0x10056670      0x2  mbed_overrides.o [1]
  .text                   ro code  0x10056674     0x1c  dynamic_init.o [8]
  .text                   ro code  0x10056690      0x2  mbed_sdk_boot.o [1]
  i.hci_le_connection_update_complete_event_cb
                          ro code  0x10056694     0x2c  aci_events.o [5]
  i.hci_le_connection_update_complete_event
                          ro code  0x100566c0      0x2  aci_events.o [5]
  i.aci_att_prepare_write_resp_event_cb
                          ro code  0x100566c4     0x28  aci_events.o [5]
  i.aci_att_prepare_write_resp_event
                          ro code  0x100566ec      0x2  aci_events.o [5]
  i.aci_gatt_attribute_modified_event_cb
                          ro code  0x100566f0     0x28  aci_events.o [5]
  i.hci_le_read_remote_used_features_complete_event_cb
                          ro code  0x10056718     0x28  aci_events.o [5]
  i.hci_le_read_remote_used_features_complete_event
                          ro code  0x10056740      0x2  aci_events.o [5]
  i.smp____SC_hci_le_generate_dhkey_complete_evt_hndl
                          ro code  0x10056744     0x28  smp_scv42_isap.o [5]
  i.hci_disconnection_complete_event_int_cb
                          ro code  0x1005676c     0x26  aci_events.o [5]
  i.hci_le_connection_complete_event_int_cb
                          ro code  0x10056792     0x26  aci_events.o [5]
  i.hci_le_enhanced_connection_complete_event_int_cb
                          ro code  0x100567b8     0x26  aci_events.o [5]
  i.aci_att_find_by_type_value_resp_event_cb
                          ro code  0x100567e0     0x24  aci_events.o [5]
  i.aci_att_find_by_type_value_resp_event
                          ro code  0x10056804      0x2  aci_events.o [5]
  i.aci_att_find_info_resp_event_cb
                          ro code  0x10056808     0x24  aci_events.o [5]
  i.aci_att_read_blob_resp_event_cb
                          ro code  0x1005682c     0x24  aci_events.o [5]
  i.aci_att_read_by_group_type_resp_event_cb
                          ro code  0x10056850     0x24  aci_events.o [5]
  i.aci_att_read_by_type_resp_event_cb
                          ro code  0x10056874     0x24  aci_events.o [5]
  i.aci_att_read_multiple_resp_event_cb
                          ro code  0x10056898     0x24  aci_events.o [5]
  i.aci_att_read_multiple_resp_event
                          ro code  0x100568bc      0x2  aci_events.o [5]
  i.aci_att_read_resp_event_cb
                          ro code  0x100568c0     0x24  aci_events.o [5]
  i.aci_att_write_resp_event_cb
                          ro code  0x100568e4     0x24  aci_events.o [5]
  i.aci_att_write_resp_event
                          ro code  0x10056908      0x2  aci_events.o [5]
  i.aci_gap_pairing_complete_event_cb
                          ro code  0x1005690c     0x24  aci_events.o [5]
  i.aci_gap_proc_complete_event_cb
                          ro code  0x10056930     0x24  aci_events.o [5]
  i.aci_gatt_disc_read_char_by_uuid_resp_event_cb
                          ro code  0x10056954     0x24  aci_events.o [5]
  i.aci_gatt_disc_read_char_by_uuid_resp_event
                          ro code  0x10056978      0x2  aci_events.o [5]
  i.aci_gatt_error_resp_event_cb
                          ro code  0x1005697c     0x24  aci_events.o [5]
  i.aci_gatt_indication_event_cb
                          ro code  0x100569a0     0x24  aci_events.o [5]
  i.aci_gatt_notification_event_cb
                          ro code  0x100569c4     0x24  aci_events.o [5]
  i.aci_hal_scan_req_report_event_cb
                          ro code  0x100569e8     0x24  aci_events.o [5]
  i.aci_hal_scan_req_report_event
                          ro code  0x10056a0c      0x2  aci_events.o [5]
  i.hci_le_generate_dhkey_complete_event_cb
                          ro code  0x10056a10     0x24  aci_events.o [5]
  i.hci_le_generate_dhkey_complete_event
                          ro code  0x10056a34      0x2  aci_events.o [5]
  i.hci_le_long_term_key_request_event_cb
                          ro code  0x10056a38     0x24  aci_events.o [5]
  i.hci_le_long_term_key_request_event
                          ro code  0x10056a5c      0x2  aci_events.o [5]
  i.hci_le_read_local_p256_public_key_complete_event_cb
                          ro code  0x10056a60     0x24  aci_events.o [5]
  i.hci_le_read_local_p256_public_key_complete_event
                          ro code  0x10056a84      0x2  aci_events.o [5]
  i.hci_read_remote_version_information_complete_event_cb
                          ro code  0x10056a88     0x24  aci_events.o [5]
  i.hci_read_remote_version_information_complete_event
                          ro code  0x10056aac      0x2  aci_events.o [5]
  .iar.init_table         const    0x10056ab0     0x48  - Linker created -
  .constdata              const    0x10056af8     0x20  rom_ll_timehandling.o [5]
  .rodata                 const    0x10056b18     0x20  SPI.o [1]
  i.aci_att_exchange_mtu_resp_event_cb
                          ro code  0x10056b38     0x20  aci_events.o [5]
  i.aci_att_exchange_mtu_resp_event
                          ro code  0x10056b58      0x2  aci_events.o [5]
  i.aci_gap_device_found_event_cb
                          ro code  0x10056b5c     0x20  aci_events.o [5]
  i.aci_gap_device_found_event
                          ro code  0x10056b7c      0x2  aci_events.o [5]
  i.aci_gap_keypress_notification_event_cb
                          ro code  0x10056b80     0x20  aci_events.o [5]
  i.aci_gap_keypress_notification_event
                          ro code  0x10056ba0      0x2  aci_events.o [5]
  i.aci_gap_numeric_comparison_value_event_cb
                          ro code  0x10056ba4     0x20  aci_events.o [5]
  i.aci_gatt_proc_complete_event_cb
                          ro code  0x10056bc4     0x20  aci_events.o [5]
  i.aci_l2cap_connection_update_resp_event_cb
                          ro code  0x10056be4     0x20  aci_events.o [5]
  i.aci_l2cap_connection_update_resp_event
                          ro code  0x10056c04      0x2  aci_events.o [5]
  i.aci_l2cap_proc_timeout_event_cb
                          ro code  0x10056c08     0x20  aci_events.o [5]
  i.aci_l2cap_proc_timeout_event
                          ro code  0x10056c28      0x2  aci_events.o [5]
  i.hci_disconnection_complete_event_cb
                          ro code  0x10056c2c     0x20  aci_events.o [5]
  i.hci_encryption_change_event_cb
                          ro code  0x10056c4c     0x20  aci_events.o [5]
  i.hci_encryption_key_refresh_complete_event_cb
                          ro code  0x10056c6c     0x20  aci_events.o [5]
  i.hci_encryption_key_refresh_complete_event
                          ro code  0x10056c8c      0x2  aci_events.o [5]
  i.hci_le_advertising_report_event_cb
                          ro code  0x10056c90     0x20  aci_events.o [5]
  i.hci_le_direct_advertising_report_event_cb
                          ro code  0x10056cb0     0x20  aci_events.o [5]
  i.hci_le_direct_advertising_report_event
                          ro code  0x10056cd0      0x2  aci_events.o [5]
  i.hci_le_advertising_report_event_int_cb
                          ro code  0x10056cd2     0x1e  aci_events.o [5]
  i.hci_le_direct_advertising_report_event_int_cb
                          ro code  0x10056cf0     0x1e  aci_events.o [5]
  .rodata                 const    0x10056d10     0x1c  mbed_us_ticker_api.o [1]
  .text                   ro code  0x10056d2c     0x1c  xsnprout.o [3]
  i.aci_att_exec_write_resp_event_cb
                          ro code  0x10056d48     0x1c  aci_events.o [5]
  i.aci_att_exec_write_resp_event
                          ro code  0x10056d64      0x2  aci_events.o [5]
  i.aci_gap_addr_not_resolved_event_cb
                          ro code  0x10056d68     0x1c  aci_events.o [5]
  i.aci_gap_addr_not_resolved_event
                          ro code  0x10056d84      0x2  aci_events.o [5]
  i.aci_gap_authorization_req_event_cb
                          ro code  0x10056d88     0x1c  aci_events.o [5]
  i.aci_gap_authorization_req_event
                          ro code  0x10056da4      0x2  aci_events.o [5]
  i.aci_gap_bond_lost_event_cb
                          ro code  0x10056da8     0x1c  aci_events.o [5]
  i.aci_gap_bond_lost_event
                          ro code  0x10056dc4      0x2  aci_events.o [5]
  i.aci_gap_limited_discoverable_event_cb
                          ro code  0x10056dc8     0x1c  aci_events.o [5]
  i.aci_gap_limited_discoverable_event
                          ro code  0x10056de4      0x2  aci_events.o [5]
  i.aci_gap_pass_key_req_event_cb
                          ro code  0x10056de8     0x1c  aci_events.o [5]
  i.aci_gap_slave_security_initiated_event_cb
                          ro code  0x10056e04     0x1c  aci_events.o [5]
  i.aci_gap_slave_security_initiated_event
                          ro code  0x10056e20      0x2  aci_events.o [5]
  i.aci_gatt_proc_timeout_event_cb
                          ro code  0x10056e24     0x1c  aci_events.o [5]
  i.aci_gatt_proc_timeout_event
                          ro code  0x10056e40      0x2  aci_events.o [5]
  i.hci_encryption_change_event_int_cb
                          ro code  0x10056e42     0x1a  aci_events.o [5]
  i.hci_encryption_key_refresh_complete_event_int_cb
                          ro code  0x10056e5c     0x1a  aci_events.o [5]
  i.hci_le_generate_dhkey_complete_event_int_cb
                          ro code  0x10056e76     0x1a  aci_events.o [5]
  i.hci_le_read_local_p256_public_key_complete_event_int_cb
                          ro code  0x10056e90     0x1a  aci_events.o [5]
  .constdata              const    0x10056eac     0x19  securitymgr.o [5]
  .rodata                 const    0x10056ec8     0x18  SerialBase.o [1]
  .rodata                 const    0x10056ee0     0x18  xprintflarge.o [3]
  .text                   ro code  0x10056ef8     0x16  xprout.o [3]
  .text                   ro code  0x10056f10     0x10  putchar.o [3]
  i.aci_gatt_prepare_write_permit_req_event_cb
                          ro code  0x10056f20     0x16  aci_events.o [5]
  i.aci_gatt_prepare_write_permit_req_event
                          ro code  0x10056f36      0x2  aci_events.o [5]
  i.aci_l2cap_command_reject_event_cb
                          ro code  0x10056f38     0x16  aci_events.o [5]
  i.aci_l2cap_command_reject_event
                          ro code  0x10056f4e      0x2  aci_events.o [5]
  i.hci_rx_acl_data_event_cb
                          ro code  0x10056f50     0x16  aci_events.o [5]
  i.hci_rx_acl_data_event
                          ro code  0x10056f66      0x4  aci_events.o [5]
  .rodata                 const    0x10056f6c     0x14  SPI.o [1]
  .text                   ro code  0x10056f80     0x14  Serial.o [1]
  i.aci_gatt_write_permit_req_event_cb
                          ro code  0x10056f94     0x12  aci_events.o [5]
  .constdata              const    0x10056fa6     0x10  att.o [5]
  .constdata              const    0x10056fb6     0x10  ssm_algo.o [5]
  .rodata                 const    0x10056fc8     0x10  FileBase.o [1]
  .text                   ro code  0x10056fd8     0x10  startup_bluenrg1.o [1]
  i.aci_gatt_read_multi_permit_req_event_cb
                          ro code  0x10056fe8     0x10  aci_events.o [5]
  i.aci_gatt_read_multi_permit_req_event
                          ro code  0x10056ff8      0x2  aci_events.o [5]
  i.aci_gatt_read_permit_req_event_cb
                          ro code  0x10056ffa     0x10  aci_events.o [5]
  i.aci_gatt_tx_pool_available_event_cb
                          ro code  0x1005700a      0xe  aci_events.o [5]
  .rodata                 const    0x10057018      0xc  Ticker.o [1]
  .text                   ro code  0x10057024      0xc  cstartup_M.o [8]
  .text                   ro code  0x10057030      0xc  cexit.o [8]
  i.hci_le_long_term_key_request_event_int_cb
                          ro code  0x1005703c      0xc  aci_events.o [5]
  i.Gatt_Read_Charac_By_Uuid_Cb
                          ro code  0x10057048      0xa  gatt_client.o [5]
  i.aci_gatt_server_confirmation_event_cb
                          ro code  0x10057052      0xa  aci_events.o [5]
  i.aci_gatt_server_confirmation_event
                          ro code  0x1005705c      0x2  aci_events.o [5]
[...]
mbed::Callback<void ()>::Callback(const mbed::Callback<void ()>&)
                        0x1004a123    0x18  Code  Gb  Ticker.o [1]
mbed::Callback<void ()>::Callback(void (*)())
                        0x1004a0e1    0x30  Code  Gb  Ticker.o [1]
mbed::Callback<void ()>::call() const::string
                        0x10057074     0x8  Data  Gb  Timeout.o [1]
mbed::Callback<void ()>::call() const::string (instance 2)
                        0x10056458    0x48  Data  Gb  Timeout.o [1]
mbed::Callback<void ()>::operator =(const mbed::Callback<void ()>&)
                        0x1004a13f    0x1e  Code  Gb  SerialBase.o [1]
mbed::Callback<void ()>::~Callback()
                        0x1004a111    0x12  Code  Gb  SerialBase.o [1]
mbed::FileBase::FileBase(char const *, mbed::PathType)
                        0x100425ed    0x66  Code  Gb  FileBase.o [1]
mbed::FileBase::FileBase(char const *, mbed::PathType) [subobject]
                        0x100425dd     0x8  Code  Gb  FileBase.o [1]
mbed::FileBase::_head   0x20004610     0x4  Data  Gb  FileBase.o [1]
mbed::FileBase::_mutex  0x20004614     0x8  Data  Gb  FileBase.o [1]
mbed::FileBase::getPathType()
                        0x100426f1     0x4  Code  Gb  FileBase.o [1]
mbed::FileBase::lookup(char const *, unsigned int)
                        0x10042697    0x48  Code  Gb  FileBase.o [1]
mbed::FileBase::~FileBase()
                        0x10042653    0x44  Code  Gb  FileBase.o [1]
mbed::FileBase::~FileBase() [subobject]
                        0x100425e5     0x8  Code  Gb  FileBase.o [1]
mbed::FileHandle::isatty()
                        0x10057099     0x4  Code  Gb  Stream.o [1]
mbed::FilePath::FilePath(char const *)
                        0x10041f61    0x40  Code  Gb  FilePath.o [1]
mbed::FilePath::exists()
                        0x10041ffb     0xa  Code  Gb  FilePath.o [1]
mbed::FilePath::file()  0x10041fdb    0x20  Code  Gb  FilePath.o [1]
mbed::FilePath::fileName()
                        0x10041fa1     0x4  Code  Gb  FilePath.o [1]
mbed::FilePath::fileSystem()
                        0x10041fa5    0x20  Code  Gb  FilePath.o [1]
mbed::FilePath::isFile()
                        0x10041fc5    0x16  Code  Gb  FilePath.o [1]
mbed::SPI::SPI(PinName, PinName, PinName, PinName)
                        0x10048c99    0x48  Code  Gb  SPI.o [1]
mbed::SPI::_acquire()   0x10048d49    0x24  Code  Gb  SPI.o [1]
mbed::SPI::_mutex       0x20004638     0x8  Data  Gb  SPI.o [1]
mbed::SPI::_owner       0x2000464c     0x4  Data  Gb  SPI.o [1]
mbed::SPI::format(int, int)
                        0x10048ce1    0x38  Code  Gb  SPI.o [1]
mbed::SPI::frequency(int)
                        0x10048d19    0x30  Code  Gb  SPI.o [1]
mbed::SPI::lock()       0x10048d6d     0x4  Code  Gb  SPI.o [1]
mbed::SPI::unlock()     0x10048d71     0x2  Code  Gb  SPI.o [1]
mbed::SPI::~SPI()       0x100419c7     0x2  Code  Gb  SPI.o [1]
mbed::Serial::Serial(PinName, PinName, char const *, int)
                        0x10048c09     0x2  Code  Gb  Serial.o [1]
mbed::Serial::_putc(int)
                        0x10048c3b     0x8  Code  Gb  Serial.o [1]
mbed::Serial::lock()    0x10048c45     0x2  Code  Gb  Serial.o [1]
mbed::Serial::unlock()  0x10048c49     0x2  Code  Gb  Serial.o [1]
mbed::Serial::~Serial()
                        0x10056f81    0x14  Code  Gb  Serial.o [1]
mbed::SerialBase::SerialBase(PinName, PinName, int)
                        0x10048f5f    0x88  Code  Gb  SerialBase.o [1]
mbed::SerialBase::SerialBase(PinName, PinName, int) [subobject]
                        0x10048f4f     0x8  Code  Gb  SerialBase.o [1]
mbed::SerialBase::_base_putc(int)
                        0x10049089     0xe  Code  Gb  SerialBase.o [1]
mbed::SerialBase::_irq_handler(unsigned int, SerialIrq)
                        0x1004905d    0x2c  Code  Gb  SerialBase.o [1]
mbed::SerialBase::attach(mbed::Callback<void ()>, mbed::SerialBase::IrqType)
                        0x10048fe7    0x76  Code  Gb  SerialBase.o [1]
mbed::SerialBase::lock()
                        0x10049097     0x2  Code  Gb  SerialBase.o [1]
mbed::SerialBase::unlock()
                        0x10049099     0x2  Code  Gb  SerialBase.o [1]
mbed::SerialBase::~SerialBase()
                        0x1004909b    0x5e  Code  Gb  SerialBase.o [1]
mbed::SerialBase::~SerialBase() [subobject]
                        0x10048f57     0x8  Code  Gb  SerialBase.o [1]
mbed::Stream::Stream(char const *) [subobject]
                        0x10049111     0x4  Code  Gb  Stream.o [1]
mbed::Stream::close()   0x10049191     0x4  Code  Gb  Stream.o [1]
mbed::Stream::isatty()  0x100491d9     0x4  Code  Gb  Stream.o [1]
mbed::Stream::lock()    0x10047a1b     0x2  Code  Gb  Stream.o [1]
mbed::Stream::seek(long, int)
                        0x100491d5     0x4  Code  Gb  Stream.o [1]
mbed::Stream::unlock()  0x10048e6f     0x2  Code  Gb  Stream.o [1]
mbed::Stream::write(void const *, unsigned int)
                        0x10049195    0x40  Code  Gb  Stream.o [1]
mbed::Stream::~Stream() [subobject]
                        0x10049115     0x4  Code  Gb  Stream.o [1]
mbed::fdopen(mbed::FileHandle *, char const *)
                        0x1004a15d     0x8  Code  Gb  FileHandle.o [1]
mbed::mbed_fdopen(mbed::FileHandle *, char const *)
                        0x10041db9    0x40  Code  Gb  mbed_retarget.o [1]
mbed::mbed_set_unbuffered_stream(std::__FILE *)
                        0x10041dab     0xe  Code  Gb  mbed_retarget.o [1]
mbed::remove_filehandle(mbed::FileHandle *)
                        0x100419c9    0x7c  Code  Gb  mbed_retarget.o [1]
mbed_assert_internal    0x10041e05    0x20  Code  Gb  mbed_assert.o [1]
mbed_die                0x10042005    0xf4  Code  Wk  mbed_board.o [1]
mbed_error_printf       0x1004222d    0x10  Code  Gb  mbed_board.o [1]
mbed_error_vfprintf     0x1004223d    0x4a  Code  Gb  mbed_board.o [1]
mbed_main               0x10056691     0x2  Code  Wk  mbed_sdk_boot.o [1]
mbed_sdk_init           0x10056671     0x2  Code  Gb  mbed_overrides.o [1]
mem_alloc_ctx_init      0x1004c4d1    0xa0  Code  Gb  mem_alloc.o [5]
mem_alloc_ctx_p         0x200002cc     0x4  Data  Gb  mem_alloc.o [5]
memcmp                  0x10045679    0x28  Code  Gb  memcmp.o [8]
memset                  0x100492a1    0x14  Code  Gb  memset.o [3]
microseconds_to_machine_time
                        0x100486cd     0x8  Code  Gb  routines_support.o [5]
modulo_37               0x100486b5    0x14  Code  Gb  rom_ll_routines_support.o [5]
mparams                 0x200045d8    0x18  Data  Lc  dlmalloc.o [3]
mtx                     0x20004564    0x14  Data  Lc  xsyslock_mtx.o [3]
next_abi_dtor_rec       0x2000465c     0x4  Data  Lc  cppinit.o [3]
nsar_init               0x10050b31    0x14  Code  Gb  multi_master_time.o [5]
nsar_insertSlotListEntry
                        0x1004770d    0x18  Code  Lc  multi_master_time.o [5]
nsar_searchBestFreeSlot
                        0x10047729    0xa8  Code  Lc  multi_master_time.o [5]
nsar_updateBestFreeSlot
                        0x100479f9    0x22  Code  Lc  multi_master_time.o [5]
nsar_updateSlotListEntry
                        0x100476a1    0x66  Code  Lc  multi_master_time.o [5]
obuf                    0x20004430    0x50  Data  Lc  xfiles.o [3]
ota_sw_activation       0x20000004     0x4  Data  Gb  system_bluenrg1.o [1]
ota_sw_activation_block$$Base
                        0x20000004           --   Gb  - Linker created -
ota_sw_activation_block$$Limit
                        0x20000008           --   Gb  - Linker created -
patch_advance_transmit  0x100499ed    0x3a  Code  Gb  routines_support.o [5]
prepend_alloc           0x1004014d   0x35e  Code  Lc  dlmalloc.o [3]
primaryServiceCollector
                        0x100462c9    0x76  Code  Lc  master_basic_profile_events.o [6]
printf                  0x10048dad    0x24  Code  Gb  printf.o [3]
ptr                     0x200045d4     0x4  Data  Gb  BlueNRG1_sleep.o [1]
putchar                 0x10056f11    0x10  Code  Gb  putchar.o [3]
rcon                    0x100553d8    0x28  Data  Gb  crypto.o [5]
remove                  0x10041d5d    0x40  Code  Gb  mbed_retarget.o [1]
request_scan_slot       0x10053329    0x80  Code  Gb  multi_master_time.o [5]
reschedule_wakeup_slot  0x10047219    0x9c  Code  Gb  multi_master_time.o [5]
savedICSR               0x20004650     0x4  Data  Gb  system_bluenrg1.o [1]
savedMSP                0x20000008     0x4  Data  Gb  system_bluenrg1.o [1]
savedMSP_block$$Base    0x20000008           --   Gb  - Linker created -
savedMSP_block$$Limit   0x2000000c           --   Gb  - Linker created -
savedNVIC_ISPR          0x20004658     0x4  Data  Gb  system_bluenrg1.o [1]
savedSHCSR              0x20004654     0x4  Data  Gb  system_bluenrg1.o [1]
scale                   0x10043af7    0x42  Code  Lc  xprintflarge.o [3]
schedule_advertise_slot
                        0x10050ce5    0x8c  Code  Gb  multi_master_time.o [5]
schedule_interrupt      0x10042e79    0x68  Code  Lc  mbed_ticker_api.o [1]
segment_holding         0x100400c1    0x1c  Code  Lc  dlmalloc.o [3]
serial_baud             0x10041f09     0x6  Code  Gb  serial_api.o [1]
serial_init             0x10041e7d    0x76  Code  Gb  serial_api.o [1]
serial_irq_handler      0x10041f0f     0xa  Code  Gb  serial_api.o [1]
serial_irq_ids          0x20004634     0x4  Data  Lc  serial_api.o [1]
serial_irq_set          0x10041f19    0x2c  Code  Gb  serial_api.o [1]
serial_putc             0x10041ef3    0x16  Code  Gb  serial_api.o [1]
setGapAdvData           0x1004cdc1    0xfa  Code  Gb  gap.o [5]
set_freq                0x1004ac85    0x5e  Code  Gb  rom_ll_timehandling.o [5]
set_sca                 0x1004865d    0x1c  Code  Gb  rom_ll_timehandling.o [5]
set_string              0x100531b9    0x10  Code  Gb  hal.o [5]
setvbuf                 0x100420f9    0xb0  Code  Gb  setvbuf.o [3]
slave_advance           0x10047829    0xf0  Code  Gb  routines_support.o [5]
sleepMode_selected      0x200045f0    0x10  Data  Gb  BlueNRG1_sleep.o [1]
sleep_manager_lock_deep_sleep
                        0x1004a13b     0x2  Code  Gb  mbed_sleep_manager.o [1]
sleep_manager_unlock_deep_sleep
                        0x1004a13d     0x2  Code  Gb  mbed_sleep_manager.o [1]
sm_Calculate_Hash       0x100531c9    0x38  Code  Lc  ssm_algo.o [5]
sm_Generate_SubKeys     0x1005423f    0x80  Code  Lc  ssm_algo.o [5]
sm_Get_Long_Term_Key    0x1004b74d    0x8a  Code  Lc  securitymgr.o [5]
sm_RepeatedAttacks_Protection
                        0x100502b1   0x102  Code  Lc  securitymgr.o [5]
sm_Search_BlackList     0x10046f51    0x46  Code  Gb  securitymgr.o [5]
smp_Add_To_Database     0x10052959   0x146  Code  Gb  sm_common.o [5]
smp_Build_AuthReq_Field
                        0x10046f9d    0x1a  Code  Lc  securitymgr.o [5]
smp_Build_Pairing_ReqResp_Packet
                        0x100470e1    0x50  Code  Lc  securitymgr.o [5]
smp_Check_Incoming_Pairing_Parameters
                        0x10052b09    0x34  Code  Lc  securitymgr.o [5]
smp_Determine_Key_Association_Method
                        0x10053e05    0xac  Code  Gb  securitymgr.o [5]
smp_Execute_Actions_wrt_Current_State
                        0x1004b8b1   0x266  Code  Lc  securitymgr.o [5]
smp_Find_Remote_Device_Index
                        0x10047321    0x3a  Code  Gb  sm_common.o [5]
smp_Get_Local_Identity_Address
                        0x100528f1    0x3a  Code  Gb  sm_common.o [5]
smp_Get_Pairing_Parameters_From_Peer_Packet
                        0x10052b7d    0x82  Code  Lc  securitymgr.o [5]
smp_Keys_Distribution_Complete
                        0x100558c9    0x46  Code  Lc  sm_common.o [5]
smp_Keys_Distribution_Send
                        0x1004f94d   0x126  Code  Lc  securitymgr.o [5]
smp_Keys_Distribution_Start
                        0x1004f915    0x36  Code  Gb  sm_common.o [5]
smp_LP_MI_Compute_c1_Confirm_Value
                        0x100522c9   0x156  Code  Lc  securitymgr.o [5]
smp_OOB_Check_Is_Remote_Data_Present
                        0x100470a5    0x36  Code  Gb  sm_common.o [5]
smp_OOB_Clear_Remote_Data_Entry_by_Index
                        0x10052aa5    0x1a  Code  Gb  sm_common.o [5]
smp_OOB_Get_Remote_Data_Reference
                        0x10052425    0x48  Code  Gb  sm_common.o [5]
smp_Pairing_Completed   0x1004fa79    0xa2  Code  Gb  sm_common.o [5]
smp_Process_Rx_Packet_Exception_Cases
                        0x1004bd51    0xae  Code  Lc  securitymgr.o [5]
smp_Process_Rx_Packet_wrt_Current_State
                        0x1004bb1d   0x174  Code  Lc  securitymgr.o [5]
smp_Receive_Keys        0x1004ff2d    0xd2  Code  Gb  sm_common.o [5]
smp_Reset_Timer         0x10047361    0x1a  Code  Lc  securitymgr.o [5]
smp_SR_Compute_c1_Confirm_Value
                        0x10052471   0x16a  Code  Lc  securitymgr.o [5]
smp_Send_Data           0x10047135    0x2c  Code  Gb  securitymgr.o [5]
smp_Set_Key_Association_Method
                        0x10052c05    0x64  Code  Lc  securitymgr.o [5]
smp____MI_PairingConfirm_Receive
                        0x1004f40b    0x56  Code  Lc  securitymgr.o [5]
smp____MI_PairingConfirm_Send
                        0x1004f659    0x92  Code  Lc  securitymgr.o [5]
smp____MI_PairingRandom_Receive
                        0x10050085   0x1a2  Code  Lc  securitymgr.o [5]
smp____MI_PairingResponse_Receive
                        0x10050001    0x7e  Code  Lc  securitymgr.o [5]
smp____MI_SecurityRequest_Receive
                        0x1004fcb5    0x60  Code  Lc  securitymgr.o [5]
smp____PairingFailed_Send
                        0x1004f8e5    0x30  Code  Gb  securitymgr.o [5]
smp____Pairing_2Octets_Packet_Send
                        0x10052881    0x48  Code  Gb  sm_common.o [5]
smp____Pairing_Process_Abort
                        0x1004bc95    0xb6  Code  Lc  securitymgr.o [5]
smp____SC_Continue_If_Exclusive_SC_Pairing
                        0x10052b41    0x36  Code  Gb  smp_scv42_isap.o [5]
smp____SC_PairingPublicKey_Receive
                        0x1004fd19    0x68  Code  Gb  smp_scv42_isap.o [5]
smp____SC_PairingPublicKey_Send
                        0x1004f5d1    0x64  Code  Gb  smp_scv42_isap.o [5]
smp____SC_Pairing_OOB_Confirm_Receive_and_Verify
                        0x1004f6f1    0x8c  Code  Gb  smp_scv42_isap.o [5]
smp____SC_Phase_2AS2_DHKeyCheck_Receive
                        0x10050231    0x80  Code  Gb  smp_scv42_isap.o [5]
smp____SC_Phase_2AS2_DHKeyCheck_Send
                        0x10052825    0x56  Code  Gb  smp_scv42_isap.o [5]
smp____SC_Phase_2AS2_Generate_DHKeyCheck
                        0x100526f5   0x12a  Code  Lc  smp_scv42_isap.o [5]
smp____SC_Phase_2AS2_Start
                        0x1004f831    0xae  Code  Gb  smp_scv42_isap.o [5]
smp____SC_Phase_2AS2__Set_Addresses
                        0x100525e1    0x32  Code  Lc  smp_scv42_isap.o [5]
smp____SC_Verify_Peer_PK_and_Generate_DHKey
                        0x10052c6d    0x3e  Code  Gb  smp_scv42_isap.o [5]
smp____SC_hci_le_generate_dhkey_complete_evt_hndl
                        0x10056745    0x22  Code  Gb  smp_scv42_isap.o [5]
smp____SC_hci_le_read_local_p256_public_key_complete_evt_hndl
                        0x100564ed    0x3c  Code  Gb  smp_scv42_isap.o [5]
smp____SC_initialize    0x10050b61    0x50  Code  Gb  smp_scv42_isap.o [5]
smp____SC_is_Debug_Key_Usage_Forced
                        0x10052265    0x10  Code  Gb  smp_scv42_isap.o [5]
smp____SC_is_any_other_SC_Pairing_Ongoing
                        0x10053dcd    0x34  Code  Gb  smp_scv42_isap.o [5]
smp____SC_submit_ECC_PK_generation_request
                        0x1004f5b5    0x16  Code  Gb  smp_scv42_isap.o [5]
smp____SR_PairingConfirm_Receive
                        0x1004f781    0xac  Code  Lc  securitymgr.o [5]
smp____SR_PairingRandom_Receive
                        0x1004fd89   0x19a  Code  Lc  securitymgr.o [5]
smp____SR_PairingRequest_Receive
                        0x1004fb21   0x18e  Code  Lc  securitymgr.o [5]
spi                     0x200043b4    0x24  Data  Gb  main.o [1]
spi_format              0x10049385    0x60  Code  Gb  spi_api.o [1]
spi_frequency           0x100493e5     0xa  Code  Gb  spi_api.o [1]
spi_init                0x100492b5    0xca  Code  Gb  spi_api.o [1]
stacklib_flash_data     0x10067000   0x800  Data  Gb  main.o [1]
stacklib_stored_device_id_data
                        0x10067800    0x38  Data  Gb  main.o [1]
start_timebase          0x100530e5    0x92  Code  Gb  multi_master_time.o [5]
stdio_uart              0x20004600    0x10  Data  Gb  serial_api.o [1]
stdio_uart_inited       0x20004648     0x4  Data  Gb  serial_api.o [1]
store_data              0x10051a91    0x1c  Code  Gb  gatt_server.o [5]
strcmp                  0x10041e59    0x22  Code  Gb  strcmp.o [8]
strlen                  0x10042bcd    0x10  Code  Gb  strlen.o [8]
strncmp                 0x10042ba1    0x2c  Code  Gb  strncmp.o [3]
swap_char               0x100486d5     0xa  Code  Lc  multi_master_time.o [5]
swap_short_int          0x100486df     0xa  Code  Lc  multi_master_time.o [5]
sys_alloc               0x100404b5   0x3e8  Code  Lc  dlmalloc.o [3]
syslock_o               0x20004540     0x4  Data  Lc  xsyslock_mtx.o [3]
system_time_trans       0x10047a87     0xa  Code  Gb  rom_ll_timehandling.o [5]
system_time_trans_ext   0x10047a91    0x26  Code  Gb  rom_ll_timehandling.o [5]
ticker_read             0x10042ee1     0x4  Code  Gb  mbed_ticker_api.o [1]
time_offset1            0x10048687     0xe  Code  Gb  rom_ll_timehandling.o [5]
time_offset2            0x100486a5     0xc  Code  Gb  rom_ll_timehandling.o [5]
tmalloc_large           0x100408a9   0x3ca  Code  Lc  dlmalloc.o [3]
tmalloc_small           0x10040c79   0x230  Code  Lc  dlmalloc.o [3]
update_present_time     0x10042d11    0xf4  Code  Lc  mbed_ticker_api.o [1]
us_data                 0x10042be0     0x8  Data  Lc  mbed_us_ticker_api.o [1]
us_interface            0x10056d10    0x1c  Data  Lc  mbed_us_ticker_api.o [1]
us_ticker_clear_interrupt
                        0x10055b85     0x2  Code  Gb  us_ticker_api.o [1]
us_ticker_disable_interrupt
                        0x10055b6b     0xc  Code  Gb  us_ticker_api.o [1]
us_ticker_fire_interrupt
                        0x10055b87     0x2  Code  Gb  us_ticker_api.o [1]
us_ticker_get_info      0x1005707d     0x8  Code  Wk  mbed_retarget.o [1]
us_ticker_get_info::info
                        0x1005706c     0x8  Data  Lc  mbed_retarget.o [1]
us_ticker_init          0x10055aeb    0x5c  Code  Gb  us_ticker_api.o [1]
us_ticker_read          0x10055b47    0x18  Code  Gb  us_ticker_api.o [1]
us_ticker_set_interrupt
                        0x10055b5f     0xc  Code  Gb  us_ticker_api.o [1]
void mbed::Callback<void ()>::function_call<void (*)()>(void const *)
                        0x10057085     0x8  Code  Gb  Ticker.o [1]
void mbed::Callback<void ()>::function_dtor<void (*)()>(void *)
                        0x100493ef     0x2  Code  Gb  Ticker.o [1]
void mbed::Callback<void ()>::function_move<void (*)()>(void *, void const *)
                        0x10041783     0xa  Code  Gb  Ticker.o [1]
void mbed::Callback<void ()>::generate<void (*)()>(void (*)() const &)::ops
                        0x10057018     0xc  Data  Gb  Ticker.o [1]
vsnprintf               0x10042a19    0x3c  Code  Gb  vsnprint.o [3]
wait_ms                 0x100427dd     0xc  Code  Gb  mbed_wait_api_no_rtos.o [1]
wakeupFromSleepFlag     0x2000000c     0x1  Data  Gb  system_bluenrg1.o [1]
wakeupFromSleepFlag_block$$Base
                        0x2000000c           --   Gb  - Linker created -
wakeupFromSleepFlag_block$$Limit
                        0x20000010           --   Gb  - Linker created -


[1] = C:\Users\Gianluca\mbedCLIdev\gian-beacon\BUILD\Obj
[2] = command line
[3] = dl6M_tlf.a
[4] = dlpp6M_tl_fc.a
[5] = libbluenrg1_stack.a
[6] = libmaster_library_bluenrg1.a
[7] = m6M_tl.a
[8] = rt6M_tl.a

  92 726 bytes of readonly  code memory
   1 788 bytes of readonly  data memory
  19 943 bytes of readwrite data memory

Errors: none
Warnings: none
