Archive member included to satisfy reference by file (symbol)

c:/program files (x86)/gnu tools arm embedded/6 2017-q2-update/bin/../lib/gcc/arm-none-eabi/6.3.1/../../../../arm-none-eabi/lib/thumb/v6-m\libc.a(lib_a-calloc.o)
                              ./BUILD/STEVAL_IDB007V1/GCC_ARM/mbed-os/features/mbedtls/src/asn1parse.o (calloc)
c:/program files (x86)/gnu tools arm embedded/6 2017-q2-update/bin/../lib/gcc/arm-none-eabi/6.3.1/../../../../arm-none-eabi/lib/thumb/v6-m\libc.a(lib_a-callocr.o)
                              ./BUILD/STEVAL_IDB007V1/GCC_ARM/mbed-os/platform/mbed_alloc_wrappers.o (_calloc_r)
c:/program files (x86)/gnu tools arm embedded/6 2017-q2-update/bin/../lib/gcc/arm-none-eabi/6.3.1/../../../../arm-none-eabi/lib/thumb/v6-m\libc.a(lib_a-errno.o)
                              ./BUILD/STEVAL_IDB007V1/GCC_ARM/mbed-os/platform/Stream.o (__errno)
c:/program files (x86)/gnu tools arm embedded/6 2017-q2-update/bin/../lib/gcc/arm-none-eabi/6.3.1/../../../../arm-none-eabi/lib/thumb/v6-m\libc.a(lib_a-fclose.o)
                              ./BUILD/STEVAL_IDB007V1/GCC_ARM/mbed-os/platform/Stream.o (fclose)
c:/program files (x86)/gnu tools arm embedded/6 2017-q2-update/bin/../lib/gcc/arm-none-eabi/6.3.1/../../../../arm-none-eabi/lib/thumb/v6-m\libc.a(lib_a-fflush.o)
                              c:/program files (x86)/gnu tools arm embedded/6 2017-q2-update/bin/../lib/gcc/arm-none-eabi/6.3.1/../../../../arm-none-eabi/lib/thumb/v6-m\libc.a(lib_a-fclose.o) (__sflush_r)
c:/program files (x86)/gnu tools arm embedded/6 2017-q2-update/bin/../lib/gcc/arm-none-eabi/6.3.1/../../../../arm-none-eabi/lib/thumb/v6-m\libc.a(lib_a-fgetc.o)
                              ./BUILD/STEVAL_IDB007V1/GCC_ARM/mbed-os/platform/mbed_retarget.o (fgetc)
c:/program files (x86)/gnu tools arm embedded/6 2017-q2-update/bin/../lib/gcc/arm-none-eabi/6.3.1/../../../../arm-none-eabi/lib/thumb/v6-m\libc.a(lib_a-fgets.o)
                              ./BUILD/STEVAL_IDB007V1/GCC_ARM/mbed-os/platform/mbed_retarget.o (fgets)
c:/program files (x86)/gnu tools arm embedded/6 2017-q2-update/bin/../lib/gcc/arm-none-eabi/6.3.1/../../../../arm-none-eabi/lib/thumb/v6-m\libc.a(lib_a-findfp.o)
                              c:/program files (x86)/gnu tools arm embedded/6 2017-q2-update/bin/../lib/gcc/arm-none-eabi/6.3.1/../../../../arm-none-eabi/lib/thumb/v6-m\libc.a(lib_a-fclose.o) (__sinit)
c:/program files (x86)/gnu tools arm embedded/6 2017-q2-update/bin/../lib/gcc/arm-none-eabi/6.3.1/../../../../arm-none-eabi/lib/thumb/v6-m\libc.a(lib_a-fopen.o)
                              ./BUILD/STEVAL_IDB007V1/GCC_ARM/mbed-os/platform/mbed_retarget.o (fopen)
c:/program files (x86)/gnu tools arm embedded/6 2017-q2-update/bin/../lib/gcc/arm-none-eabi/6.3.1/../../../../arm-none-eabi/lib/thumb/v6-m\libc.a(lib_a-fputc.o)
                              ./BUILD/STEVAL_IDB007V1/GCC_ARM/mbed-os/platform/Stream.o (fputc)
c:/program files (x86)/gnu tools arm embedded/6 2017-q2-update/bin/../lib/gcc/arm-none-eabi/6.3.1/../../../../arm-none-eabi/lib/thumb/v6-m\libc.a(lib_a-fputs.o)
                              ./BUILD/STEVAL_IDB007V1/GCC_ARM/mbed-os/platform/Stream.o (fputs)
c:/program files (x86)/gnu tools arm embedded/6 2017-q2-update/bin/../lib/gcc/arm-none-eabi/6.3.1/../../../../arm-none-eabi/lib/thumb/v6-m\libc.a(lib_a-freer.o)
                              ./BUILD/STEVAL_IDB007V1/GCC_ARM/mbed-os/platform/mbed_alloc_wrappers.o (_free_r)
c:/program files (x86)/gnu tools arm embedded/6 2017-q2-update/bin/../lib/gcc/arm-none-eabi/6.3.1/../../../../arm-none-eabi/lib/thumb/v6-m\libc.a(lib_a-fseek.o)
                              c:/program files (x86)/gnu tools arm embedded/6 2017-q2-update/bin/../lib/gcc/arm-none-eabi/6.3.1/../../../../arm-none-eabi/lib/thumb/v6-m\libc.a(lib_a-fopen.o) (_fseek_r)
c:/program files (x86)/gnu tools arm embedded/6 2017-q2-update/bin/../lib/gcc/arm-none-eabi/6.3.1/../../../../arm-none-eabi/lib/thumb/v6-m\libc.a(lib_a-fseeko.o)
                              c:/program files (x86)/gnu tools arm embedded/6 2017-q2-update/bin/../lib/gcc/arm-none-eabi/6.3.1/../../../../arm-none-eabi/lib/thumb/v6-m\libc.a(lib_a-fseek.o) (_fseeko_r)
c:/program files (x86)/gnu tools arm embedded/6 2017-q2-update/bin/../lib/gcc/arm-none-eabi/6.3.1/../../../../arm-none-eabi/lib/thumb/v6-m\libc.a(lib_a-fstatr.o)
                              c:/program files (x86)/gnu tools arm embedded/6 2017-q2-update/bin/../lib/gcc/arm-none-eabi/6.3.1/../../../../arm-none-eabi/lib/thumb/v6-m\libc.a(lib_a-fseeko.o) (_fstat_r)
c:/program files (x86)/gnu tools arm embedded/6 2017-q2-update/bin/../lib/gcc/arm-none-eabi/6.3.1/../../../../arm-none-eabi/lib/thumb/v6-m\libc.a(lib_a-fvwrite.o)
                              c:/program files (x86)/gnu tools arm embedded/6 2017-q2-update/bin/../lib/gcc/arm-none-eabi/6.3.1/../../../../arm-none-eabi/lib/thumb/v6-m\libc.a(lib_a-fputs.o) (__sfvwrite_r)
[...]
Memory Configuration

Name             Origin             Length             Attributes
FLASH            0x10040000         0x00028000         xr
RAM              0x20000000         0x00006000         xrw
*default*        0x00000000         0xffffffff

Linker script and memory map

LOAD c:/program files (x86)/gnu tools arm embedded/6 2017-q2-update/bin/../lib/gcc/arm-none-eabi/6.3.1/thumb/v6-m/crti.o
LOAD c:/program files (x86)/gnu tools arm embedded/6 2017-q2-update/bin/../lib/gcc/arm-none-eabi/6.3.1/thumb/v6-m/crtbegin.o
LOAD c:/program files (x86)/gnu tools arm embedded/6 2017-q2-update/bin/../lib/gcc/arm-none-eabi/6.3.1/../../../../arm-none-eabi/lib/thumb/v6-m/crt0.o
LOAD ./BUILD/STEVAL_IDB007V1/GCC_ARM/./main.o
LOAD ./BUILD/STEVAL_IDB007V1/GCC_ARM/./test_env.o
LOAD ./BUILD/STEVAL_IDB007V1/GCC_ARM/mbed-os/drivers/AnalogIn.o
LOAD ./BUILD/STEVAL_IDB007V1/GCC_ARM/mbed-os/drivers/BusIn.o
LOAD ./BUILD/STEVAL_IDB007V1/GCC_ARM/mbed-os/drivers/BusInOut.o
LOAD ./BUILD/STEVAL_IDB007V1/GCC_ARM/mbed-os/drivers/BusOut.o
LOAD ./BUILD/STEVAL_IDB007V1/GCC_ARM/mbed-os/drivers/CAN.o
LOAD ./BUILD/STEVAL_IDB007V1/GCC_ARM/mbed-os/drivers/Ethernet.o
LOAD ./BUILD/STEVAL_IDB007V1/GCC_ARM/mbed-os/drivers/FlashIAP.o
LOAD ./BUILD/STEVAL_IDB007V1/GCC_ARM/mbed-os/drivers/I2C.o
LOAD ./BUILD/STEVAL_IDB007V1/GCC_ARM/mbed-os/drivers/I2CSlave.o
LOAD ./BUILD/STEVAL_IDB007V1/GCC_ARM/mbed-os/drivers/InterruptIn.o
LOAD ./BUILD/STEVAL_IDB007V1/GCC_ARM/mbed-os/drivers/InterruptManager.o
LOAD ./BUILD/STEVAL_IDB007V1/GCC_ARM/mbed-os/drivers/RawSerial.o
LOAD ./BUILD/STEVAL_IDB007V1/GCC_ARM/mbed-os/drivers/SPI.o
LOAD ./BUILD/STEVAL_IDB007V1/GCC_ARM/mbed-os/drivers/SPISlave.o
LOAD ./BUILD/STEVAL_IDB007V1/GCC_ARM/mbed-os/drivers/Serial.o
LOAD ./BUILD/STEVAL_IDB007V1/GCC_ARM/mbed-os/drivers/SerialBase.o
LOAD ./BUILD/STEVAL_IDB007V1/GCC_ARM/mbed-os/drivers/Ticker.o
LOAD ./BUILD/STEVAL_IDB007V1/GCC_ARM/mbed-os/drivers/Timeout.o
LOAD ./BUILD/STEVAL_IDB007V1/GCC_ARM/mbed-os/drivers/Timer.o
LOAD ./BUILD/STEVAL_IDB007V1/GCC_ARM/mbed-os/drivers/TimerEvent.o
LOAD ./BUILD/STEVAL_IDB007V1/GCC_ARM/mbed-os/drivers/UARTSerial.o
LOAD ./BUILD/STEVAL_IDB007V1/GCC_ARM/mbed-os/features/filesystem/Dir.o
LOAD ./BUILD/STEVAL_IDB007V1/GCC_ARM/mbed-os/features/filesystem/File.o
LOAD ./BUILD/STEVAL_IDB007V1/GCC_ARM/mbed-os/features/filesystem/FileSystem.o
LOAD ./BUILD/STEVAL_IDB007V1/GCC_ARM/mbed-os/features/filesystem/bd/ChainingBlockDevice.o
LOAD ./BUILD/STEVAL_IDB007V1/GCC_ARM/mbed-os/features/filesystem/bd/HeapBlockDevice.o
LOAD ./BUILD/STEVAL_IDB007V1/GCC_ARM/mbed-os/features/filesystem/bd/MBRBlockDevice.o
LOAD ./BUILD/STEVAL_IDB007V1/GCC_ARM/mbed-os/features/filesystem/bd/ProfilingBlockDevice.o
LOAD ./BUILD/STEVAL_IDB007V1/GCC_ARM/mbed-os/features/filesystem/bd/SlicingBlockDevice.o
LOAD ./BUILD/STEVAL_IDB007V1/GCC_ARM/mbed-os/features/filesystem/fat/ChaN/ccsbcs.o
LOAD ./BUILD/STEVAL_IDB007V1/GCC_ARM/mbed-os/features/filesystem/fat/ChaN/ff.o
LOAD ./BUILD/STEVAL_IDB007V1/GCC_ARM/mbed-os/features/filesystem/fat/FATFileSystem.o
LOAD ./BUILD/STEVAL_IDB007V1/GCC_ARM/mbed-os/features/mbedtls/platform/src/mbed_trng.o
LOAD ./BUILD/STEVAL_IDB007V1/GCC_ARM/mbed-os/features/mbedtls/src/aes.o
LOAD ./BUILD/STEVAL_IDB007V1/GCC_ARM/mbed-os/features/mbedtls/src/aesni.o
LOAD ./BUILD/STEVAL_IDB007V1/GCC_ARM/mbed-os/features/mbedtls/src/arc4.o
LOAD ./BUILD/STEVAL_IDB007V1/GCC_ARM/mbed-os/features/mbedtls/src/asn1parse.o
LOAD ./BUILD/STEVAL_IDB007V1/GCC_ARM/mbed-os/features/mbedtls/src/asn1write.o
LOAD ./BUILD/STEVAL_IDB007V1/GCC_ARM/mbed-os/features/mbedtls/src/base64.o
LOAD ./BUILD/STEVAL_IDB007V1/GCC_ARM/mbed-os/features/mbedtls/src/bignum.o
LOAD ./BUILD/STEVAL_IDB007V1/GCC_ARM/mbed-os/features/mbedtls/src/blowfish.o
LOAD ./BUILD/STEVAL_IDB007V1/GCC_ARM/mbed-os/features/mbedtls/src/camellia.o
LOAD ./BUILD/STEVAL_IDB007V1/GCC_ARM/mbed-os/features/mbedtls/src/ccm.o
LOAD ./BUILD/STEVAL_IDB007V1/GCC_ARM/mbed-os/features/mbedtls/src/certs.o
LOAD ./BUILD/STEVAL_IDB007V1/GCC_ARM/mbed-os/features/mbedtls/src/cipher.o
LOAD ./BUILD/STEVAL_IDB007V1/GCC_ARM/mbed-os/features/mbedtls/src/cipher_wrap.o
LOAD ./BUILD/STEVAL_IDB007V1/GCC_ARM/mbed-os/features/mbedtls/src/cmac.o
LOAD ./BUILD/STEVAL_IDB007V1/GCC_ARM/mbed-os/features/mbedtls/src/ctr_drbg.o
LOAD ./BUILD/STEVAL_IDB007V1/GCC_ARM/mbed-os/features/mbedtls/src/debug.o
LOAD ./BUILD/STEVAL_IDB007V1/GCC_ARM/mbed-os/features/mbedtls/src/des.o
LOAD ./BUILD/STEVAL_IDB007V1/GCC_ARM/mbed-os/features/mbedtls/src/dhm.o
LOAD ./BUILD/STEVAL_IDB007V1/GCC_ARM/mbed-os/features/mbedtls/src/ecdh.o
LOAD ./BUILD/STEVAL_IDB007V1/GCC_ARM/mbed-os/features/mbedtls/src/ecdsa.o
LOAD ./BUILD/STEVAL_IDB007V1/GCC_ARM/mbed-os/features/mbedtls/src/ecjpake.o
LOAD ./BUILD/STEVAL_IDB007V1/GCC_ARM/mbed-os/features/mbedtls/src/ecp.o
LOAD ./BUILD/STEVAL_IDB007V1/GCC_ARM/mbed-os/features/mbedtls/src/ecp_curves.o
LOAD ./BUILD/STEVAL_IDB007V1/GCC_ARM/mbed-os/features/mbedtls/src/entropy.o
LOAD ./BUILD/STEVAL_IDB007V1/GCC_ARM/mbed-os/features/mbedtls/src/entropy_poll.o
LOAD ./BUILD/STEVAL_IDB007V1/GCC_ARM/mbed-os/features/mbedtls/src/error.o
LOAD ./BUILD/STEVAL_IDB007V1/GCC_ARM/mbed-os/features/mbedtls/src/gcm.o
LOAD ./BUILD/STEVAL_IDB007V1/GCC_ARM/mbed-os/features/mbedtls/src/havege.o
LOAD ./BUILD/STEVAL_IDB007V1/GCC_ARM/mbed-os/features/mbedtls/src/hmac_drbg.o
LOAD ./BUILD/STEVAL_IDB007V1/GCC_ARM/mbed-os/features/mbedtls/src/md.o
LOAD ./BUILD/STEVAL_IDB007V1/GCC_ARM/mbed-os/features/mbedtls/src/md2.o
LOAD ./BUILD/STEVAL_IDB007V1/GCC_ARM/mbed-os/features/mbedtls/src/md4.o
LOAD ./BUILD/STEVAL_IDB007V1/GCC_ARM/mbed-os/features/mbedtls/src/md5.o
LOAD ./BUILD/STEVAL_IDB007V1/GCC_ARM/mbed-os/features/mbedtls/src/md_wrap.o
LOAD ./BUILD/STEVAL_IDB007V1/GCC_ARM/mbed-os/features/mbedtls/src/memory_buffer_alloc.o
LOAD ./BUILD/STEVAL_IDB007V1/GCC_ARM/mbed-os/features/mbedtls/src/net_sockets.o
LOAD ./BUILD/STEVAL_IDB007V1/GCC_ARM/mbed-os/features/mbedtls/src/oid.o
LOAD ./BUILD/STEVAL_IDB007V1/GCC_ARM/mbed-os/features/mbedtls/src/padlock.o
LOAD ./BUILD/STEVAL_IDB007V1/GCC_ARM/mbed-os/features/mbedtls/src/pem.o
LOAD ./BUILD/STEVAL_IDB007V1/GCC_ARM/mbed-os/features/mbedtls/src/pk.o
LOAD ./BUILD/STEVAL_IDB007V1/GCC_ARM/mbed-os/features/mbedtls/src/pk_wrap.o
LOAD ./BUILD/STEVAL_IDB007V1/GCC_ARM/mbed-os/features/mbedtls/src/pkcs11.o
LOAD ./BUILD/STEVAL_IDB007V1/GCC_ARM/mbed-os/features/mbedtls/src/pkcs12.o
LOAD ./BUILD/STEVAL_IDB007V1/GCC_ARM/mbed-os/features/mbedtls/src/pkcs5.o
LOAD ./BUILD/STEVAL_IDB007V1/GCC_ARM/mbed-os/features/mbedtls/src/pkparse.o
LOAD ./BUILD/STEVAL_IDB007V1/GCC_ARM/mbed-os/features/mbedtls/src/pkwrite.o
LOAD ./BUILD/STEVAL_IDB007V1/GCC_ARM/mbed-os/features/mbedtls/src/platform.o
LOAD ./BUILD/STEVAL_IDB007V1/GCC_ARM/mbed-os/features/mbedtls/src/ripemd160.o
LOAD ./BUILD/STEVAL_IDB007V1/GCC_ARM/mbed-os/features/mbedtls/src/rsa.o
LOAD ./BUILD/STEVAL_IDB007V1/GCC_ARM/mbed-os/features/mbedtls/src/sha1.o
LOAD ./BUILD/STEVAL_IDB007V1/GCC_ARM/mbed-os/features/mbedtls/src/sha256.o
LOAD ./BUILD/STEVAL_IDB007V1/GCC_ARM/mbed-os/features/mbedtls/src/sha512.o
LOAD ./BUILD/STEVAL_IDB007V1/GCC_ARM/mbed-os/features/mbedtls/src/ssl_cache.o
LOAD ./BUILD/STEVAL_IDB007V1/GCC_ARM/mbed-os/features/mbedtls/src/ssl_ciphersuites.o
LOAD ./BUILD/STEVAL_IDB007V1/GCC_ARM/mbed-os/features/mbedtls/src/ssl_cli.o
LOAD ./BUILD/STEVAL_IDB007V1/GCC_ARM/mbed-os/features/mbedtls/src/ssl_cookie.o
LOAD ./BUILD/STEVAL_IDB007V1/GCC_ARM/mbed-os/features/mbedtls/src/ssl_srv.o
LOAD ./BUILD/STEVAL_IDB007V1/GCC_ARM/mbed-os/features/mbedtls/src/ssl_ticket.o
LOAD ./BUILD/STEVAL_IDB007V1/GCC_ARM/mbed-os/features/mbedtls/src/ssl_tls.o
LOAD ./BUILD/STEVAL_IDB007V1/GCC_ARM/mbed-os/features/mbedtls/src/threading.o
LOAD ./BUILD/STEVAL_IDB007V1/GCC_ARM/mbed-os/features/mbedtls/src/timing.o
LOAD ./BUILD/STEVAL_IDB007V1/GCC_ARM/mbed-os/features/mbedtls/src/version.o
LOAD ./BUILD/STEVAL_IDB007V1/GCC_ARM/mbed-os/features/mbedtls/src/version_features.o
LOAD ./BUILD/STEVAL_IDB007V1/GCC_ARM/mbed-os/features/mbedtls/src/x509.o
LOAD ./BUILD/STEVAL_IDB007V1/GCC_ARM/mbed-os/features/mbedtls/src/x509_create.o
LOAD ./BUILD/STEVAL_IDB007V1/GCC_ARM/mbed-os/features/mbedtls/src/x509_crl.o
LOAD ./BUILD/STEVAL_IDB007V1/GCC_ARM/mbed-os/features/mbedtls/src/x509_crt.o
LOAD ./BUILD/STEVAL_IDB007V1/GCC_ARM/mbed-os/features/mbedtls/src/x509_csr.o
LOAD ./BUILD/STEVAL_IDB007V1/GCC_ARM/mbed-os/features/mbedtls/src/x509write_crt.o
LOAD ./BUILD/STEVAL_IDB007V1/GCC_ARM/mbed-os/features/mbedtls/src/x509write_csr.o
LOAD ./BUILD/STEVAL_IDB007V1/GCC_ARM/mbed-os/features/mbedtls/src/xtea.o
LOAD ./BUILD/STEVAL_IDB007V1/GCC_ARM/mbed-os/hal/mbed_flash_api.o
LOAD ./BUILD/STEVAL_IDB007V1/GCC_ARM/mbed-os/hal/mbed_gpio.o
LOAD ./BUILD/STEVAL_IDB007V1/GCC_ARM/mbed-os/hal/mbed_lp_ticker_api.o
LOAD ./BUILD/STEVAL_IDB007V1/GCC_ARM/mbed-os/hal/mbed_pinmap_common.o
LOAD ./BUILD/STEVAL_IDB007V1/GCC_ARM/mbed-os/hal/mbed_sleep_manager.o
LOAD ./BUILD/STEVAL_IDB007V1/GCC_ARM/mbed-os/hal/mbed_ticker_api.o
LOAD ./BUILD/STEVAL_IDB007V1/GCC_ARM/mbed-os/hal/mbed_us_ticker_api.o
LOAD ./BUILD/STEVAL_IDB007V1/GCC_ARM/mbed-os/platform/ATCmdParser.o
LOAD ./BUILD/STEVAL_IDB007V1/GCC_ARM/mbed-os/platform/CallChain.o
LOAD ./BUILD/STEVAL_IDB007V1/GCC_ARM/mbed-os/platform/FileBase.o
LOAD ./BUILD/STEVAL_IDB007V1/GCC_ARM/mbed-os/platform/FileHandle.o
LOAD ./BUILD/STEVAL_IDB007V1/GCC_ARM/mbed-os/platform/FilePath.o
LOAD ./BUILD/STEVAL_IDB007V1/GCC_ARM/mbed-os/platform/FileSystemHandle.o
LOAD ./BUILD/STEVAL_IDB007V1/GCC_ARM/mbed-os/platform/LocalFileSystem.o
LOAD ./BUILD/STEVAL_IDB007V1/GCC_ARM/mbed-os/platform/Stream.o
LOAD ./BUILD/STEVAL_IDB007V1/GCC_ARM/mbed-os/platform/mbed_alloc_wrappers.o
LOAD ./BUILD/STEVAL_IDB007V1/GCC_ARM/mbed-os/platform/mbed_application.o
LOAD ./BUILD/STEVAL_IDB007V1/GCC_ARM/mbed-os/platform/mbed_assert.o
LOAD ./BUILD/STEVAL_IDB007V1/GCC_ARM/mbed-os/platform/mbed_board.o
LOAD ./BUILD/STEVAL_IDB007V1/GCC_ARM/mbed-os/platform/mbed_critical.o
LOAD ./BUILD/STEVAL_IDB007V1/GCC_ARM/mbed-os/platform/mbed_error.o
LOAD ./BUILD/STEVAL_IDB007V1/GCC_ARM/mbed-os/platform/mbed_interface.o
LOAD ./BUILD/STEVAL_IDB007V1/GCC_ARM/mbed-os/platform/mbed_mem_trace.o
LOAD ./BUILD/STEVAL_IDB007V1/GCC_ARM/mbed-os/platform/mbed_mktime.o
LOAD ./BUILD/STEVAL_IDB007V1/GCC_ARM/mbed-os/platform/mbed_poll.o
LOAD ./BUILD/STEVAL_IDB007V1/GCC_ARM/mbed-os/platform/mbed_retarget.o
LOAD ./BUILD/STEVAL_IDB007V1/GCC_ARM/mbed-os/platform/mbed_rtc_time.o
LOAD ./BUILD/STEVAL_IDB007V1/GCC_ARM/mbed-os/platform/mbed_sdk_boot.o
LOAD ./BUILD/STEVAL_IDB007V1/GCC_ARM/mbed-os/platform/mbed_semihost_api.o
LOAD ./BUILD/STEVAL_IDB007V1/GCC_ARM/mbed-os/platform/mbed_stats.o
LOAD ./BUILD/STEVAL_IDB007V1/GCC_ARM/mbed-os/platform/mbed_wait_api_no_rtos.o
LOAD ./BUILD/STEVAL_IDB007V1/GCC_ARM/mbed-os/platform/mbed_wait_api_rtos.o
LOAD ./BUILD/STEVAL_IDB007V1/GCC_ARM/mbed-os/targets/TARGET_STMBLUE/TARGET_BLUENRG1/TARGET_STEVAL_IDB007V1/device/TOOLCHAIN_GCC_ARM/startup_bluenrg1.o
LOAD ./BUILD/STEVAL_IDB007V1/GCC_ARM/mbed-os/targets/TARGET_STMBLUE/TARGET_BLUENRG1/TARGET_STEVAL_IDB007V1/device/cmsis_nvic.o
LOAD ./BUILD/STEVAL_IDB007V1/GCC_ARM/mbed-os/targets/TARGET_STMBLUE/TARGET_BLUENRG1/TARGET_STEVAL_IDB007V1/device/system_bluenrg1.o
LOAD ./BUILD/STEVAL_IDB007V1/GCC_ARM/mbed-os/targets/TARGET_STMBLUE/TARGET_BLUENRG1/device/BlueNRG1_adc.o
LOAD ./BUILD/STEVAL_IDB007V1/GCC_ARM/mbed-os/targets/TARGET_STMBLUE/TARGET_BLUENRG1/device/BlueNRG1_dma.o
LOAD ./BUILD/STEVAL_IDB007V1/GCC_ARM/mbed-os/targets/TARGET_STMBLUE/TARGET_BLUENRG1/device/BlueNRG1_flash.o
LOAD ./BUILD/STEVAL_IDB007V1/GCC_ARM/mbed-os/targets/TARGET_STMBLUE/TARGET_BLUENRG1/device/BlueNRG1_gpio.o
LOAD ./BUILD/STEVAL_IDB007V1/GCC_ARM/mbed-os/targets/TARGET_STMBLUE/TARGET_BLUENRG1/device/BlueNRG1_i2c.o
LOAD ./BUILD/STEVAL_IDB007V1/GCC_ARM/mbed-os/targets/TARGET_STMBLUE/TARGET_BLUENRG1/device/BlueNRG1_it.o
LOAD ./BUILD/STEVAL_IDB007V1/GCC_ARM/mbed-os/targets/TARGET_STMBLUE/TARGET_BLUENRG1/device/BlueNRG1_mft.o
LOAD ./BUILD/STEVAL_IDB007V1/GCC_ARM/mbed-os/targets/TARGET_STMBLUE/TARGET_BLUENRG1/device/BlueNRG1_pka.o
LOAD ./BUILD/STEVAL_IDB007V1/GCC_ARM/mbed-os/targets/TARGET_STMBLUE/TARGET_BLUENRG1/device/BlueNRG1_rng.o
LOAD ./BUILD/STEVAL_IDB007V1/GCC_ARM/mbed-os/targets/TARGET_STMBLUE/TARGET_BLUENRG1/device/BlueNRG1_rtc.o
LOAD ./BUILD/STEVAL_IDB007V1/GCC_ARM/mbed-os/targets/TARGET_STMBLUE/TARGET_BLUENRG1/device/BlueNRG1_spi.o
LOAD ./BUILD/STEVAL_IDB007V1/GCC_ARM/mbed-os/targets/TARGET_STMBLUE/TARGET_BLUENRG1/device/BlueNRG1_sysCtrl.o
LOAD ./BUILD/STEVAL_IDB007V1/GCC_ARM/mbed-os/targets/TARGET_STMBLUE/TARGET_BLUENRG1/device/BlueNRG1_uart.o
LOAD ./BUILD/STEVAL_IDB007V1/GCC_ARM/mbed-os/targets/TARGET_STMBLUE/TARGET_BLUENRG1/device/BlueNRG1_wdg.o
LOAD ./BUILD/STEVAL_IDB007V1/GCC_ARM/mbed-os/targets/TARGET_STMBLUE/TARGET_BLUENRG1/device/clock.o
LOAD ./BUILD/STEVAL_IDB007V1/GCC_ARM/mbed-os/targets/TARGET_STMBLUE/TARGET_BLUENRG1/device/misc.o
LOAD ./BUILD/STEVAL_IDB007V1/GCC_ARM/mbed-os/targets/TARGET_STMBLUE/TARGET_BLUENRG1/pin_device.o
LOAD ./BUILD/STEVAL_IDB007V1/GCC_ARM/mbed-os/targets/TARGET_STMBLUE/gpio_api.o
LOAD ./BUILD/STEVAL_IDB007V1/GCC_ARM/mbed-os/targets/TARGET_STMBLUE/mbed_overrides.o
LOAD ./BUILD/STEVAL_IDB007V1/GCC_ARM/mbed-os/targets/TARGET_STMBLUE/pinmap.o
LOAD ./BUILD/STEVAL_IDB007V1/GCC_ARM/mbed-os/targets/TARGET_STMBLUE/serial_api.o
LOAD ./BUILD/STEVAL_IDB007V1/GCC_ARM/mbed-os/targets/TARGET_STMBLUE/us_ticker_api.o
START GROUP
LOAD c:/program files (x86)/gnu tools arm embedded/6 2017-q2-update/bin/../lib/gcc/arm-none-eabi/6.3.1/../../../../arm-none-eabi/lib/thumb/v6-m\libstdc++.a
LOAD c:/program files (x86)/gnu tools arm embedded/6 2017-q2-update/bin/../lib/gcc/arm-none-eabi/6.3.1/../../../../arm-none-eabi/lib/thumb/v6-m\libsupc++.a
LOAD c:/program files (x86)/gnu tools arm embedded/6 2017-q2-update/bin/../lib/gcc/arm-none-eabi/6.3.1/../../../../arm-none-eabi/lib/thumb/v6-m\libm.a
LOAD c:/program files (x86)/gnu tools arm embedded/6 2017-q2-update/bin/../lib/gcc/arm-none-eabi/6.3.1/../../../../arm-none-eabi/lib/thumb/v6-m\libc.a
LOAD c:/program files (x86)/gnu tools arm embedded/6 2017-q2-update/bin/../lib/gcc/arm-none-eabi/6.3.1/thumb/v6-m\libgcc.a
LOAD c:/program files (x86)/gnu tools arm embedded/6 2017-q2-update/bin/../lib/gcc/arm-none-eabi/6.3.1/../../../../arm-none-eabi/lib/thumb/v6-m\libnosys.a
END GROUP
LOAD c:/program files (x86)/gnu tools arm embedded/6 2017-q2-update/bin/../lib/gcc/arm-none-eabi/6.3.1/../../../../arm-none-eabi/lib/thumb/v6-m\libstdc++.a
LOAD c:/program files (x86)/gnu tools arm embedded/6 2017-q2-update/bin/../lib/gcc/arm-none-eabi/6.3.1/../../../../arm-none-eabi/lib/thumb/v6-m\libsupc++.a
LOAD c:/program files (x86)/gnu tools arm embedded/6 2017-q2-update/bin/../lib/gcc/arm-none-eabi/6.3.1/../../../../arm-none-eabi/lib/thumb/v6-m\libm.a
LOAD c:/program files (x86)/gnu tools arm embedded/6 2017-q2-update/bin/../lib/gcc/arm-none-eabi/6.3.1/../../../../arm-none-eabi/lib/thumb/v6-m\libc.a
LOAD c:/program files (x86)/gnu tools arm embedded/6 2017-q2-update/bin/../lib/gcc/arm-none-eabi/6.3.1/thumb/v6-m\libgcc.a
LOAD c:/program files (x86)/gnu tools arm embedded/6 2017-q2-update/bin/../lib/gcc/arm-none-eabi/6.3.1/../../../../arm-none-eabi/lib/thumb/v6-m\libnosys.a
START GROUP
LOAD c:/program files (x86)/gnu tools arm embedded/6 2017-q2-update/bin/../lib/gcc/arm-none-eabi/6.3.1/thumb/v6-m\libgcc.a
LOAD c:/program files (x86)/gnu tools arm embedded/6 2017-q2-update/bin/../lib/gcc/arm-none-eabi/6.3.1/../../../../arm-none-eabi/lib/thumb/v6-m\libc.a
END GROUP
LOAD c:/program files (x86)/gnu tools arm embedded/6 2017-q2-update/bin/../lib/gcc/arm-none-eabi/6.3.1/thumb/v6-m/crtend.o
LOAD c:/program files (x86)/gnu tools arm embedded/6 2017-q2-update/bin/../lib/gcc/arm-none-eabi/6.3.1/thumb/v6-m/crtn.o

.text           0x10040000     0xb22c
 *(.isr_vector)
 .isr_vector    0x10040000       0xc0 ./BUILD/STEVAL_IDB007V1/GCC_ARM/mbed-os/targets/TARGET_STMBLUE/TARGET_BLUENRG1/TARGET_STEVAL_IDB007V1/device/TOOLCHAIN_GCC_ARM/startup_bluenrg1.o
                0x10040000                g_pfnVectors
 *(.text*)
 .text          0x100400c0       0x60 c:/program files (x86)/gnu tools arm embedded/6 2017-q2-update/bin/../lib/gcc/arm-none-eabi/6.3.1/thumb/v6-m/crtbegin.o
 .text          0x10040120       0x78 c:/program files (x86)/gnu tools arm embedded/6 2017-q2-update/bin/../lib/gcc/arm-none-eabi/6.3.1/../../../../arm-none-eabi/lib/thumb/v6-m/crt0.o
                0x10040120                _start
                0x10040120                _mainCRTStartup
 .text._ZN4mbed6SerialD2Ev
                0x10040198       0x4c ./BUILD/STEVAL_IDB007V1/GCC_ARM/./main.o
                0x10040198                mbed::Serial::~Serial()
                0x10040198                mbed::Serial::~Serial()
                0x100401c4                non-virtual thunk to mbed::Serial::~Serial()
                0x100401d4                non-virtual thunk to mbed::Serial::~Serial()
 .text.startup.main
                0x100401e4       0x40 ./BUILD/STEVAL_IDB007V1/GCC_ARM/./main.o
                0x100401e4                main
 .text._ZN4mbed6SerialD0Ev
                0x10040224       0x34 ./BUILD/STEVAL_IDB007V1/GCC_ARM/./main.o
                0x10040224                mbed::Serial::~Serial()
                0x10040236                non-virtual thunk to mbed::Serial::~Serial()
                0x10040248                non-virtual thunk to mbed::Serial::~Serial()
 .text.startup._GLOBAL__sub_I_retval
                0x10040258       0x78 ./BUILD/STEVAL_IDB007V1/GCC_ARM/./main.o
 .text._ZN4mbed8CallbackIFvvEED2Ev
                0x100402d0       0x12 ./BUILD/STEVAL_IDB007V1/GCC_ARM/mbed-os/drivers/InterruptManager.o
                0x100402d0                mbed::Callback<void ()>::~Callback()
                0x100402d0                mbed::Callback<void ()>::~Callback()
 .text._ZN4mbed10FileHandle5lseekEli
                0x100402e2        0xa ./BUILD/STEVAL_IDB007V1/GCC_ARM/mbed-os/drivers/Serial.o
                0x100402e2                mbed::FileHandle::lseek(long, int)
 .text._ZN4mbed10FileHandle5fsyncEv
                0x100402ec        0xa ./BUILD/STEVAL_IDB007V1/GCC_ARM/mbed-os/drivers/Serial.o
                0x100402ec                mbed::FileHandle::fsync()
 .text._ZN4mbed10FileHandle4flenEv
                0x100402f6        0xa ./BUILD/STEVAL_IDB007V1/GCC_ARM/mbed-os/drivers/Serial.o
                0x100402f6                mbed::FileHandle::flen()
 .text._ZN4mbed10FileHandle12set_blockingEb
                0x10040300        0x6 ./BUILD/STEVAL_IDB007V1/GCC_ARM/mbed-os/drivers/Serial.o
                0x10040300                mbed::FileHandle::set_blocking(bool)
 .text._ZNK4mbed10FileHandle4pollEs
                0x10040306        0x4 ./BUILD/STEVAL_IDB007V1/GCC_ARM/mbed-os/drivers/Serial.o
                0x10040306                mbed::FileHandle::poll(short) const
 .text._ZN4mbed10FileHandle5sigioENS_8CallbackIFvvEEE
                0x1004030a        0x2 ./BUILD/STEVAL_IDB007V1/GCC_ARM/mbed-os/drivers/Serial.o
                0x1004030a                mbed::FileHandle::sigio(mbed::Callback<void ()>)
 .text._ZN4mbed6Serial6unlockEv
                0x1004030c        0x2 ./BUILD/STEVAL_IDB007V1/GCC_ARM/mbed-os/drivers/Serial.o
                0x1004030c                mbed::Serial::unlock()
                0x1004030c                mbed::Serial::lock()
 *fill*         0x1004030e        0x2 
 .text._ZThn56_N4mbed6Serial4lockEv
                0x10040310       0x10 ./BUILD/STEVAL_IDB007V1/GCC_ARM/mbed-os/drivers/Serial.o
                0x10040310                non-virtual thunk to mbed::Serial::lock()
 .text._ZThn56_N4mbed6Serial6unlockEv
                0x10040320       0x10 ./BUILD/STEVAL_IDB007V1/GCC_ARM/mbed-os/drivers/Serial.o
                0x10040320                non-virtual thunk to mbed::Serial::unlock()
 .text._ZN4mbed6Serial5_getcEv
                0x10040330        0x8 ./BUILD/STEVAL_IDB007V1/GCC_ARM/mbed-os/drivers/Serial.o
                0x10040330                mbed::Serial::_getc()
 .text._ZThn56_N4mbed6Serial5_getcEv
                0x10040338       0x10 ./BUILD/STEVAL_IDB007V1/GCC_ARM/mbed-os/drivers/Serial.o
                0x10040338                non-virtual thunk to mbed::Serial::_getc()
 .text._ZN4mbed6Serial5_putcEi
                0x10040348        0x8 ./BUILD/STEVAL_IDB007V1/GCC_ARM/mbed-os/drivers/Serial.o
                0x10040348                mbed::Serial::_putc(int)
 .text._ZThn56_N4mbed6Serial5_putcEi
                0x10040350       0x10 ./BUILD/STEVAL_IDB007V1/GCC_ARM/mbed-os/drivers/Serial.o
                0x10040350                non-virtual thunk to mbed::Serial::_putc(int)
 .text._ZN4mbed6SerialC2E7PinNameS1_PKci
                0x10040360       0x30 ./BUILD/STEVAL_IDB007V1/GCC_ARM/mbed-os/drivers/Serial.o
                0x10040360                mbed::Serial::Serial(PinName, PinName, char const*, int)
                0x10040360                mbed::Serial::Serial(PinName, PinName, char const*, int)
 .text._ZN4mbed10SerialBase4lockEv
                0x10040390        0x2 ./BUILD/STEVAL_IDB007V1/GCC_ARM/mbed-os/drivers/SerialBase.o
                0x10040390                mbed::SerialBase::lock()
 .text._ZN4mbed10SerialBase6unlockEv
                0x10040392        0x2 ./BUILD/STEVAL_IDB007V1/GCC_ARM/mbed-os/drivers/SerialBase.o
                0x10040392                mbed::SerialBase::unlock()
 .text._ZN4mbed10SerialBase12_irq_handlerEm9SerialIrq
                0x10040394       0x3c ./BUILD/STEVAL_IDB007V1/GCC_ARM/mbed-os/drivers/SerialBase.o
                0x10040394                mbed::SerialBase::_irq_handler(unsigned long, SerialIrq)
 .text._ZN4mbed10SerialBase10_base_getcEv
                0x100403d0        0xa ./BUILD/STEVAL_IDB007V1/GCC_ARM/mbed-os/drivers/SerialBase.o
                0x100403d0                mbed::SerialBase::_base_getc()
 .text._ZN4mbed10SerialBase10_base_putcEi
                0x100403da        0xe ./BUILD/STEVAL_IDB007V1/GCC_ARM/mbed-os/drivers/SerialBase.o
                0x100403da                mbed::SerialBase::_base_putc(int)
 .text._ZN4mbed8CallbackIFvvEEaSERKS2_
                0x100403e8       0x28 ./BUILD/STEVAL_IDB007V1/GCC_ARM/mbed-os/drivers/SerialBase.o
                0x100403e8                mbed::Callback<void ()>::operator=(mbed::Callback<void ()> const&)
 .text._ZN4mbed10SerialBaseC2E7PinNameS1_i
                0x10040410       0x9c ./BUILD/STEVAL_IDB007V1/GCC_ARM/mbed-os/drivers/SerialBase.o
                0x10040410                mbed::SerialBase::SerialBase(PinName, PinName, int)
                0x10040410                mbed::SerialBase::SerialBase(PinName, PinName, int)
 .text._ZN4mbed10SerialBase6attachENS_8CallbackIFvvEEENS0_7IrqTypeE
                0x100404ac       0x78 ./BUILD/STEVAL_IDB007V1/GCC_ARM/mbed-os/drivers/SerialBase.o
                0x100404ac                mbed::SerialBase::attach(mbed::Callback<void ()>, mbed::SerialBase::IrqType)
 .text._ZN4mbed10SerialBaseD2Ev
                0x10040524       0x64 ./BUILD/STEVAL_IDB007V1/GCC_ARM/mbed-os/drivers/SerialBase.o
                0x10040524                mbed::SerialBase::~SerialBase()
                0x10040524                mbed::SerialBase::~SerialBase()
 .text._ZN4mbed10SerialBaseD0Ev
                0x10040588       0x12 ./BUILD/STEVAL_IDB007V1/GCC_ARM/mbed-os/drivers/SerialBase.o
                0x10040588                mbed::SerialBase::~SerialBase()
 *fill*         0x1004059a        0x2 
 .text._ZN12SingletonPtrI13PlatformMutexE3getEv
                0x1004059c       0x2c ./BUILD/STEVAL_IDB007V1/GCC_ARM/mbed-os/features/filesystem/fat/FATFileSystem.o
                0x1004059c                SingletonPtr<PlatformMutex>::get()
 .text.gpio_init_out_ex
                0x100405c8       0x2a ./BUILD/STEVAL_IDB007V1/GCC_ARM/mbed-os/hal/mbed_gpio.o
                0x100405c8                gpio_init_out_ex
 .text.gpio_init_out
                0x100405f2        0xa ./BUILD/STEVAL_IDB007V1/GCC_ARM/mbed-os/hal/mbed_gpio.o
                0x100405f2                gpio_init_out
 .text.sleep_manager_lock_deep_sleep
                0x100405fc        0x2 ./BUILD/STEVAL_IDB007V1/GCC_ARM/mbed-os/hal/mbed_sleep_manager.o
                0x100405fc                sleep_manager_lock_deep_sleep
 .text.sleep_manager_unlock_deep_sleep
                0x100405fe        0x2 ./BUILD/STEVAL_IDB007V1/GCC_ARM/mbed-os/hal/mbed_sleep_manager.o
                0x100405fe                sleep_manager_unlock_deep_sleep
 .text.update_present_time
                0x10040600       0xe4 ./BUILD/STEVAL_IDB007V1/GCC_ARM/mbed-os/hal/mbed_ticker_api.o
 .text._ticker_match_interval_passed
                0x100406e4       0x20 ./BUILD/STEVAL_IDB007V1/GCC_ARM/mbed-os/hal/mbed_ticker_api.o
                0x100406e4                _ticker_match_interval_passed
 .text.schedule_interrupt
                0x10040704       0xb8 ./BUILD/STEVAL_IDB007V1/GCC_ARM/mbed-os/hal/mbed_ticker_api.o
 .text.initialize.part.2
                0x100407bc       0xdc ./BUILD/STEVAL_IDB007V1/GCC_ARM/mbed-os/hal/mbed_ticker_api.o
 .text.ticker_read_us
                0x10040898       0x20 ./BUILD/STEVAL_IDB007V1/GCC_ARM/mbed-os/hal/mbed_ticker_api.o
                0x10040898                ticker_read_us
 .text.ticker_read
                0x100408b8        0x8 ./BUILD/STEVAL_IDB007V1/GCC_ARM/mbed-os/hal/mbed_ticker_api.o
                0x100408b8                ticker_read
 .text.get_us_ticker_data
                0x100408c0        0x8 ./BUILD/STEVAL_IDB007V1/GCC_ARM/mbed-os/hal/mbed_us_ticker_api.o
                0x100408c0                get_us_ticker_data
 .text._ZN4mbed8FileBase11getPathTypeEv
                0x100408c8        0x4 ./BUILD/STEVAL_IDB007V1/GCC_ARM/mbed-os/platform/FileBase.o
                0x100408c8                mbed::FileBase::getPathType()
 .text._ZN4mbed8FileBaseC2EPKcNS_8PathTypeE
                0x100408cc       0x44 ./BUILD/STEVAL_IDB007V1/GCC_ARM/mbed-os/platform/FileBase.o
                0x100408cc                mbed::FileBase::FileBase(char const*, mbed::PathType)
                0x100408cc                mbed::FileBase::FileBase(char const*, mbed::PathType)
 .text._ZN4mbed8FileBaseD2Ev
                0x10040910       0x54 ./BUILD/STEVAL_IDB007V1/GCC_ARM/mbed-os/platform/FileBase.o
                0x10040910                mbed::FileBase::~FileBase()
                0x10040910                mbed::FileBase::~FileBase()
 .text._ZN4mbed8FileBaseD0Ev
                0x10040964       0x12 ./BUILD/STEVAL_IDB007V1/GCC_ARM/mbed-os/platform/FileBase.o
                0x10040964                mbed::FileBase::~FileBase()
 *fill*         0x10040976        0x2 
 .text._ZN4mbed8FileBase6lookupEPKcj
                0x10040978       0x48 ./BUILD/STEVAL_IDB007V1/GCC_ARM/mbed-os/platform/FileBase.o
                0x10040978                mbed::FileBase::lookup(char const*, unsigned int)
 .text._ZN4mbed10FileHandle4syncEv
                0x100409c0        0x4 ./BUILD/STEVAL_IDB007V1/GCC_ARM/mbed-os/platform/FileHandle.o
                0x100409c0                mbed::FileHandle::sync()
 .text._ZN4mbed10FileHandle6isattyEv
                0x100409c4        0x4 ./BUILD/STEVAL_IDB007V1/GCC_ARM/mbed-os/platform/FileHandle.o
                0x100409c4                mbed::FileHandle::isatty()
 .text._ZN4mbed10FileHandle4tellEv
                0x100409c8        0xe ./BUILD/STEVAL_IDB007V1/GCC_ARM/mbed-os/platform/FileHandle.o
                0x100409c8                mbed::FileHandle::tell()
 .text._ZN4mbed10FileHandle6rewindEv
                0x100409d6        0xe ./BUILD/STEVAL_IDB007V1/GCC_ARM/mbed-os/platform/FileHandle.o
                0x100409d6                mbed::FileHandle::rewind()
 .text._ZN4mbed10FileHandle4sizeEv
                0x100409e4       0x32 ./BUILD/STEVAL_IDB007V1/GCC_ARM/mbed-os/platform/FileHandle.o
                0x100409e4                mbed::FileHandle::size()
 .text._ZN4mbed6fdopenEPNS_10FileHandleEPKc
                0x10040a16        0x8 ./BUILD/STEVAL_IDB007V1/GCC_ARM/mbed-os/platform/FileHandle.o
                0x10040a16                mbed::fdopen(mbed::FileHandle*, char const*)
 .text._ZN4mbed8FilePathC2EPKc
                0x10040a1e       0x3e ./BUILD/STEVAL_IDB007V1/GCC_ARM/mbed-os/platform/FilePath.o
                0x10040a1e                mbed::FilePath::FilePath(char const*)
                0x10040a1e                mbed::FilePath::FilePath(char const*)
 .text._ZN4mbed8FilePath8fileNameEv
                0x10040a5c        0x4 ./BUILD/STEVAL_IDB007V1/GCC_ARM/mbed-os/platform/FilePath.o
                0x10040a5c                mbed::FilePath::fileName()
 .text._ZN4mbed8FilePath12isFileSystemEv
                0x10040a60       0x16 ./BUILD/STEVAL_IDB007V1/GCC_ARM/mbed-os/platform/FilePath.o
                0x10040a60                mbed::FilePath::isFileSystem()
 .text._ZN4mbed8FilePath10fileSystemEv
                0x10040a76       0x18 ./BUILD/STEVAL_IDB007V1/GCC_ARM/mbed-os/platform/FilePath.o
                0x10040a76                mbed::FilePath::fileSystem()
 .text._ZN4mbed8FilePath6isFileEv
                0x10040a8e       0x14 ./BUILD/STEVAL_IDB007V1/GCC_ARM/mbed-os/platform/FilePath.o
                0x10040a8e                mbed::FilePath::isFile()
 .text._ZN4mbed8FilePath4fileEv
                0x10040aa2       0x18 ./BUILD/STEVAL_IDB007V1/GCC_ARM/mbed-os/platform/FilePath.o
                0x10040aa2                mbed::FilePath::file()
 .text._ZN4mbed8FilePath6existsEv
                0x10040aba        0xa ./BUILD/STEVAL_IDB007V1/GCC_ARM/mbed-os/platform/FilePath.o
                0x10040aba                mbed::FilePath::exists()
 .text._ZN4mbed6Stream4lockEv
                0x10040ac4        0x2 ./BUILD/STEVAL_IDB007V1/GCC_ARM/mbed-os/platform/Stream.o
                0x10040ac4                mbed::Stream::lock()
 .text._ZN4mbed6Stream6unlockEv
                0x10040ac6        0x2 ./BUILD/STEVAL_IDB007V1/GCC_ARM/mbed-os/platform/Stream.o
                0x10040ac6                mbed::Stream::unlock()
 .text._ZN4mbed6Stream5writeEPKvj
                0x10040ac8       0x36 ./BUILD/STEVAL_IDB007V1/GCC_ARM/mbed-os/platform/Stream.o
                0x10040ac8                mbed::Stream::write(void const*, unsigned int)
 .text._ZN4mbed6Stream4readEPvj
                0x10040afe       0x32 ./BUILD/STEVAL_IDB007V1/GCC_ARM/mbed-os/platform/Stream.o
                0x10040afe                mbed::Stream::read(void*, unsigned int)
 .text._ZN4mbed6Stream4seekEli
                0x10040b30        0x4 ./BUILD/STEVAL_IDB007V1/GCC_ARM/mbed-os/platform/Stream.o
                0x10040b30                mbed::Stream::seek(long, int)
 .text._ZN4mbed6Stream6rewindEv
                0x10040b34        0x2 ./BUILD/STEVAL_IDB007V1/GCC_ARM/mbed-os/platform/Stream.o
                0x10040b34                mbed::Stream::rewind()
 .text._ZN4mbed6Stream4syncEv
                0x10040b36        0x4 ./BUILD/STEVAL_IDB007V1/GCC_ARM/mbed-os/platform/Stream.o
                0x10040b36                mbed::Stream::isatty()
                0x10040b36                mbed::Stream::sync()
                0x10040b36                mbed::Stream::close()
 .text._ZN4mbed6Stream4sizeEv
                0x10040b3a        0x4 ./BUILD/STEVAL_IDB007V1/GCC_ARM/mbed-os/platform/Stream.o
                0x10040b3a                mbed::Stream::tell()
                0x10040b3a                mbed::Stream::size()
 *fill*         0x10040b3e        0x2 
 .text._ZN4mbed8FileLikeD2Ev
                0x10040b40       0x30 ./BUILD/STEVAL_IDB007V1/GCC_ARM/mbed-os/platform/Stream.o
                0x10040b40                mbed::FileLike::~FileLike()
                0x10040b40                mbed::FileLike::~FileLike()
                0x10040b60                non-virtual thunk to mbed::FileLike::~FileLike()
 .text._ZN4mbed8FileLikeD0Ev
                0x10040b70       0x24 ./BUILD/STEVAL_IDB007V1/GCC_ARM/mbed-os/platform/Stream.o
                0x10040b70                mbed::FileLike::~FileLike()
                0x10040b82                non-virtual thunk to mbed::FileLike::~FileLike()
 .text._ZN4mbed6StreamC2EPKc
                0x10040b94       0x54 ./BUILD/STEVAL_IDB007V1/GCC_ARM/mbed-os/platform/Stream.o
                0x10040b94                mbed::Stream::Stream(char const*)
                0x10040b94                mbed::Stream::Stream(char const*)
 .text._ZN4mbed6StreamD2Ev
                0x10040be8       0x24 ./BUILD/STEVAL_IDB007V1/GCC_ARM/mbed-os/platform/Stream.o
                0x10040be8                mbed::Stream::~Stream()
                0x10040be8                mbed::Stream::~Stream()
 .text._ZN4mbed6Stream6printfEPKcz
                0x10040c0c       0x36 ./BUILD/STEVAL_IDB007V1/GCC_ARM/mbed-os/platform/Stream.o
                0x10040c0c                mbed::Stream::printf(char const*, ...)
 .text.__wrap__malloc_r
                0x10040c42        0x8 ./BUILD/STEVAL_IDB007V1/GCC_ARM/mbed-os/platform/mbed_alloc_wrappers.o
                0x10040c42                __wrap__malloc_r
 .text.__wrap__realloc_r
                0x10040c4a        0x8 ./BUILD/STEVAL_IDB007V1/GCC_ARM/mbed-os/platform/mbed_alloc_wrappers.o
                0x10040c4a                __wrap__realloc_r
 .text.__wrap__free_r
                0x10040c52        0x8 ./BUILD/STEVAL_IDB007V1/GCC_ARM/mbed-os/platform/mbed_alloc_wrappers.o
                0x10040c52                __wrap__free_r
 .text.__wrap__calloc_r
                0x10040c5a        0x8 ./BUILD/STEVAL_IDB007V1/GCC_ARM/mbed-os/platform/mbed_alloc_wrappers.o
                0x10040c5a                __wrap__calloc_r
 *fill*         0x10040c62        0x2 
 .text.mbed_assert_internal
                0x10040c64       0x24 ./BUILD/STEVAL_IDB007V1/GCC_ARM/mbed-os/platform/mbed_assert.o
                0x10040c64                mbed_assert_internal
 .text.mbed_die
                0x10040c88       0x60 ./BUILD/STEVAL_IDB007V1/GCC_ARM/mbed-os/platform/mbed_board.o
                0x10040c88                mbed_die
 .text.mbed_error_vfprintf
                0x10040ce8       0x54 ./BUILD/STEVAL_IDB007V1/GCC_ARM/mbed-os/platform/mbed_board.o
                0x10040ce8                mbed_error_vfprintf
 .text.mbed_error_printf
                0x10040d3c       0x16 ./BUILD/STEVAL_IDB007V1/GCC_ARM/mbed-os/platform/mbed_board.o
                0x10040d3c                mbed_error_printf
 .text.core_util_are_interrupts_enabled
                0x10040d52        0xa ./BUILD/STEVAL_IDB007V1/GCC_ARM/mbed-os/platform/mbed_critical.o
                0x10040d52                core_util_are_interrupts_enabled
 .text.core_util_critical_section_enter
                0x10040d5c       0x5c ./BUILD/STEVAL_IDB007V1/GCC_ARM/mbed-os/platform/mbed_critical.o
                0x10040d5c                core_util_critical_section_enter
 .text.core_util_critical_section_exit
                0x10040db8       0x44 ./BUILD/STEVAL_IDB007V1/GCC_ARM/mbed-os/platform/mbed_critical.o
                0x10040db8                core_util_critical_section_exit
 .text.error    0x10040dfc       0x2c ./BUILD/STEVAL_IDB007V1/GCC_ARM/mbed-os/platform/mbed_error.o
                0x10040dfc                error
 .text._ZL11init_serialv
                0x10040e28       0x2c ./BUILD/STEVAL_IDB007V1/GCC_ARM/mbed-os/platform/mbed_retarget.o
 .text._close   0x10040e54       0x40 ./BUILD/STEVAL_IDB007V1/GCC_ARM/mbed-os/platform/mbed_retarget.o
                0x10040e54                _close
 .text._write   0x10040e94       0x64 ./BUILD/STEVAL_IDB007V1/GCC_ARM/mbed-os/platform/mbed_retarget.o
                0x10040e94                _write
 .text._read    0x10040ef8       0x5c ./BUILD/STEVAL_IDB007V1/GCC_ARM/mbed-os/platform/mbed_retarget.o
                0x10040ef8                _read
 .text._isatty  0x10040f54       0x3c ./BUILD/STEVAL_IDB007V1/GCC_ARM/mbed-os/platform/mbed_retarget.o
                0x10040f54                _isatty
 .text._lseek   0x10040f90       0x44 ./BUILD/STEVAL_IDB007V1/GCC_ARM/mbed-os/platform/mbed_retarget.o
                0x10040f90                _lseek
 .text._fstat   0x10040fd4       0x54 ./BUILD/STEVAL_IDB007V1/GCC_ARM/mbed-os/platform/mbed_retarget.o
                0x10040fd4                _fstat
 .text.__cxa_pure_virtual
                0x10041028        0x8 ./BUILD/STEVAL_IDB007V1/GCC_ARM/mbed-os/platform/mbed_retarget.o
                0x10041028                __cxa_pure_virtual
 .text._sbrk    0x10041030       0x44 ./BUILD/STEVAL_IDB007V1/GCC_ARM/mbed-os/platform/mbed_retarget.o
                0x10041030                _sbrk
 .text._exit    0x10041074        0xc ./BUILD/STEVAL_IDB007V1/GCC_ARM/mbed-os/platform/mbed_retarget.o
                0x10041074                _exit
 .text.__aeabi_atexit
                0x10041080        0x4 ./BUILD/STEVAL_IDB007V1/GCC_ARM/mbed-os/platform/mbed_retarget.o
                0x10041080                __aeabi_atexit
 .text.__wrap_exit
                0x10041084        0x6 ./BUILD/STEVAL_IDB007V1/GCC_ARM/mbed-os/platform/mbed_retarget.o
                0x10041084                __wrap_exit
 .text.__wrap_atexit
                0x1004108a        0x4 ./BUILD/STEVAL_IDB007V1/GCC_ARM/mbed-os/platform/mbed_retarget.o
                0x1004108a                __wrap_atexit
 .text._ZN4mbed26mbed_set_unbuffered_streamEP7__sFILE
                0x1004108e        0xa ./BUILD/STEVAL_IDB007V1/GCC_ARM/mbed-os/platform/mbed_retarget.o
                0x1004108e                mbed::mbed_set_unbuffered_stream(__sFILE*)
 .text._ZN4mbed11mbed_fdopenEPNS_10FileHandleEPKc
                0x10041098       0x3e ./BUILD/STEVAL_IDB007V1/GCC_ARM/mbed-os/platform/mbed_retarget.o
                0x10041098                mbed::mbed_fdopen(mbed::FileHandle*, char const*)
 .text.__rtos_malloc_lock
                0x100410d6        0x2 ./BUILD/STEVAL_IDB007V1/GCC_ARM/mbed-os/platform/mbed_retarget.o
                0x100410d6                __rtos_malloc_lock
 .text.__rtos_malloc_unlock
                0x100410d8        0x2 ./BUILD/STEVAL_IDB007V1/GCC_ARM/mbed-os/platform/mbed_retarget.o
                0x100410d8                __rtos_malloc_unlock
 .text.__malloc_lock
                0x100410da        0x8 ./BUILD/STEVAL_IDB007V1/GCC_ARM/mbed-os/platform/mbed_retarget.o
                0x100410da                __malloc_lock
 .text.__malloc_unlock
                0x100410e2        0x8 ./BUILD/STEVAL_IDB007V1/GCC_ARM/mbed-os/platform/mbed_retarget.o
                0x100410e2                __malloc_unlock
 .text._ZdaPv   0x100410ea        0xc ./BUILD/STEVAL_IDB007V1/GCC_ARM/mbed-os/platform/mbed_retarget.o
                0x100410ea                operator delete[](void*)
 .text._ZdlPv   0x100410f6        0x8 ./BUILD/STEVAL_IDB007V1/GCC_ARM/mbed-os/platform/mbed_retarget.o
                0x100410f6                operator delete(void*)
 *fill*         0x100410fe        0x2 
 .text.us_ticker_get_info
                0x10041100        0x8 ./BUILD/STEVAL_IDB007V1/GCC_ARM/mbed-os/platform/mbed_retarget.o
                0x10041100                us_ticker_get_info
 .text._ZN4mbed17remove_filehandleEPNS_10FileHandleE
                0x10041108       0x34 ./BUILD/STEVAL_IDB007V1/GCC_ARM/mbed-os/platform/mbed_retarget.o
                0x10041108                mbed::remove_filehandle(mbed::FileHandle*)
 .text._open    0x1004113c      0x12c ./BUILD/STEVAL_IDB007V1/GCC_ARM/mbed-os/platform/mbed_retarget.o
                0x1004113c                _open
 .text.mbed_main
                0x10041268        0x2 ./BUILD/STEVAL_IDB007V1/GCC_ARM/mbed-os/platform/mbed_sdk_boot.o
                0x10041268                mbed_main
 .text.software_init_hook_rtos
                0x1004126a        0x2 ./BUILD/STEVAL_IDB007V1/GCC_ARM/mbed-os/platform/mbed_sdk_boot.o
                0x1004126a                software_init_hook_rtos
 .text.software_init_hook
                0x1004126c        0xc ./BUILD/STEVAL_IDB007V1/GCC_ARM/mbed-os/platform/mbed_sdk_boot.o
                0x1004126c                software_init_hook
 .text.__wrap_main
                0x10041278        0xc ./BUILD/STEVAL_IDB007V1/GCC_ARM/mbed-os/platform/mbed_sdk_boot.o
                0x10041278                __wrap_main
 .text.wait_us  0x10041284       0x1e ./BUILD/STEVAL_IDB007V1/GCC_ARM/mbed-os/platform/mbed_wait_api_no_rtos.o
                0x10041284                wait_us
 .text.wait_ms  0x100412a2        0xe ./BUILD/STEVAL_IDB007V1/GCC_ARM/mbed-os/platform/mbed_wait_api_no_rtos.o
                0x100412a2                wait_ms
 .text.Reset_Handler
                0x100412b0       0x34 ./BUILD/STEVAL_IDB007V1/GCC_ARM/mbed-os/targets/TARGET_STMBLUE/TARGET_BLUENRG1/TARGET_STEVAL_IDB007V1/device/TOOLCHAIN_GCC_ARM/startup_bluenrg1.o
                0x100412b0                Reset_Handler
 .text.Default_Handler
                0x100412e4        0x2 ./BUILD/STEVAL_IDB007V1/GCC_ARM/mbed-os/targets/TARGET_STMBLUE/TARGET_BLUENRG1/TARGET_STEVAL_IDB007V1/device/TOOLCHAIN_GCC_ARM/startup_bluenrg1.o
                0x100412e4                GPIO_IRQHandler
                0x100412e4                SysTick_Handler
                0x100412e4                PendSV_Handler
                0x100412e4                UART_IRQHandler
                0x100412e4                I2C1_IRQHandler
                0x100412e4                MFT1A_IRQHandler
                0x100412e4                WDG_IRQHandler
                0x100412e4                MFT2B_IRQHandler
                0x100412e4                MFT2A_IRQHandler
                0x100412e4                PKA_IRQHandler
                0x100412e4                I2C2_IRQHandler
                0x100412e4                RTC_IRQHandler
                0x100412e4                SPI_IRQHandler
                0x100412e4                Default_Handler
                0x100412e4                ADC_IRQHandler
                0x100412e4                SVC_Handler
                0x100412e4                BLE_IRQHandler
                0x100412e4                DMA_IRQHandler
                0x100412e4                FLASH_IRQHandler
 *fill*         0x100412e6        0x2 
 .text.DeviceConfiguration
                0x100412e8       0xbc ./BUILD/STEVAL_IDB007V1/GCC_ARM/mbed-os/targets/TARGET_STMBLUE/TARGET_BLUENRG1/TARGET_STEVAL_IDB007V1/device/system_bluenrg1.o
                0x100412e8                DeviceConfiguration
 .text.SystemInit
                0x100413a4      0x11c ./BUILD/STEVAL_IDB007V1/GCC_ARM/mbed-os/targets/TARGET_STMBLUE/TARGET_BLUENRG1/TARGET_STEVAL_IDB007V1/device/system_bluenrg1.o
                0x100413a4                SystemInit
 .text.GPIO_Init
                0x100414c0       0xac ./BUILD/STEVAL_IDB007V1/GCC_ARM/mbed-os/targets/TARGET_STMBLUE/TARGET_BLUENRG1/device/BlueNRG1_gpio.o
                0x100414c0                GPIO_Init
 .text.GPIO_ReadBit
                0x1004156c       0x10 ./BUILD/STEVAL_IDB007V1/GCC_ARM/mbed-os/targets/TARGET_STMBLUE/TARGET_BLUENRG1/device/BlueNRG1_gpio.o
                0x1004156c                GPIO_ReadBit
 .text.GPIO_WriteBit
                0x1004157c       0x10 ./BUILD/STEVAL_IDB007V1/GCC_ARM/mbed-os/targets/TARGET_STMBLUE/TARGET_BLUENRG1/device/BlueNRG1_gpio.o
                0x1004157c                GPIO_WriteBit
 .text.NMI_Handler
                0x1004158c        0x2 ./BUILD/STEVAL_IDB007V1/GCC_ARM/mbed-os/targets/TARGET_STMBLUE/TARGET_BLUENRG1/device/BlueNRG1_it.o
                0x1004158c                NMI_Handler
 .text.HardFault_Handler
                0x1004158e        0x2 ./BUILD/STEVAL_IDB007V1/GCC_ARM/mbed-os/targets/TARGET_STMBLUE/TARGET_BLUENRG1/device/BlueNRG1_it.o
                0x1004158e                HardFault_Handler
 .text.MFT_Init
                0x10041590       0x88 ./BUILD/STEVAL_IDB007V1/GCC_ARM/mbed-os/targets/TARGET_STMBLUE/TARGET_BLUENRG1/device/BlueNRG1_mft.o
                0x10041590                MFT_Init
 .text.MFT_StructInit
                0x10041618       0x10 ./BUILD/STEVAL_IDB007V1/GCC_ARM/mbed-os/targets/TARGET_STMBLUE/TARGET_BLUENRG1/device/BlueNRG1_mft.o
                0x10041618                MFT_StructInit
 .text.MFT_Cmd  0x10041628       0x14 ./BUILD/STEVAL_IDB007V1/GCC_ARM/mbed-os/targets/TARGET_STMBLUE/TARGET_BLUENRG1/device/BlueNRG1_mft.o
                0x10041628                MFT_Cmd
 .text.MFT_SetCounter2
                0x1004163c        0x4 ./BUILD/STEVAL_IDB007V1/GCC_ARM/mbed-os/targets/TARGET_STMBLUE/TARGET_BLUENRG1/device/BlueNRG1_mft.o
                0x1004163c                MFT_SetCounter2
 .text.MFT_GetCounter2
                0x10041640        0x6 ./BUILD/STEVAL_IDB007V1/GCC_ARM/mbed-os/targets/TARGET_STMBLUE/TARGET_BLUENRG1/device/BlueNRG1_mft.o
                0x10041640                MFT_GetCounter2
 .text.MFT_EnableIT
                0x10041646       0x16 ./BUILD/STEVAL_IDB007V1/GCC_ARM/mbed-os/targets/TARGET_STMBLUE/TARGET_BLUENRG1/device/BlueNRG1_mft.o
                0x10041646                MFT_EnableIT
 .text.MFT_ClearIT
                0x1004165c        0xa ./BUILD/STEVAL_IDB007V1/GCC_ARM/mbed-os/targets/TARGET_STMBLUE/TARGET_BLUENRG1/device/BlueNRG1_mft.o
                0x1004165c                MFT_ClearIT
 .text.MFT_StatusIT
                0x10041666        0xc ./BUILD/STEVAL_IDB007V1/GCC_ARM/mbed-os/targets/TARGET_STMBLUE/TARGET_BLUENRG1/device/BlueNRG1_mft.o
                0x10041666                MFT_StatusIT
 *fill*         0x10041672        0x2 
 .text.SysCtrl_PeripheralClockCmd
                0x10041674       0x18 ./BUILD/STEVAL_IDB007V1/GCC_ARM/mbed-os/targets/TARGET_STMBLUE/TARGET_BLUENRG1/device/BlueNRG1_sysCtrl.o
                0x10041674                SysCtrl_PeripheralClockCmd
 .text.UART_Cmd
                0x1004168c       0x1c ./BUILD/STEVAL_IDB007V1/GCC_ARM/mbed-os/targets/TARGET_STMBLUE/TARGET_BLUENRG1/device/BlueNRG1_uart.o
                0x1004168c                UART_Cmd
 .text.UART_Init
                0x100416a8      0x144 ./BUILD/STEVAL_IDB007V1/GCC_ARM/mbed-os/targets/TARGET_STMBLUE/TARGET_BLUENRG1/device/BlueNRG1_uart.o
                0x100416a8                UART_Init
 .text.UART_SendData
                0x100417ec       0x10 ./BUILD/STEVAL_IDB007V1/GCC_ARM/mbed-os/targets/TARGET_STMBLUE/TARGET_BLUENRG1/device/BlueNRG1_uart.o
                0x100417ec                UART_SendData
 .text.UART_ReceiveData
                0x100417fc        0xc ./BUILD/STEVAL_IDB007V1/GCC_ARM/mbed-os/targets/TARGET_STMBLUE/TARGET_BLUENRG1/device/BlueNRG1_uart.o
                0x100417fc                UART_ReceiveData
 .text.UART_GetFlagStatus
                0x10041808       0x1c ./BUILD/STEVAL_IDB007V1/GCC_ARM/mbed-os/targets/TARGET_STMBLUE/TARGET_BLUENRG1/device/BlueNRG1_uart.o
                0x10041808                UART_GetFlagStatus
 .text.UART_RxFifoIrqLevelConfig
                0x10041824       0x1c ./BUILD/STEVAL_IDB007V1/GCC_ARM/mbed-os/targets/TARGET_STMBLUE/TARGET_BLUENRG1/device/BlueNRG1_uart.o
                0x10041824                UART_RxFifoIrqLevelConfig
 .text.NVIC_Init
                0x10041840       0x94 ./BUILD/STEVAL_IDB007V1/GCC_ARM/mbed-os/targets/TARGET_STMBLUE/TARGET_BLUENRG1/device/misc.o
                0x10041840                NVIC_Init
 .text.getGpioPin
                0x100418d4        0xa ./BUILD/STEVAL_IDB007V1/GCC_ARM/mbed-os/targets/TARGET_STMBLUE/TARGET_BLUENRG1/pin_device.o
                0x100418d4                getGpioPin
 .text.gpio_mode
                0x100418de        0xc ./BUILD/STEVAL_IDB007V1/GCC_ARM/mbed-os/targets/TARGET_STMBLUE/gpio_api.o
                0x100418de                gpio_mode
 .text.gpio_dir
                0x100418ea        0xc ./BUILD/STEVAL_IDB007V1/GCC_ARM/mbed-os/targets/TARGET_STMBLUE/gpio_api.o
                0x100418ea                gpio_dir
 .text.gpio_write
                0x100418f6       0x10 ./BUILD/STEVAL_IDB007V1/GCC_ARM/mbed-os/targets/TARGET_STMBLUE/gpio_api.o
                0x100418f6                gpio_write
 .text.gpio_init
                0x10041906       0x34 ./BUILD/STEVAL_IDB007V1/GCC_ARM/mbed-os/targets/TARGET_STMBLUE/gpio_api.o
                0x10041906                gpio_init
 .text.gpio_read
                0x1004193a        0xa ./BUILD/STEVAL_IDB007V1/GCC_ARM/mbed-os/targets/TARGET_STMBLUE/gpio_api.o
                0x1004193a                gpio_read
 .text.mbed_sdk_init
                0x10041944        0x2 ./BUILD/STEVAL_IDB007V1/GCC_ARM/mbed-os/targets/TARGET_STMBLUE/mbed_overrides.o
                0x10041944                mbed_sdk_init
 *fill*         0x10041946        0x2 
 .text.serial_init
                0x10041948       0x74 ./BUILD/STEVAL_IDB007V1/GCC_ARM/mbed-os/targets/TARGET_STMBLUE/serial_api.o
                0x10041948                serial_init
 .text.serial_putc
                0x100419bc       0x16 ./BUILD/STEVAL_IDB007V1/GCC_ARM/mbed-os/targets/TARGET_STMBLUE/serial_api.o
                0x100419bc                serial_putc
 .text.serial_getc
                0x100419d2       0x12 ./BUILD/STEVAL_IDB007V1/GCC_ARM/mbed-os/targets/TARGET_STMBLUE/serial_api.o
                0x100419d2                serial_getc
 .text.serial_baud
                0x100419e4        0x6 ./BUILD/STEVAL_IDB007V1/GCC_ARM/mbed-os/targets/TARGET_STMBLUE/serial_api.o
                0x100419e4                serial_baud
 .text.serial_irq_handler
                0x100419ea        0x2 ./BUILD/STEVAL_IDB007V1/GCC_ARM/mbed-os/targets/TARGET_STMBLUE/serial_api.o
                0x100419ea                serial_irq_handler
 .text.serial_irq_set
                0x100419ec        0x2 ./BUILD/STEVAL_IDB007V1/GCC_ARM/mbed-os/targets/TARGET_STMBLUE/serial_api.o
                0x100419ec                serial_irq_set
 *fill*         0x100419ee        0x2 
 .text.MFT1B_IRQHandler
                0x100419f0       0x2c ./BUILD/STEVAL_IDB007V1/GCC_ARM/mbed-os/targets/TARGET_STMBLUE/us_ticker_api.o
                0x100419f0                MFT1B_IRQHandler
 .text.us_ticker_init
                0x10041a1c       0x64 ./BUILD/STEVAL_IDB007V1/GCC_ARM/mbed-os/targets/TARGET_STMBLUE/us_ticker_api.o
                0x10041a1c                us_ticker_init
 .text.us_ticker_read
                0x10041a80       0x28 ./BUILD/STEVAL_IDB007V1/GCC_ARM/mbed-os/targets/TARGET_STMBLUE/us_ticker_api.o
                0x10041a80                us_ticker_read
 .text.us_ticker_set_interrupt
                0x10041aa8       0x10 ./BUILD/STEVAL_IDB007V1/GCC_ARM/mbed-os/targets/TARGET_STMBLUE/us_ticker_api.o
                0x10041aa8                us_ticker_set_interrupt
 .text.us_ticker_disable_interrupt
                0x10041ab8       0x10 ./BUILD/STEVAL_IDB007V1/GCC_ARM/mbed-os/targets/TARGET_STMBLUE/us_ticker_api.o
                0x10041ab8                us_ticker_disable_interrupt
 .text.us_ticker_clear_interrupt
                0x10041ac8        0x2 ./BUILD/STEVAL_IDB007V1/GCC_ARM/mbed-os/targets/TARGET_STMBLUE/us_ticker_api.o
                0x10041ac8                us_ticker_clear_interrupt
 .text.us_ticker_fire_interrupt
                0x10041aca        0x2 ./BUILD/STEVAL_IDB007V1/GCC_ARM/mbed-os/targets/TARGET_STMBLUE/us_ticker_api.o
                0x10041aca                us_ticker_fire_interrupt
 .text._calloc_r
                0x10041acc       0x58 c:/program files (x86)/gnu tools arm embedded/6 2017-q2-update/bin/../lib/gcc/arm-none-eabi/6.3.1/../../../../arm-none-eabi/lib/thumb/v6-m\libc.a(lib_a-callocr.o)
                0x10041acc                _calloc_r
 .text.__errno  0x10041b24        0xc c:/program files (x86)/gnu tools arm embedded/6 2017-q2-update/bin/../lib/gcc/arm-none-eabi/6.3.1/../../../../arm-none-eabi/lib/thumb/v6-m\libc.a(lib_a-errno.o)
                0x10041b24                __errno
 .text._fclose_r
                0x10041b30       0xcc c:/program files (x86)/gnu tools arm embedded/6 2017-q2-update/bin/../lib/gcc/arm-none-eabi/6.3.1/../../../../arm-none-eabi/lib/thumb/v6-m\libc.a(lib_a-fclose.o)
                0x10041b30                _fclose_r
 .text.fclose   0x10041bfc       0x14 c:/program files (x86)/gnu tools arm embedded/6 2017-q2-update/bin/../lib/gcc/arm-none-eabi/6.3.1/../../../../arm-none-eabi/lib/thumb/v6-m\libc.a(lib_a-fclose.o)
                0x10041bfc                fclose
 .text.__sflush_r
                0x10041c10      0x150 c:/program files (x86)/gnu tools arm embedded/6 2017-q2-update/bin/../lib/gcc/arm-none-eabi/6.3.1/../../../../arm-none-eabi/lib/thumb/v6-m\libc.a(lib_a-fflush.o)
                0x10041c10                __sflush_r
 .text._fflush_r
                0x10041d60       0x54 c:/program files (x86)/gnu tools arm embedded/6 2017-q2-update/bin/../lib/gcc/arm-none-eabi/6.3.1/../../../../arm-none-eabi/lib/thumb/v6-m\libc.a(lib_a-fflush.o)
                0x10041d60                _fflush_r
 .text.fflush   0x10041db4       0x28 c:/program files (x86)/gnu tools arm embedded/6 2017-q2-update/bin/../lib/gcc/arm-none-eabi/6.3.1/../../../../arm-none-eabi/lib/thumb/v6-m\libc.a(lib_a-fflush.o)
                0x10041db4                fflush
 .text._cleanup_r
                0x10041ddc       0x10 c:/program files (x86)/gnu tools arm embedded/6 2017-q2-update/bin/../lib/gcc/arm-none-eabi/6.3.1/../../../../arm-none-eabi/lib/thumb/v6-m\libc.a(lib_a-findfp.o)
                0x10041ddc                _cleanup_r
 .text.std.isra.0
                0x10041dec       0x50 c:/program files (x86)/gnu tools arm embedded/6 2017-q2-update/bin/../lib/gcc/arm-none-eabi/6.3.1/../../../../arm-none-eabi/lib/thumb/v6-m\libc.a(lib_a-findfp.o)
 .text.__sfmoreglue
                0x10041e3c       0x30 c:/program files (x86)/gnu tools arm embedded/6 2017-q2-update/bin/../lib/gcc/arm-none-eabi/6.3.1/../../../../arm-none-eabi/lib/thumb/v6-m\libc.a(lib_a-findfp.o)
                0x10041e3c                __sfmoreglue
 .text.__sinit  0x10041e6c       0x60 c:/program files (x86)/gnu tools arm embedded/6 2017-q2-update/bin/../lib/gcc/arm-none-eabi/6.3.1/../../../../arm-none-eabi/lib/thumb/v6-m\libc.a(lib_a-findfp.o)
                0x10041e6c                __sinit
 .text.__sfp    0x10041ecc       0xac c:/program files (x86)/gnu tools arm embedded/6 2017-q2-update/bin/../lib/gcc/arm-none-eabi/6.3.1/../../../../arm-none-eabi/lib/thumb/v6-m\libc.a(lib_a-findfp.o)
                0x10041ecc                __sfp
 .text.__sfp_lock_acquire
                0x10041f78       0x10 c:/program files (x86)/gnu tools arm embedded/6 2017-q2-update/bin/../lib/gcc/arm-none-eabi/6.3.1/../../../../arm-none-eabi/lib/thumb/v6-m\libc.a(lib_a-findfp.o)
                0x10041f78                __sfp_lock_acquire
 .text.__sfp_lock_release
                0x10041f88       0x10 c:/program files (x86)/gnu tools arm embedded/6 2017-q2-update/bin/../lib/gcc/arm-none-eabi/6.3.1/../../../../arm-none-eabi/lib/thumb/v6-m\libc.a(lib_a-findfp.o)
                0x10041f88                __sfp_lock_release
 .text._fopen_r
                0x10041f98       0xac c:/program files (x86)/gnu tools arm embedded/6 2017-q2-update/bin/../lib/gcc/arm-none-eabi/6.3.1/../../../../arm-none-eabi/lib/thumb/v6-m\libc.a(lib_a-fopen.o)
                0x10041f98                _fopen_r
 .text.fopen    0x10042044       0x18 c:/program files (x86)/gnu tools arm embedded/6 2017-q2-update/bin/../lib/gcc/arm-none-eabi/6.3.1/../../../../arm-none-eabi/lib/thumb/v6-m\libc.a(lib_a-fopen.o)
                0x10042044                fopen
 .text._malloc_trim_r
                0x1004205c       0xa0 c:/program files (x86)/gnu tools arm embedded/6 2017-q2-update/bin/../lib/gcc/arm-none-eabi/6.3.1/../../../../arm-none-eabi/lib/thumb/v6-m\libc.a(lib_a-freer.o)
                0x1004205c                _malloc_trim_r
 .text._free_r  0x100420fc      0x1bc c:/program files (x86)/gnu tools arm embedded/6 2017-q2-update/bin/../lib/gcc/arm-none-eabi/6.3.1/../../../../arm-none-eabi/lib/thumb/v6-m\libc.a(lib_a-freer.o)
                0x100420fc                _free_r
 .text._fseek_r
                0x100422b8        0x8 c:/program files (x86)/gnu tools arm embedded/6 2017-q2-update/bin/../lib/gcc/arm-none-eabi/6.3.1/../../../../arm-none-eabi/lib/thumb/v6-m\libc.a(lib_a-fseek.o)
                0x100422b8                _fseek_r
 .text._fseeko_r
                0x100422c0      0x33c c:/program files (x86)/gnu tools arm embedded/6 2017-q2-update/bin/../lib/gcc/arm-none-eabi/6.3.1/../../../../arm-none-eabi/lib/thumb/v6-m\libc.a(lib_a-fseeko.o)
                0x100422c0                _fseeko_r
 .text._fstat_r
                0x100425fc       0x28 c:/program files (x86)/gnu tools arm embedded/6 2017-q2-update/bin/../lib/gcc/arm-none-eabi/6.3.1/../../../../arm-none-eabi/lib/thumb/v6-m\libc.a(lib_a-fstatr.o)
                0x100425fc                _fstat_r
 .text.__sfvwrite_r
                0x10042624      0x304 c:/program files (x86)/gnu tools arm embedded/6 2017-q2-update/bin/../lib/gcc/arm-none-eabi/6.3.1/../../../../arm-none-eabi/lib/thumb/v6-m\libc.a(lib_a-fvwrite.o)
                0x10042624                __sfvwrite_r
 .text._fwalk   0x10042928       0x44 c:/program files (x86)/gnu tools arm embedded/6 2017-q2-update/bin/../lib/gcc/arm-none-eabi/6.3.1/../../../../arm-none-eabi/lib/thumb/v6-m\libc.a(lib_a-fwalk.o)
                0x10042928                _fwalk
 .text._fwalk_reent
                0x1004296c       0x4c c:/program files (x86)/gnu tools arm embedded/6 2017-q2-update/bin/../lib/gcc/arm-none-eabi/6.3.1/../../../../arm-none-eabi/lib/thumb/v6-m\libc.a(lib_a-fwalk.o)
                0x1004296c                _fwalk_reent
 .text.__libc_init_array
                0x100429b8       0x48 c:/program files (x86)/gnu tools arm embedded/6 2017-q2-update/bin/../lib/gcc/arm-none-eabi/6.3.1/../../../../arm-none-eabi/lib/thumb/v6-m\libc.a(lib_a-init.o)
                0x100429b8                __libc_init_array
 .text.__retarget_lock_init_recursive
                0x10042a00        0x4 c:/program files (x86)/gnu tools arm embedded/6 2017-q2-update/bin/../lib/gcc/arm-none-eabi/6.3.1/../../../../arm-none-eabi/lib/thumb/v6-m\libc.a(lib_a-lock.o)
                0x10042a00                __retarget_lock_init_recursive
 .text.__retarget_lock_close_recursive
                0x10042a04        0x4 c:/program files (x86)/gnu tools arm embedded/6 2017-q2-update/bin/../lib/gcc/arm-none-eabi/6.3.1/../../../../arm-none-eabi/lib/thumb/v6-m\libc.a(lib_a-lock.o)
                0x10042a04                __retarget_lock_close_recursive
 .text.__retarget_lock_acquire_recursive
                0x10042a08        0x4 c:/program files (x86)/gnu tools arm embedded/6 2017-q2-update/bin/../lib/gcc/arm-none-eabi/6.3.1/../../../../arm-none-eabi/lib/thumb/v6-m\libc.a(lib_a-lock.o)
                0x10042a08                __retarget_lock_acquire_recursive
 .text.__retarget_lock_release_recursive
                0x10042a0c        0x4 c:/program files (x86)/gnu tools arm embedded/6 2017-q2-update/bin/../lib/gcc/arm-none-eabi/6.3.1/../../../../arm-none-eabi/lib/thumb/v6-m\libc.a(lib_a-lock.o)
                0x10042a0c                __retarget_lock_release_recursive
 .text.__swhatbuf_r
                0x10042a10       0x60 c:/program files (x86)/gnu tools arm embedded/6 2017-q2-update/bin/../lib/gcc/arm-none-eabi/6.3.1/../../../../arm-none-eabi/lib/thumb/v6-m\libc.a(lib_a-makebuf.o)
                0x10042a10                __swhatbuf_r
 .text.__smakebuf_r
                0x10042a70       0x90 c:/program files (x86)/gnu tools arm embedded/6 2017-q2-update/bin/../lib/gcc/arm-none-eabi/6.3.1/../../../../arm-none-eabi/lib/thumb/v6-m\libc.a(lib_a-makebuf.o)
                0x10042a70                __smakebuf_r
 .text.malloc   0x10042b00       0x14 c:/program files (x86)/gnu tools arm embedded/6 2017-q2-update/bin/../lib/gcc/arm-none-eabi/6.3.1/../../../../arm-none-eabi/lib/thumb/v6-m\libc.a(lib_a-malloc.o)
                0x10042b00                malloc
 .text.free     0x10042b14       0x14 c:/program files (x86)/gnu tools arm embedded/6 2017-q2-update/bin/../lib/gcc/arm-none-eabi/6.3.1/../../../../arm-none-eabi/lib/thumb/v6-m\libc.a(lib_a-malloc.o)
                0x10042b14                free
 .text._malloc_r
                0x10042b28      0x568 c:/program files (x86)/gnu tools arm embedded/6 2017-q2-update/bin/../lib/gcc/arm-none-eabi/6.3.1/../../../../arm-none-eabi/lib/thumb/v6-m\libc.a(lib_a-mallocr.o)
                0x10042b28                _malloc_r
 .text.memchr   0x10043090       0x80 c:/program files (x86)/gnu tools arm embedded/6 2017-q2-update/bin/../lib/gcc/arm-none-eabi/6.3.1/../../../../arm-none-eabi/lib/thumb/v6-m\libc.a(lib_a-memchr-stub.o)
                0x10043090                memchr
 .text.memcpy   0x10043110       0x84 c:/program files (x86)/gnu tools arm embedded/6 2017-q2-update/bin/../lib/gcc/arm-none-eabi/6.3.1/../../../../arm-none-eabi/lib/thumb/v6-m\libc.a(lib_a-memcpy-stub.o)
                0x10043110                memcpy
 .text.memmove  0x10043194       0xa0 c:/program files (x86)/gnu tools arm embedded/6 2017-q2-update/bin/../lib/gcc/arm-none-eabi/6.3.1/../../../../arm-none-eabi/lib/thumb/v6-m\libc.a(lib_a-memmove.o)
                0x10043194                memmove
 .text.memset   0x10043234       0x94 c:/program files (x86)/gnu tools arm embedded/6 2017-q2-update/bin/../lib/gcc/arm-none-eabi/6.3.1/../../../../arm-none-eabi/lib/thumb/v6-m\libc.a(lib_a-memset.o)
                0x10043234                memset
 .text._open_r  0x100432c8       0x28 c:/program files (x86)/gnu tools arm embedded/6 2017-q2-update/bin/../lib/gcc/arm-none-eabi/6.3.1/../../../../arm-none-eabi/lib/thumb/v6-m\libc.a(lib_a-openr.o)
                0x100432c8                _open_r
 .text._realloc_r
                0x100432f0      0x37c c:/program files (x86)/gnu tools arm embedded/6 2017-q2-update/bin/../lib/gcc/arm-none-eabi/6.3.1/../../../../arm-none-eabi/lib/thumb/v6-m\libc.a(lib_a-reallocr.o)
                0x100432f0                _realloc_r
 .text.lflush   0x1004366c       0x1c c:/program files (x86)/gnu tools arm embedded/6 2017-q2-update/bin/../lib/gcc/arm-none-eabi/6.3.1/../../../../arm-none-eabi/lib/thumb/v6-m\libc.a(lib_a-refill.o)
 .text.__srefill_r
                0x10043688      0x11c c:/program files (x86)/gnu tools arm embedded/6 2017-q2-update/bin/../lib/gcc/arm-none-eabi/6.3.1/../../../../arm-none-eabi/lib/thumb/v6-m\libc.a(lib_a-refill.o)
                0x10043688                __srefill_r
 .text._sbrk_r  0x100437a4       0x24 c:/program files (x86)/gnu tools arm embedded/6 2017-q2-update/bin/../lib/gcc/arm-none-eabi/6.3.1/../../../../arm-none-eabi/lib/thumb/v6-m\libc.a(lib_a-sbrkr.o)
                0x100437a4                _sbrk_r
 .text.setbuf   0x100437c8       0x14 c:/program files (x86)/gnu tools arm embedded/6 2017-q2-update/bin/../lib/gcc/arm-none-eabi/6.3.1/../../../../arm-none-eabi/lib/thumb/v6-m\libc.a(lib_a-setbuf.o)
                0x100437c8                setbuf
 .text.setvbuf  0x100437dc      0x1a0 c:/program files (x86)/gnu tools arm embedded/6 2017-q2-update/bin/../lib/gcc/arm-none-eabi/6.3.1/../../../../arm-none-eabi/lib/thumb/v6-m\libc.a(lib_a-setvbuf.o)
                0x100437dc                setvbuf
 .text.__sread  0x1004397c       0x28 c:/program files (x86)/gnu tools arm embedded/6 2017-q2-update/bin/../lib/gcc/arm-none-eabi/6.3.1/../../../../arm-none-eabi/lib/thumb/v6-m\libc.a(lib_a-stdio.o)
                0x1004397c                __sread
 .text.__swrite
                0x100439a4       0x3c c:/program files (x86)/gnu tools arm embedded/6 2017-q2-update/bin/../lib/gcc/arm-none-eabi/6.3.1/../../../../arm-none-eabi/lib/thumb/v6-m\libc.a(lib_a-stdio.o)
                0x100439a4                __swrite
 .text.__sseek  0x100439e0       0x2c c:/program files (x86)/gnu tools arm embedded/6 2017-q2-update/bin/../lib/gcc/arm-none-eabi/6.3.1/../../../../arm-none-eabi/lib/thumb/v6-m\libc.a(lib_a-stdio.o)
                0x100439e0                __sseek
 .text.__sclose
                0x10043a0c        0xc c:/program files (x86)/gnu tools arm embedded/6 2017-q2-update/bin/../lib/gcc/arm-none-eabi/6.3.1/../../../../arm-none-eabi/lib/thumb/v6-m\libc.a(lib_a-stdio.o)
                0x10043a0c                __sclose
 .text          0x10043a18       0x88 c:/program files (x86)/gnu tools arm embedded/6 2017-q2-update/bin/../lib/gcc/arm-none-eabi/6.3.1/../../../../arm-none-eabi/lib/thumb/v6-m\libc.a(lib_a-strcmp.o)
                0x10043a18                strcmp
 .text.strlen   0x10043aa0       0x64 c:/program files (x86)/gnu tools arm embedded/6 2017-q2-update/bin/../lib/gcc/arm-none-eabi/6.3.1/../../../../arm-none-eabi/lib/thumb/v6-m\libc.a(lib_a-strlen-stub.o)
                0x10043aa0                strlen
 .text.strncmp  0x10043b04       0x94 c:/program files (x86)/gnu tools arm embedded/6 2017-q2-update/bin/../lib/gcc/arm-none-eabi/6.3.1/../../../../arm-none-eabi/lib/thumb/v6-m\libc.a(lib_a-strncmp.o)
                0x10043b04                strncmp
 .text._svfprintf_r
                0x10043b98     0x1608 c:/program files (x86)/gnu tools arm embedded/6 2017-q2-update/bin/../lib/gcc/arm-none-eabi/6.3.1/../../../../arm-none-eabi/lib/thumb/v6-m\libc.a(lib_a-svfprintf.o)
                0x10043b98                _svfprintf_r
 .text._vfprintf_r
                0x100451a0     0x16d8 c:/program files (x86)/gnu tools arm embedded/6 2017-q2-update/bin/../lib/gcc/arm-none-eabi/6.3.1/../../../../arm-none-eabi/lib/thumb/v6-m\libc.a(lib_a-vfprintf.o)
                0x100451a0                _vfprintf_r
 .text.vfprintf
                0x10046878       0x18 c:/program files (x86)/gnu tools arm embedded/6 2017-q2-update/bin/../lib/gcc/arm-none-eabi/6.3.1/../../../../arm-none-eabi/lib/thumb/v6-m\libc.a(lib_a-vfprintf.o)
                0x10046878                vfprintf
 .text.__sbprintf
                0x10046890       0x88 c:/program files (x86)/gnu tools arm embedded/6 2017-q2-update/bin/../lib/gcc/arm-none-eabi/6.3.1/../../../../arm-none-eabi/lib/thumb/v6-m\libc.a(lib_a-vfprintf.o)
 .text._vsnprintf_r
                0x10046918       0x74 c:/program files (x86)/gnu tools arm embedded/6 2017-q2-update/bin/../lib/gcc/arm-none-eabi/6.3.1/../../../../arm-none-eabi/lib/thumb/v6-m\libc.a(lib_a-vsnprintf.o)
                0x10046918                _vsnprintf_r
 .text.vsnprintf
                0x1004698c       0x20 c:/program files (x86)/gnu tools arm embedded/6 2017-q2-update/bin/../lib/gcc/arm-none-eabi/6.3.1/../../../../arm-none-eabi/lib/thumb/v6-m\libc.a(lib_a-vsnprintf.o)
                0x1004698c                vsnprintf
 .text.__swbuf_r
                0x100469ac       0xbc c:/program files (x86)/gnu tools arm embedded/6 2017-q2-update/bin/../lib/gcc/arm-none-eabi/6.3.1/../../../../arm-none-eabi/lib/thumb/v6-m\libc.a(lib_a-wbuf.o)
                0x100469ac                __swbuf_r
 .text._write_r
                0x10046a68       0x28 c:/program files (x86)/gnu tools arm embedded/6 2017-q2-update/bin/../lib/gcc/arm-none-eabi/6.3.1/../../../../arm-none-eabi/lib/thumb/v6-m\libc.a(lib_a-writer.o)
                0x10046a68                _write_r
 .text.__swsetup_r
                0x10046a90       0xd4 c:/program files (x86)/gnu tools arm embedded/6 2017-q2-update/bin/../lib/gcc/arm-none-eabi/6.3.1/../../../../arm-none-eabi/lib/thumb/v6-m\libc.a(lib_a-wsetup.o)
                0x10046a90                __swsetup_r
 .text._close_r
                0x10046b64       0x24 c:/program files (x86)/gnu tools arm embedded/6 2017-q2-update/bin/../lib/gcc/arm-none-eabi/6.3.1/../../../../arm-none-eabi/lib/thumb/v6-m\libc.a(lib_a-closer.o)
                0x10046b64                _close_r
 .text.quorem   0x10046b88      0x154 c:/program files (x86)/gnu tools arm embedded/6 2017-q2-update/bin/../lib/gcc/arm-none-eabi/6.3.1/../../../../arm-none-eabi/lib/thumb/v6-m\libc.a(lib_a-dtoa.o)
 .text._dtoa_r  0x10046cdc      0xf88 c:/program files (x86)/gnu tools arm embedded/6 2017-q2-update/bin/../lib/gcc/arm-none-eabi/6.3.1/../../../../arm-none-eabi/lib/thumb/v6-m\libc.a(lib_a-dtoa.o)
                0x10046cdc                _dtoa_r
 .text.__sflags
                0x10047c64       0x9c c:/program files (x86)/gnu tools arm embedded/6 2017-q2-update/bin/../lib/gcc/arm-none-eabi/6.3.1/../../../../arm-none-eabi/lib/thumb/v6-m\libc.a(lib_a-flags.o)
                0x10047c64                __sflags
 .text._isatty_r
                0x10047d00       0x24 c:/program files (x86)/gnu tools arm embedded/6 2017-q2-update/bin/../lib/gcc/arm-none-eabi/6.3.1/../../../../arm-none-eabi/lib/thumb/v6-m\libc.a(lib_a-isattyr.o)
                0x10047d00                _isatty_r
 .text.__locale_mb_cur_max
                0x10047d24       0x20 c:/program files (x86)/gnu tools arm embedded/6 2017-q2-update/bin/../lib/gcc/arm-none-eabi/6.3.1/../../../../arm-none-eabi/lib/thumb/v6-m\libc.a(lib_a-locale.o)
                0x10047d24                __locale_mb_cur_max
 .text._localeconv_r
                0x10047d44       0x1c c:/program files (x86)/gnu tools arm embedded/6 2017-q2-update/bin/../lib/gcc/arm-none-eabi/6.3.1/../../../../arm-none-eabi/lib/thumb/v6-m\libc.a(lib_a-localeconv.o)
                0x10047d44                _localeconv_r
 .text._lseek_r
                0x10047d60       0x28 c:/program files (x86)/gnu tools arm embedded/6 2017-q2-update/bin/../lib/gcc/arm-none-eabi/6.3.1/../../../../arm-none-eabi/lib/thumb/v6-m\libc.a(lib_a-lseekr.o)
                0x10047d60                _lseek_r
 .text.__ascii_mbtowc
                0x10047d88       0x2c c:/program files (x86)/gnu tools arm embedded/6 2017-q2-update/bin/../lib/gcc/arm-none-eabi/6.3.1/../../../../arm-none-eabi/lib/thumb/v6-m\libc.a(lib_a-mbtowc_r.o)
                0x10047d88                __ascii_mbtowc
 .text._Balloc  0x10047db4       0x50 c:/program files (x86)/gnu tools arm embedded/6 2017-q2-update/bin/../lib/gcc/arm-none-eabi/6.3.1/../../../../arm-none-eabi/lib/thumb/v6-m\libc.a(lib_a-mprec.o)
                0x10047db4                _Balloc
 .text._Bfree   0x10047e04       0x14 c:/program files (x86)/gnu tools arm embedded/6 2017-q2-update/bin/../lib/gcc/arm-none-eabi/6.3.1/../../../../arm-none-eabi/lib/thumb/v6-m\libc.a(lib_a-mprec.o)
                0x10047e04                _Bfree
 .text.__multadd
                0x10047e18       0x8c c:/program files (x86)/gnu tools arm embedded/6 2017-q2-update/bin/../lib/gcc/arm-none-eabi/6.3.1/../../../../arm-none-eabi/lib/thumb/v6-m\libc.a(lib_a-mprec.o)
                0x10047e18                __multadd
 .text.__hi0bits
                0x10047ea4       0x34 c:/program files (x86)/gnu tools arm embedded/6 2017-q2-update/bin/../lib/gcc/arm-none-eabi/6.3.1/../../../../arm-none-eabi/lib/thumb/v6-m\libc.a(lib_a-mprec.o)
                0x10047ea4                __hi0bits
 .text.__lo0bits
                0x10047ed8       0x5c c:/program files (x86)/gnu tools arm embedded/6 2017-q2-update/bin/../lib/gcc/arm-none-eabi/6.3.1/../../../../arm-none-eabi/lib/thumb/v6-m\libc.a(lib_a-mprec.o)
                0x10047ed8                __lo0bits
 .text.__i2b    0x10047f34       0x14 c:/program files (x86)/gnu tools arm embedded/6 2017-q2-update/bin/../lib/gcc/arm-none-eabi/6.3.1/../../../../arm-none-eabi/lib/thumb/v6-m\libc.a(lib_a-mprec.o)
                0x10047f34                __i2b
 .text.__multiply
                0x10047f48      0x154 c:/program files (x86)/gnu tools arm embedded/6 2017-q2-update/bin/../lib/gcc/arm-none-eabi/6.3.1/../../../../arm-none-eabi/lib/thumb/v6-m\libc.a(lib_a-mprec.o)
                0x10047f48                __multiply
 .text.__pow5mult
                0x1004809c       0xc0 c:/program files (x86)/gnu tools arm embedded/6 2017-q2-update/bin/../lib/gcc/arm-none-eabi/6.3.1/../../../../arm-none-eabi/lib/thumb/v6-m\libc.a(lib_a-mprec.o)
                0x1004809c                __pow5mult
 .text.__lshift
                0x1004815c       0xc0 c:/program files (x86)/gnu tools arm embedded/6 2017-q2-update/bin/../lib/gcc/arm-none-eabi/6.3.1/../../../../arm-none-eabi/lib/thumb/v6-m\libc.a(lib_a-mprec.o)
                0x1004815c                __lshift
 .text.__mcmp   0x1004821c       0x34 c:/program files (x86)/gnu tools arm embedded/6 2017-q2-update/bin/../lib/gcc/arm-none-eabi/6.3.1/../../../../arm-none-eabi/lib/thumb/v6-m\libc.a(lib_a-mprec.o)
                0x1004821c                __mcmp
 .text.__mdiff  0x10048250      0x138 c:/program files (x86)/gnu tools arm embedded/6 2017-q2-update/bin/../lib/gcc/arm-none-eabi/6.3.1/../../../../arm-none-eabi/lib/thumb/v6-m\libc.a(lib_a-mprec.o)
                0x10048250                __mdiff
 .text.__d2b    0x10048388       0xbc c:/program files (x86)/gnu tools arm embedded/6 2017-q2-update/bin/../lib/gcc/arm-none-eabi/6.3.1/../../../../arm-none-eabi/lib/thumb/v6-m\libc.a(lib_a-mprec.o)
                0x10048388                __d2b
 .text._read_r  0x10048444       0x28 c:/program files (x86)/gnu tools arm embedded/6 2017-q2-update/bin/../lib/gcc/arm-none-eabi/6.3.1/../../../../arm-none-eabi/lib/thumb/v6-m\libc.a(lib_a-readr.o)
                0x10048444                _read_r
 .text.__ssprint_r
                0x1004846c      0x120 c:/program files (x86)/gnu tools arm embedded/6 2017-q2-update/bin/../lib/gcc/arm-none-eabi/6.3.1/../../../../arm-none-eabi/lib/thumb/v6-m\libc.a(lib_a-svfiprintf.o)
                0x1004846c                __ssprint_r
 .text.__sprint_r.part.0
                0x1004858c       0x84 c:/program files (x86)/gnu tools arm embedded/6 2017-q2-update/bin/../lib/gcc/arm-none-eabi/6.3.1/../../../../arm-none-eabi/lib/thumb/v6-m\libc.a(lib_a-vfiprintf.o)
 .text.__sprint_r
                0x10048610       0x14 c:/program files (x86)/gnu tools arm embedded/6 2017-q2-update/bin/../lib/gcc/arm-none-eabi/6.3.1/../../../../arm-none-eabi/lib/thumb/v6-m\libc.a(lib_a-vfiprintf.o)
                0x10048610                __sprint_r
 .text.__ascii_wctomb
                0x10048624       0x1c c:/program files (x86)/gnu tools arm embedded/6 2017-q2-update/bin/../lib/gcc/arm-none-eabi/6.3.1/../../../../arm-none-eabi/lib/thumb/v6-m\libc.a(lib_a-wctomb_r.o)
                0x10048624                __ascii_wctomb
 .text.__fputwc
                0x10048640       0x98 c:/program files (x86)/gnu tools arm embedded/6 2017-q2-update/bin/../lib/gcc/arm-none-eabi/6.3.1/../../../../arm-none-eabi/lib/thumb/v6-m\libc.a(lib_a-fputwc.o)
                0x10048640                __fputwc
 .text._fputwc_r
                0x100486d8       0x5c c:/program files (x86)/gnu tools arm embedded/6 2017-q2-update/bin/../lib/gcc/arm-none-eabi/6.3.1/../../../../arm-none-eabi/lib/thumb/v6-m\libc.a(lib_a-fputwc.o)
                0x100486d8                _fputwc_r
 .text._wcrtomb_r
                0x10048734       0x54 c:/program files (x86)/gnu tools arm embedded/6 2017-q2-update/bin/../lib/gcc/arm-none-eabi/6.3.1/../../../../arm-none-eabi/lib/thumb/v6-m\libc.a(lib_a-wcrtomb.o)
                0x10048734                _wcrtomb_r
 .text          0x10048788      0x114 c:/program files (x86)/gnu tools arm embedded/6 2017-q2-update/bin/../lib/gcc/arm-none-eabi/6.3.1/thumb/v6-m\libgcc.a(_udivsi3.o)
                0x10048788                __aeabi_uidiv
                0x10048788                __udivsi3
                0x10048894                __aeabi_uidivmod
 .text          0x1004889c      0x1d4 c:/program files (x86)/gnu tools arm embedded/6 2017-q2-update/bin/../lib/gcc/arm-none-eabi/6.3.1/thumb/v6-m\libgcc.a(_divsi3.o)
                0x1004889c                __divsi3
                0x1004889c                __aeabi_idiv
                0x10048a68                __aeabi_idivmod
 .text          0x10048a70        0x4 c:/program files (x86)/gnu tools arm embedded/6 2017-q2-update/bin/../lib/gcc/arm-none-eabi/6.3.1/thumb/v6-m\libgcc.a(_dvmd_tls.o)
                0x10048a70                __aeabi_idiv0
                0x10048a70                __aeabi_ldiv0
 .text          0x10048a74       0x18 c:/program files (x86)/gnu tools arm embedded/6 2017-q2-update/bin/../lib/gcc/arm-none-eabi/6.3.1/thumb/v6-m\libgcc.a(_ashldi3.o)
                0x10048a74                __aeabi_llsl
                0x10048a74                __ashldi3
 .text          0x10048a8c       0x7c c:/program files (x86)/gnu tools arm embedded/6 2017-q2-update/bin/../lib/gcc/arm-none-eabi/6.3.1/thumb/v6-m\libgcc.a(_arm_cmpdf2.o)
                0x10048a8c                __aeabi_cdrcmple
                0x10048a9c                __aeabi_cdcmple
                0x10048a9c                __aeabi_cdcmpeq
                0x10048aac                __aeabi_dcmpeq
                0x10048ab8                __aeabi_dcmplt
                0x10048acc                __aeabi_dcmple
                0x10048ae0                __aeabi_dcmpgt
                0x10048af4                __aeabi_dcmpge
 .text          0x10048b08       0x40 c:/program files (x86)/gnu tools arm embedded/6 2017-q2-update/bin/../lib/gcc/arm-none-eabi/6.3.1/thumb/v6-m\libgcc.a(_aeabi_uldivmod.o)
                0x10048b08                __aeabi_uldivmod
 .text          0x10048b48       0x54 c:/program files (x86)/gnu tools arm embedded/6 2017-q2-update/bin/../lib/gcc/arm-none-eabi/6.3.1/thumb/v6-m\libgcc.a(_muldi3.o)
                0x10048b48                __muldi3
                0x10048b48                __aeabi_lmul
 .text          0x10048b9c      0x180 c:/program files (x86)/gnu tools arm embedded/6 2017-q2-update/bin/../lib/gcc/arm-none-eabi/6.3.1/thumb/v6-m\libgcc.a(_udivmoddi4.o)
                0x10048b9c                __udivmoddi4
 .text          0x10048d1c      0x620 c:/program files (x86)/gnu tools arm embedded/6 2017-q2-update/bin/../lib/gcc/arm-none-eabi/6.3.1/thumb/v6-m\libgcc.a(adddf3.o)
                0x10048d1c                __aeabi_dadd
 .text          0x1004933c      0x668 c:/program files (x86)/gnu tools arm embedded/6 2017-q2-update/bin/../lib/gcc/arm-none-eabi/6.3.1/thumb/v6-m\libgcc.a(divdf3.o)
                0x1004933c                __aeabi_ddiv
 .text          0x100499a4       0x74 c:/program files (x86)/gnu tools arm embedded/6 2017-q2-update/bin/../lib/gcc/arm-none-eabi/6.3.1/thumb/v6-m\libgcc.a(eqdf2.o)
                0x100499a4                __nedf2
                0x100499a4                __eqdf2
 .text          0x10049a18       0xc8 c:/program files (x86)/gnu tools arm embedded/6 2017-q2-update/bin/../lib/gcc/arm-none-eabi/6.3.1/thumb/v6-m\libgcc.a(gedf2.o)
                0x10049a18                __gedf2
                0x10049a18                __gtdf2
 .text          0x10049ae0       0xc4 c:/program files (x86)/gnu tools arm embedded/6 2017-q2-update/bin/../lib/gcc/arm-none-eabi/6.3.1/thumb/v6-m\libgcc.a(ledf2.o)
                0x10049ae0                __ledf2
                0x10049ae0                __ltdf2
 .text          0x10049ba4      0x500 c:/program files (x86)/gnu tools arm embedded/6 2017-q2-update/bin/../lib/gcc/arm-none-eabi/6.3.1/thumb/v6-m\libgcc.a(muldf3.o)
                0x10049ba4                __aeabi_dmul
 .text          0x1004a0a4      0x62c c:/program files (x86)/gnu tools arm embedded/6 2017-q2-update/bin/../lib/gcc/arm-none-eabi/6.3.1/thumb/v6-m\libgcc.a(subdf3.o)
                0x1004a0a4                __aeabi_dsub
 .text          0x1004a6d0       0x40 c:/program files (x86)/gnu tools arm embedded/6 2017-q2-update/bin/../lib/gcc/arm-none-eabi/6.3.1/thumb/v6-m\libgcc.a(unorddf2.o)
                0x1004a6d0                __aeabi_dcmpun
 .text          0x1004a710       0x68 c:/program files (x86)/gnu tools arm embedded/6 2017-q2-update/bin/../lib/gcc/arm-none-eabi/6.3.1/thumb/v6-m\libgcc.a(fixdfsi.o)
                0x1004a710                __aeabi_d2iz
 .text          0x1004a778       0x84 c:/program files (x86)/gnu tools arm embedded/6 2017-q2-update/bin/../lib/gcc/arm-none-eabi/6.3.1/thumb/v6-m\libgcc.a(floatsidf.o)
                0x1004a778                __aeabi_i2d
 .text          0x1004a7fc       0x70 c:/program files (x86)/gnu tools arm embedded/6 2017-q2-update/bin/../lib/gcc/arm-none-eabi/6.3.1/thumb/v6-m\libgcc.a(floatunsidf.o)
                0x1004a7fc                __aeabi_ui2d
 .text          0x1004a86c       0x3c c:/program files (x86)/gnu tools arm embedded/6 2017-q2-update/bin/../lib/gcc/arm-none-eabi/6.3.1/thumb/v6-m\libgcc.a(_clzsi2.o)
                0x1004a86c                __clzsi2
 .text          0x1004a8a8       0x18 c:/program files (x86)/gnu tools arm embedded/6 2017-q2-update/bin/../lib/gcc/arm-none-eabi/6.3.1/thumb/v6-m\libgcc.a(_clzdi2.o)
                0x1004a8a8                __clzdi2
 *(.init)
 .init          0x1004a8c0        0x4 c:/program files (x86)/gnu tools arm embedded/6 2017-q2-update/bin/../lib/gcc/arm-none-eabi/6.3.1/thumb/v6-m/crti.o
                0x1004a8c0                _init
 .init          0x1004a8c4        0x8 c:/program files (x86)/gnu tools arm embedded/6 2017-q2-update/bin/../lib/gcc/arm-none-eabi/6.3.1/thumb/v6-m/crtn.o
 *(.fini)
 .fini          0x1004a8cc        0x4 c:/program files (x86)/gnu tools arm embedded/6 2017-q2-update/bin/../lib/gcc/arm-none-eabi/6.3.1/thumb/v6-m/crti.o
                0x1004a8cc                _fini
 .fini          0x1004a8d0        0x8 c:/program files (x86)/gnu tools arm embedded/6 2017-q2-update/bin/../lib/gcc/arm-none-eabi/6.3.1/thumb/v6-m/crtn.o
 *crtbegin.o(.ctors)
 *crtbegin?.o(.ctors)
 *(EXCLUDE_FILE(*crtend.o *crtend?.o) .ctors)
 *(SORT(.ctors.*))
 *(.ctors)
 *crtbegin.o(.dtors)
 *crtbegin?.o(.dtors)
 *(EXCLUDE_FILE(*crtend.o *crtend?.o) .dtors)
 *(SORT(.dtors.*))
 *(.dtors)
 *(.rodata*)
 .rodata.main.str1.1
                0x1004a8d8        0x8 ./BUILD/STEVAL_IDB007V1/GCC_ARM/./main.o
 .rodata._ZTVN4mbed6SerialE
                0x1004a8e0       0x8c ./BUILD/STEVAL_IDB007V1/GCC_ARM/mbed-os/drivers/Serial.o
                0x1004a8e0                vtable for mbed::Serial
 .rodata._ZN4mbed10SerialBase12_irq_handlerEm9SerialIrq.str1.1
                0x1004a96c       0x23 ./BUILD/STEVAL_IDB007V1/GCC_ARM/mbed-os/drivers/SerialBase.o
 *fill*         0x1004a98f        0x1 
 .rodata._ZTVN4mbed10SerialBaseE
                0x1004a990       0x18 ./BUILD/STEVAL_IDB007V1/GCC_ARM/mbed-os/drivers/SerialBase.o
                0x1004a990                vtable for mbed::SerialBase
 .rodata._ZN12SingletonPtrI13PlatformMutexE3getEv.str1.1
                0x1004a9a8       0x36 ./BUILD/STEVAL_IDB007V1/GCC_ARM/mbed-os/features/filesystem/fat/FATFileSystem.o
 .rodata.initialize.part.2.str1.1
                0x1004a9de       0x22 ./BUILD/STEVAL_IDB007V1/GCC_ARM/mbed-os/hal/mbed_ticker_api.o
 .rodata.us_data
                0x1004aa00        0x8 ./BUILD/STEVAL_IDB007V1/GCC_ARM/mbed-os/hal/mbed_us_ticker_api.o
 .rodata.us_interface
                0x1004aa08       0x1c ./BUILD/STEVAL_IDB007V1/GCC_ARM/mbed-os/hal/mbed_us_ticker_api.o
 .rodata._ZTVN4mbed8FileBaseE
                0x1004aa24       0x10 ./BUILD/STEVAL_IDB007V1/GCC_ARM/mbed-os/platform/FileBase.o
                0x1004aa24                vtable for mbed::FileBase
 .rodata._ZTVN4mbed10FileHandleE
                0x1004aa34       0x4c ./BUILD/STEVAL_IDB007V1/GCC_ARM/mbed-os/platform/FileHandle.o
                0x1004aa34                vtable for mbed::FileHandle
 .rodata._ZTVN4mbed8FileLikeE
                0x1004aa80       0x5c ./BUILD/STEVAL_IDB007V1/GCC_ARM/mbed-os/platform/Stream.o
                0x1004aa80                vtable for mbed::FileLike
 .rodata._ZN4mbed6StreamC2EPKc.str1.1
                0x1004aadc       0x22 ./BUILD/STEVAL_IDB007V1/GCC_ARM/mbed-os/platform/Stream.o
 *fill*         0x1004aafe        0x2 
 .rodata._ZTVN4mbed6StreamE
                0x1004ab00       0x6c ./BUILD/STEVAL_IDB007V1/GCC_ARM/mbed-os/platform/Stream.o
                0x1004ab00                vtable for mbed::Stream
 .rodata.mbed_assert_internal.str1.1
                0x1004ab6c       0x31 ./BUILD/STEVAL_IDB007V1/GCC_ARM/mbed-os/platform/mbed_assert.o
 .rodata.core_util_critical_section_enter.str1.1
                0x1004ab9d       0x5d ./BUILD/STEVAL_IDB007V1/GCC_ARM/mbed-os/platform/mbed_critical.o
 *fill*         0x1004abfa        0x2 
 .rodata._ZZ18us_ticker_get_infoE4info
                0x1004abfc        0x8 ./BUILD/STEVAL_IDB007V1/GCC_ARM/mbed-os/platform/mbed_retarget.o
 .rodata.__stderr_name
                0x1004ac04        0x8 ./BUILD/STEVAL_IDB007V1/GCC_ARM/mbed-os/platform/mbed_retarget.o
                0x1004ac04                __stderr_name
 .rodata.__stdin_name
                0x1004ac0c        0x7 ./BUILD/STEVAL_IDB007V1/GCC_ARM/mbed-os/platform/mbed_retarget.o
                0x1004ac0c                __stdin_name
 .rodata.__stdout_name
                0x1004ac13        0x8 ./BUILD/STEVAL_IDB007V1/GCC_ARM/mbed-os/platform/mbed_retarget.o
                0x1004ac13                __stdout_name
 .rodata        0x1004ac1b       0x19 ./BUILD/STEVAL_IDB007V1/GCC_ARM/mbed-os/targets/TARGET_STMBLUE/TARGET_BLUENRG1/TARGET_STEVAL_IDB007V1/device/system_bluenrg1.o
 .rodata._global_impure_ptr
                0x1004ac34        0x4 c:/program files (x86)/gnu tools arm embedded/6 2017-q2-update/bin/../lib/gcc/arm-none-eabi/6.3.1/../../../../arm-none-eabi/lib/thumb/v6-m\libc.a(lib_a-impure.o)
                0x1004ac34                _global_impure_ptr
 .rodata._svfprintf_r
                0x1004ac38      0x164 c:/program files (x86)/gnu tools arm embedded/6 2017-q2-update/bin/../lib/gcc/arm-none-eabi/6.3.1/../../../../arm-none-eabi/lib/thumb/v6-m\libc.a(lib_a-svfprintf.o)
 .rodata._svfprintf_r.str1.4
                0x1004ad9c       0x42 c:/program files (x86)/gnu tools arm embedded/6 2017-q2-update/bin/../lib/gcc/arm-none-eabi/6.3.1/../../../../arm-none-eabi/lib/thumb/v6-m\libc.a(lib_a-svfprintf.o)
 *fill*         0x1004adde        0x2 
 .rodata.blanks.7223
                0x1004ade0       0x10 c:/program files (x86)/gnu tools arm embedded/6 2017-q2-update/bin/../lib/gcc/arm-none-eabi/6.3.1/../../../../arm-none-eabi/lib/thumb/v6-m\libc.a(lib_a-svfprintf.o)
 .rodata.zeroes.7224
                0x1004adf0       0x10 c:/program files (x86)/gnu tools arm embedded/6 2017-q2-update/bin/../lib/gcc/arm-none-eabi/6.3.1/../../../../arm-none-eabi/lib/thumb/v6-m\libc.a(lib_a-svfprintf.o)
 .rodata._vfprintf_r
                0x1004ae00      0x164 c:/program files (x86)/gnu tools arm embedded/6 2017-q2-update/bin/../lib/gcc/arm-none-eabi/6.3.1/../../../../arm-none-eabi/lib/thumb/v6-m\libc.a(lib_a-vfprintf.o)
 .rodata._vfprintf_r.str1.4
                0x1004af64       0x42 c:/program files (x86)/gnu tools arm embedded/6 2017-q2-update/bin/../lib/gcc/arm-none-eabi/6.3.1/../../../../arm-none-eabi/lib/thumb/v6-m\libc.a(lib_a-vfprintf.o)
 .rodata.blanks.7238
                0x1004af64       0x10 c:/program files (x86)/gnu tools arm embedded/6 2017-q2-update/bin/../lib/gcc/arm-none-eabi/6.3.1/../../../../arm-none-eabi/lib/thumb/v6-m\libc.a(lib_a-vfprintf.o)
 .rodata.zeroes.7239
                0x1004af74       0x10 c:/program files (x86)/gnu tools arm embedded/6 2017-q2-update/bin/../lib/gcc/arm-none-eabi/6.3.1/../../../../arm-none-eabi/lib/thumb/v6-m\libc.a(lib_a-vfprintf.o)
 .rodata._dtoa_r.str1.4
                0x1004af84       0x10 c:/program files (x86)/gnu tools arm embedded/6 2017-q2-update/bin/../lib/gcc/arm-none-eabi/6.3.1/../../../../arm-none-eabi/lib/thumb/v6-m\libc.a(lib_a-dtoa.o)
                                 0x12 (size before relaxing)
 .rodata._setlocale_r.str1.4
                0x1004af94        0xa c:/program files (x86)/gnu tools arm embedded/6 2017-q2-update/bin/../lib/gcc/arm-none-eabi/6.3.1/../../../../arm-none-eabi/lib/thumb/v6-m\libc.a(lib_a-locale.o)
                                  0xd (size before relaxing)
 *fill*         0x1004af9e        0x2 
 .rodata.str1.4
                0x1004afa0        0x4 c:/program files (x86)/gnu tools arm embedded/6 2017-q2-update/bin/../lib/gcc/arm-none-eabi/6.3.1/../../../../arm-none-eabi/lib/thumb/v6-m\libc.a(lib_a-locale.o)
                                  0x2 (size before relaxing)
 *fill*         0x1004afa4        0x4 
 .rodata.__mprec_bigtens
                0x1004afa8       0x28 c:/program files (x86)/gnu tools arm embedded/6 2017-q2-update/bin/../lib/gcc/arm-none-eabi/6.3.1/../../../../arm-none-eabi/lib/thumb/v6-m\libc.a(lib_a-mprec.o)
                0x1004afa8                __mprec_bigtens
 .rodata.__mprec_tens
                0x1004afd0       0xc8 c:/program files (x86)/gnu tools arm embedded/6 2017-q2-update/bin/../lib/gcc/arm-none-eabi/6.3.1/../../../../arm-none-eabi/lib/thumb/v6-m\libc.a(lib_a-mprec.o)
                0x1004afd0                __mprec_tens
 .rodata.p05.6055
                0x1004b098        0xc c:/program files (x86)/gnu tools arm embedded/6 2017-q2-update/bin/../lib/gcc/arm-none-eabi/6.3.1/../../../../arm-none-eabi/lib/thumb/v6-m\libc.a(lib_a-mprec.o)
 .rodata._ctype_
                0x1004b0a4      0x101 c:/program files (x86)/gnu tools arm embedded/6 2017-q2-update/bin/../lib/gcc/arm-none-eabi/6.3.1/../../../../arm-none-eabi/lib/thumb/v6-m\libc.a(lib_a-ctype_.o)
                0x1004b0a4                _ctype_
 *fill*         0x1004b1a5        0x3 
 .rodata        0x1004b1a8       0x40 c:/program files (x86)/gnu tools arm embedded/6 2017-q2-update/bin/../lib/gcc/arm-none-eabi/6.3.1/thumb/v6-m\libgcc.a(divdf3.o)
 .rodata        0x1004b1e8       0x40 c:/program files (x86)/gnu tools arm embedded/6 2017-q2-update/bin/../lib/gcc/arm-none-eabi/6.3.1/thumb/v6-m\libgcc.a(muldf3.o)
 *(.eh_frame*)
 .eh_frame      0x1004b228        0x0 c:/program files (x86)/gnu tools arm embedded/6 2017-q2-update/bin/../lib/gcc/arm-none-eabi/6.3.1/thumb/v6-m/crtbegin.o
 .eh_frame      0x1004b228        0x4 c:/program files (x86)/gnu tools arm embedded/6 2017-q2-update/bin/../lib/gcc/arm-none-eabi/6.3.1/thumb/v6-m/crtend.o

.glue_7         0x1004b22c        0x0
 .glue_7        0x1004b22c        0x0 linker stubs

.glue_7t        0x1004b22c        0x0
 .glue_7t       0x1004b22c        0x0 linker stubs

.vfp11_veneer   0x1004b22c        0x0
 .vfp11_veneer  0x1004b22c        0x0 linker stubs

.v4_bx          0x1004b22c        0x0
 .v4_bx         0x1004b22c        0x0 linker stubs

.iplt           0x1004b22c        0x0
 .iplt          0x1004b22c        0x0 c:/program files (x86)/gnu tools arm embedded/6 2017-q2-update/bin/../lib/gcc/arm-none-eabi/6.3.1/thumb/v6-m/crtbegin.o

.ARM.extab
 *(.ARM.extab* .gnu.linkonce.armextab.*)
                0x1004b22c                __exidx_start = .

.ARM.exidx      0x1004b22c        0x8
 *(.ARM.exidx* .gnu.linkonce.armexidx.*)
 .ARM.exidx     0x1004b22c        0x8 c:/program files (x86)/gnu tools arm embedded/6 2017-q2-update/bin/../lib/gcc/arm-none-eabi/6.3.1/../../../../arm-none-eabi/lib/thumb/v6-m/crt0.o
 .ARM.exidx     0x1004b234        0x0 c:/program files (x86)/gnu tools arm embedded/6 2017-q2-update/bin/../lib/gcc/arm-none-eabi/6.3.1/thumb/v6-m\libgcc.a(_udivmoddi4.o)
                                  0x8 (size before relaxing)
                0x1004b234                __exidx_end = .
                0x1004b234                __etext = .
                0x1004b234                _sidata = .

.rel.dyn        0x1004b234        0x0
 .rel.iplt      0x1004b234        0x0 c:/program files (x86)/gnu tools arm embedded/6 2017-q2-update/bin/../lib/gcc/arm-none-eabi/6.3.1/thumb/v6-m/crtbegin.o

.data           0x20000000      0x9c4 load address 0x1004b234
                0x20000000                __data_start__ = .
                0x20000000                _sdata = .
 *(vtable)
 *(.data*)
 .data          0x20000000        0x4 c:/program files (x86)/gnu tools arm embedded/6 2017-q2-update/bin/../lib/gcc/arm-none-eabi/6.3.1/thumb/v6-m/crtbegin.o
                0x20000000                __dso_handle
 .data._ZZ5_sbrkE4heap
                0x20000004        0x4 ./BUILD/STEVAL_IDB007V1/GCC_ARM/mbed-os/platform/mbed_retarget.o
 .data._impure_ptr
                0x20000008        0x4 c:/program files (x86)/gnu tools arm embedded/6 2017-q2-update/bin/../lib/gcc/arm-none-eabi/6.3.1/../../../../arm-none-eabi/lib/thumb/v6-m\libc.a(lib_a-impure.o)
                0x20000008                _impure_ptr
 *fill*         0x2000000c        0x4 
 .data.impure_data
                0x20000010      0x428 c:/program files (x86)/gnu tools arm embedded/6 2017-q2-update/bin/../lib/gcc/arm-none-eabi/6.3.1/../../../../arm-none-eabi/lib/thumb/v6-m\libc.a(lib_a-impure.o)
 .data.__malloc_av_
                0x20000438      0x408 c:/program files (x86)/gnu tools arm embedded/6 2017-q2-update/bin/../lib/gcc/arm-none-eabi/6.3.1/../../../../arm-none-eabi/lib/thumb/v6-m\libc.a(lib_a-mallocr.o)
                0x20000438                __malloc_av_
 .data.__malloc_sbrk_base
                0x20000840        0x4 c:/program files (x86)/gnu tools arm embedded/6 2017-q2-update/bin/../lib/gcc/arm-none-eabi/6.3.1/../../../../arm-none-eabi/lib/thumb/v6-m\libc.a(lib_a-mallocr.o)
                0x20000840                __malloc_sbrk_base
 .data.__malloc_trim_threshold
                0x20000844        0x4 c:/program files (x86)/gnu tools arm embedded/6 2017-q2-update/bin/../lib/gcc/arm-none-eabi/6.3.1/../../../../arm-none-eabi/lib/thumb/v6-m\libc.a(lib_a-mallocr.o)
                0x20000844                __malloc_trim_threshold
 .data.__global_locale
                0x20000848      0x16c c:/program files (x86)/gnu tools arm embedded/6 2017-q2-update/bin/../lib/gcc/arm-none-eabi/6.3.1/../../../../arm-none-eabi/lib/thumb/v6-m\libc.a(lib_a-locale.o)
                0x20000848                __global_locale
                0x200009b4                . = ALIGN (0x4)
                0x200009b4                PROVIDE (__preinit_array_start, .)
 *(.preinit_array)
                0x200009b4                PROVIDE (__preinit_array_end, .)
                0x200009b4                . = ALIGN (0x4)
                0x200009b4                PROVIDE (__init_array_start, .)
 *(SORT(.init_array.*))
 *(.init_array)
 .init_array    0x200009b4        0x4 c:/program files (x86)/gnu tools arm embedded/6 2017-q2-update/bin/../lib/gcc/arm-none-eabi/6.3.1/thumb/v6-m/crtbegin.o
 .init_array    0x200009b8        0x4 ./BUILD/STEVAL_IDB007V1/GCC_ARM/./main.o
                0x200009bc                PROVIDE (__init_array_end, .)
                0x200009bc                . = ALIGN (0x4)
                [!provide]                PROVIDE (__fini_array_start, .)
 *(SORT(.fini_array.*))
 *(.fini_array)
 .fini_array    0x200009bc        0x4 c:/program files (x86)/gnu tools arm embedded/6 2017-q2-update/bin/../lib/gcc/arm-none-eabi/6.3.1/thumb/v6-m/crtbegin.o
                [!provide]                PROVIDE (__fini_array_end, .)
 *(.jcr*)
 .jcr           0x200009c0        0x0 c:/program files (x86)/gnu tools arm embedded/6 2017-q2-update/bin/../lib/gcc/arm-none-eabi/6.3.1/thumb/v6-m/crtbegin.o
 .jcr           0x200009c0        0x4 c:/program files (x86)/gnu tools arm embedded/6 2017-q2-update/bin/../lib/gcc/arm-none-eabi/6.3.1/thumb/v6-m/crtend.o
                0x200009c4                . = ALIGN (0x4)
                0x200009c4                __data_end__ = .
                0x200009c4                _edata = .

.igot.plt       0x200009c4        0x0 load address 0x1004bbf8